[gossip_cmp_gossip_weighted] nodes=36 coverage max=9 mode=gossip_weighted steps=390
[gossip_cmp_gossip_weighted] step 000/390 trained 36/36 | hop0: 0.1081 | hop1: 0.0993
[gossip_cmp_gossip_weighted] step 010/390 trained 36/36 | hop0: 0.0637 | hop1: 0.0773
[gossip_cmp_gossip_weighted] step 020/390 trained 36/36 | hop0: 0.0629 | hop1: 0.0578 | hop2: 0.0585
[gossip_cmp_gossip_weighted] step 030/390 trained 36/36 | hop0: 0.0457 | hop1: 0.0507 | hop2: 0.0708
[gossip_cmp_gossip_weighted] step 040/390 trained 36/36 | hop0: 0.0344 | hop1: 0.0388 | hop2: 0.0497
[gossip_cmp_gossip_weighted] step 050/390 trained 36/36 | hop0: 0.0314 | hop1: 0.0251 | hop2: 0.0311
[gossip_cmp_gossip_weighted] step 060/390 trained 36/36 | hop0: 0.0186 | hop1: 0.0207 | hop2: 0.0278
[gossip_cmp_gossip_weighted] step 070/390 trained 36/36 | hop0: 0.0129 | hop1: 0.0166 | hop2: 0.0270
[gossip_cmp_gossip_weighted] step 080/390 trained 36/36 | hop0: 0.0088 | hop1: 0.0136 | hop2: 0.0400
[gossip_cmp_gossip_weighted] step 090/390 trained 36/36 | hop0: 0.0112 | hop1: 0.0113
[gossip_cmp_gossip_weighted] step 100/390 trained 36/36 | hop0: 0.0070 | hop1: 0.0136 | hop2: 0.0217
[gossip_cmp_gossip_weighted] step 110/390 trained 36/36 | hop0: 0.0101 | hop1: 0.0203 | hop2: 0.0601
[gossip_cmp_gossip_weighted] step 120/390 trained 36/36 | hop0: 0.0170 | hop1: 0.0329 | hop2: 0.0661
[gossip_cmp_gossip_weighted] step 130/390 trained 36/36 | hop0: 0.0133 | hop1: 0.0425 | hop2: 0.0629
[gossip_cmp_gossip_weighted] step 140/390 trained 36/36 | hop0: 0.0039 | hop1: 0.0309 | hop2: 0.0430
[gossip_cmp_gossip_weighted] step 150/390 trained 36/36 | hop0: 0.0034 | hop1: 0.0121 | hop2: 0.0658
[gossip_cmp_gossip_weighted] step 160/390 trained 36/36 | hop0: 0.0078 | hop1: 0.0068 | hop2: 0.0268
[gossip_cmp_gossip_weighted] step 170/390 trained 36/36 | hop0: 0.0034 | hop1: 0.0050 | hop2: 0.0109
[gossip_cmp_gossip_weighted] step 180/390 trained 36/36 | hop0: 0.0024 | hop1: 0.0049 | hop2: 0.0110
[gossip_cmp_gossip_weighted] step 190/390 trained 36/36 | hop0: 0.0029 | hop1: 0.0070 | hop2: 0.0170
[gossip_cmp_gossip_weighted] step 200/390 trained 36/36 | hop0: 0.0028 | hop1: 0.0048 | hop2: 0.0124
[gossip_cmp_gossip_weighted] step 210/390 trained 36/36 | hop0: 0.0030 | hop1: 0.0056 | hop2: 0.0054
[gossip_cmp_gossip_weighted] step 220/390 trained 36/36 | hop0: 0.0029 | hop1: 0.0034
[gossip_cmp_gossip_weighted] step 230/390 trained 36/36 | hop0: 0.0025 | hop1: 0.0044 | hop2: 0.0048
[gossip_cmp_gossip_weighted] step 240/390 trained 36/36 | hop0: 0.0029 | hop1: 0.0071 | hop2: 0.0100
[gossip_cmp_gossip_weighted] step 250/390 trained 36/36 | hop0: 0.0045 | hop1: 0.0108 | hop2: 0.0123
[gossip_cmp_gossip_weighted] step 260/390 trained 36/36 | hop0: 0.0075 | hop1: 0.0076
[gossip_cmp_gossip_weighted] step 270/390 trained 36/36 | hop0: 0.0062 | hop1: 0.0128 | hop2: 0.0442
[gossip_cmp_gossip_weighted] step 280/390 trained 36/36 | hop0: 0.0055 | hop1: 0.0138
[gossip_cmp_gossip_weighted] step 290/390 trained 36/36 | hop0: 0.0136 | hop1: 0.0121 | hop2: 0.0244
[gossip_cmp_gossip_weighted] step 300/390 trained 36/36 | hop0: 0.0146 | hop1: 0.0056 | hop2: 0.0171
[gossip_cmp_gossip_weighted] step 310/390 trained 36/36 | hop0: 0.0095 | hop1: 0.0028 | hop2: 0.0063
[gossip_cmp_gossip_weighted] step 320/390 trained 36/36 | hop0: 0.0020 | hop1: 0.0015 | hop2: 0.0009
[gossip_cmp_gossip_weighted] step 330/390 trained 36/36 | hop0: 0.0023 | hop1: 0.0009 | hop2: 0.0004
[gossip_cmp_gossip_weighted] step 340/390 trained 36/36 | hop0: 0.0049 | hop1: 0.0019
[gossip_cmp_gossip_weighted] step 350/390 trained 36/36 | hop0: 0.0101 | hop1: 0.0044 | hop2: 0.0013
[gossip_cmp_gossip_weighted] step 360/390 trained 36/36 | hop0: 0.0039 | hop1: 0.0147 | hop2: 0.0134
[gossip_cmp_gossip_weighted] step 370/390 trained 36/36 | hop0: 0.0027 | hop1: 0.0192 | hop2: 0.0375
[gossip_cmp_gossip_weighted] step 380/390 trained 36/36 | hop0: 0.0066 | hop1: 0.0226 | hop2: 0.0470
[gossip_cmp_gossip_weighted] mean MSE (last 50 steps): 0.0172 | cert-MSE r=-0.439
[gossip_cmp_gossip_weighted] saved runs\chapter5_v2\s5_5_gossip_gossip_weighted\gossip_cmp_gossip_weighted\figures\results.png

### gossip_cmp_gossip_weighted: last50=0.0172 whole_run=0.0206 r=-0.4386
    comm_bytes_total=146,109,292,400 (146109.29 MB over the run) mean/step=374,639,211 bytes
[gossip_cmp_gossip_weighted_seed1042] nodes=36 coverage max=9 mode=gossip_weighted steps=390
[gossip_cmp_gossip_weighted_seed1042] step 000/390 trained 36/36 | hop0: 0.0928 | hop1: 0.1053
[gossip_cmp_gossip_weighted_seed1042] step 010/390 trained 36/36 | hop0: 0.0727 | hop1: 0.0773 | hop2: 0.1368
[gossip_cmp_gossip_weighted_seed1042] step 020/390 trained 36/36 | hop0: 0.0501 | hop1: 0.0557
[gossip_cmp_gossip_weighted_seed1042] step 030/390 trained 36/36 | hop0: 0.0554 | hop1: 0.0515 | hop2: 0.0534
[gossip_cmp_gossip_weighted_seed1042] step 040/390 trained 36/36 | hop0: 0.0371 | hop1: 0.0381 | hop2: 0.0532
[gossip_cmp_gossip_weighted_seed1042] step 050/390 trained 36/36 | hop0: 0.0271 | hop1: 0.0231 | hop2: 0.0344
[gossip_cmp_gossip_weighted_seed1042] step 060/390 trained 36/36 | hop0: 0.0229 | hop1: 0.0205 | hop2: 0.0319
[gossip_cmp_gossip_weighted_seed1042] step 070/390 trained 36/36 | hop0: 0.0137 | hop1: 0.0142 | hop2: 0.0293
[gossip_cmp_gossip_weighted_seed1042] step 080/390 trained 36/36 | hop0: 0.0082 | hop1: 0.0138 | hop2: 0.0463
[gossip_cmp_gossip_weighted_seed1042] step 090/390 trained 36/36 | hop0: 0.0092 | hop1: 0.0102 | hop2: 0.0220
[gossip_cmp_gossip_weighted_seed1042] step 100/390 trained 36/36 | hop0: 0.0058 | hop1: 0.0081
[gossip_cmp_gossip_weighted_seed1042] step 110/390 trained 36/36 | hop0: 0.0055 | hop1: 0.0052 | hop2: 0.0131
[gossip_cmp_gossip_weighted_seed1042] step 120/390 trained 36/36 | hop0: 0.0078 | hop1: 0.0083 | hop2: 0.0325
[gossip_cmp_gossip_weighted_seed1042] step 130/390 trained 36/36 | hop0: 0.0125 | hop1: 0.0168 | hop2: 0.0355
[gossip_cmp_gossip_weighted_seed1042] step 140/390 trained 36/36 | hop0: 0.0155 | hop1: 0.0124 | hop2: 0.0299
[gossip_cmp_gossip_weighted_seed1042] step 150/390 trained 36/36 | hop0: 0.0120 | hop1: 0.0113 | hop2: 0.0206
[gossip_cmp_gossip_weighted_seed1042] step 160/390 trained 36/36 | hop0: 0.0053 | hop1: 0.0081 | hop2: 0.0307
[gossip_cmp_gossip_weighted_seed1042] step 170/390 trained 36/36 | hop0: 0.0058 | hop1: 0.0146 | hop2: 0.0326
[gossip_cmp_gossip_weighted_seed1042] step 180/390 trained 36/36 | hop0: 0.0066 | hop1: 0.0120 | hop2: 0.0256
[gossip_cmp_gossip_weighted_seed1042] step 190/390 trained 36/36 | hop0: 0.0084 | hop1: 0.0111
[gossip_cmp_gossip_weighted_seed1042] step 200/390 trained 36/36 | hop0: 0.0067 | hop1: 0.0082 | hop2: 0.0113
[gossip_cmp_gossip_weighted_seed1042] step 210/390 trained 36/36 | hop0: 0.0033 | hop1: 0.0080
[gossip_cmp_gossip_weighted_seed1042] step 220/390 trained 36/36 | hop0: 0.0058 | hop1: 0.0049 | hop2: 0.0073
[gossip_cmp_gossip_weighted_seed1042] step 230/390 trained 36/36 | hop0: 0.0093 | hop1: 0.0063 | hop2: 0.0097
[gossip_cmp_gossip_weighted_seed1042] step 240/390 trained 36/36 | hop0: 0.0054 | hop1: 0.0178 | hop2: 0.0270
[gossip_cmp_gossip_weighted_seed1042] step 250/390 trained 36/36 | hop0: 0.0049 | hop1: 0.0129 | hop2: 0.0453
[gossip_cmp_gossip_weighted_seed1042] step 260/390 trained 36/36 | hop0: 0.0062 | hop1: 0.0134 | hop2: 0.0432
[gossip_cmp_gossip_weighted_seed1042] step 270/390 trained 36/36 | hop0: 0.0085 | hop1: 0.0169
[gossip_cmp_gossip_weighted_seed1042] step 280/390 trained 36/36 | hop0: 0.0046 | hop1: 0.0083
[gossip_cmp_gossip_weighted_seed1042] step 290/390 trained 36/36 | hop0: 0.0015 | hop1: 0.0099
[gossip_cmp_gossip_weighted_seed1042] step 300/390 trained 36/36 | hop0: 0.0031 | hop1: 0.0094 | hop2: 0.0098
[gossip_cmp_gossip_weighted_seed1042] step 310/390 trained 36/36 | hop0: 0.0031 | hop1: 0.0066 | hop2: 0.0090
[gossip_cmp_gossip_weighted_seed1042] step 320/390 trained 36/36 | hop0: 0.0023 | hop1: 0.0021 | hop2: 0.0016
[gossip_cmp_gossip_weighted_seed1042] step 330/390 trained 36/36 | hop0: 0.0007 | hop1: 0.0006 | hop2: 0.0010
[gossip_cmp_gossip_weighted_seed1042] step 340/390 trained 36/36 | hop0: 0.0019 | hop1: 0.0039 | hop2: 0.0026
[gossip_cmp_gossip_weighted_seed1042] step 350/390 trained 36/36 | hop0: 0.0016 | hop1: 0.0108 | hop2: 0.0156
[gossip_cmp_gossip_weighted_seed1042] step 360/390 trained 36/36 | hop0: 0.0017 | hop1: 0.0102 | hop2: 0.0565
[gossip_cmp_gossip_weighted_seed1042] step 370/390 trained 36/36 | hop0: 0.0043 | hop1: 0.0252 | hop2: 0.0607
[gossip_cmp_gossip_weighted_seed1042] step 380/390 trained 36/36 | hop0: 0.0058 | hop1: 0.0189 | hop2: 0.0478
[gossip_cmp_gossip_weighted_seed1042] mean MSE (last 50 steps): 0.0171 | cert-MSE r=-0.093
[gossip_cmp_gossip_weighted_seed1042] saved runs\chapter5_v2\s5_5_gossip_gossip_weighted\gossip_cmp_gossip_weighted_seed1042\figures\results.png

### gossip_cmp_gossip_weighted_seed1042: last50=0.0171 whole_run=0.0192 r=-0.0928
    comm_bytes_total=143,458,716,480 (143458.72 MB over the run) mean/step=367,842,863 bytes
[gossip_cmp_gossip_weighted_seed2042] nodes=36 coverage max=9 mode=gossip_weighted steps=390
[gossip_cmp_gossip_weighted_seed2042] step 000/390 trained 36/36 | hop0: 0.0980 | hop1: 0.0842 | hop2: 0.0966
[gossip_cmp_gossip_weighted_seed2042] step 010/390 trained 36/36 | hop0: 0.0868 | hop1: 0.0866 | hop2: 0.0788
[gossip_cmp_gossip_weighted_seed2042] step 020/390 trained 36/36 | hop0: 0.0661 | hop1: 0.0620 | hop2: 0.0641
[gossip_cmp_gossip_weighted_seed2042] step 030/390 trained 36/36 | hop0: 0.0543 | hop1: 0.0406 | hop2: 0.0495
[gossip_cmp_gossip_weighted_seed2042] step 040/390 trained 36/36 | hop0: 0.0311 | hop1: 0.0404 | hop2: 0.0488
[gossip_cmp_gossip_weighted_seed2042] step 050/390 trained 36/36 | hop0: 0.0323 | hop1: 0.0296 | hop2: 0.0301 | hop3: 0.0415
[gossip_cmp_gossip_weighted_seed2042] step 060/390 trained 36/36 | hop0: 0.0212 | hop1: 0.0207 | hop2: 0.0357
[gossip_cmp_gossip_weighted_seed2042] step 070/390 trained 36/36 | hop0: 0.0201 | hop1: 0.0227 | hop2: 0.0447
[gossip_cmp_gossip_weighted_seed2042] step 080/390 trained 36/36 | hop0: 0.0140 | hop1: 0.0204 | hop2: 0.0442
[gossip_cmp_gossip_weighted_seed2042] step 090/390 trained 36/36 | hop0: 0.0086 | hop1: 0.0102 | hop2: 0.0245
[gossip_cmp_gossip_weighted_seed2042] step 100/390 trained 36/36 | hop0: 0.0065 | hop1: 0.0079 | hop2: 0.0081
[gossip_cmp_gossip_weighted_seed2042] step 110/390 trained 36/36 | hop0: 0.0055 | hop1: 0.0067 | hop2: 0.0097
[gossip_cmp_gossip_weighted_seed2042] step 120/390 trained 36/36 | hop0: 0.0058 | hop1: 0.0185
[gossip_cmp_gossip_weighted_seed2042] step 130/390 trained 36/36 | hop0: 0.0046 | hop1: 0.0271 | hop2: 0.1340
[gossip_cmp_gossip_weighted_seed2042] step 140/390 trained 36/36 | hop0: 0.0077 | hop1: 0.0320 | hop2: 0.1224
[gossip_cmp_gossip_weighted_seed2042] step 150/390 trained 36/36 | hop0: 0.0041 | hop1: 0.0263 | hop2: 0.0818
[gossip_cmp_gossip_weighted_seed2042] step 160/390 trained 36/36 | hop0: 0.0060 | hop1: 0.0160 | hop2: 0.0337
[gossip_cmp_gossip_weighted_seed2042] step 170/390 trained 36/36 | hop0: 0.0045 | hop1: 0.0125 | hop2: 0.0197
[gossip_cmp_gossip_weighted_seed2042] step 180/390 trained 36/36 | hop0: 0.0054 | hop1: 0.0066 | hop2: 0.0061
[gossip_cmp_gossip_weighted_seed2042] step 190/390 trained 36/36 | hop0: 0.0050 | hop1: 0.0075 | hop2: 0.0032
[gossip_cmp_gossip_weighted_seed2042] step 200/390 trained 36/36 | hop0: 0.0030 | hop1: 0.0085
[gossip_cmp_gossip_weighted_seed2042] step 210/390 trained 36/36 | hop0: 0.0031 | hop1: 0.0108
[gossip_cmp_gossip_weighted_seed2042] step 220/390 trained 36/36 | hop0: 0.0028 | hop1: 0.0083 | hop2: 0.0318
[gossip_cmp_gossip_weighted_seed2042] step 230/390 trained 36/36 | hop0: 0.0036 | hop1: 0.0145 | hop2: 0.0472
[gossip_cmp_gossip_weighted_seed2042] step 240/390 trained 36/36 | hop0: 0.0082 | hop1: 0.0199 | hop2: 0.0429
[gossip_cmp_gossip_weighted_seed2042] step 250/390 trained 36/36 | hop0: 0.0090 | hop1: 0.0179 | hop2: 0.0341
[gossip_cmp_gossip_weighted_seed2042] step 260/390 trained 36/36 | hop0: 0.0177 | hop1: 0.0155 | hop2: 0.0423
[gossip_cmp_gossip_weighted_seed2042] step 270/390 trained 36/36 | hop0: 0.0070 | hop1: 0.0239 | hop2: 0.0599 | hop3: 0.0911
[gossip_cmp_gossip_weighted_seed2042] step 280/390 trained 36/36 | hop0: 0.0095 | hop1: 0.0210 | hop2: 0.0432
[gossip_cmp_gossip_weighted_seed2042] step 290/390 trained 36/36 | hop0: 0.0038 | hop1: 0.0189 | hop2: 0.0295
[gossip_cmp_gossip_weighted_seed2042] step 300/390 trained 36/36 | hop0: 0.0012 | hop1: 0.0053 | hop2: 0.0273 | hop3: 0.0192
[gossip_cmp_gossip_weighted_seed2042] step 310/390 trained 36/36 | hop0: 0.0011 | hop1: 0.0050 | hop2: 0.0219 | hop3: 0.0119
[gossip_cmp_gossip_weighted_seed2042] step 320/390 trained 36/36 | hop0: 0.0014 | hop1: 0.0022 | hop2: 0.0065
[gossip_cmp_gossip_weighted_seed2042] step 330/390 trained 36/36 | hop0: 0.0012 | hop1: 0.0006 | hop2: 0.0007 | hop3: 0.0006
[gossip_cmp_gossip_weighted_seed2042] step 340/390 trained 36/36 | hop0: 0.0009 | hop1: 0.0030 | hop2: 0.0108 | hop3: 0.0121
[gossip_cmp_gossip_weighted_seed2042] step 350/390 trained 36/36 | hop0: 0.0017 | hop1: 0.0071 | hop2: 0.0301 | hop3: 0.0351
[gossip_cmp_gossip_weighted_seed2042] step 360/390 trained 36/36 | hop0: 0.0024 | hop1: 0.0091 | hop2: 0.0570
[gossip_cmp_gossip_weighted_seed2042] step 370/390 trained 36/36 | hop0: 0.0037 | hop1: 0.0131 | hop2: 0.0737
[gossip_cmp_gossip_weighted_seed2042] step 380/390 trained 36/36 | hop0: 0.0059 | hop1: 0.0099 | hop2: 0.0337
[gossip_cmp_gossip_weighted_seed2042] mean MSE (last 50 steps): 0.0157 | cert-MSE r=-0.123
[gossip_cmp_gossip_weighted_seed2042] saved runs\chapter5_v2\s5_5_gossip_gossip_weighted\gossip_cmp_gossip_weighted_seed2042\figures\results.png

### gossip_cmp_gossip_weighted_seed2042: last50=0.0157 whole_run=0.0218 r=-0.1228
    comm_bytes_total=150,095,296,800 (150095.30 MB over the run) mean/step=384,859,735 bytes
[gossip_cmp_gossip_weighted_seed3042] nodes=36 coverage max=9 mode=gossip_weighted steps=390
[gossip_cmp_gossip_weighted_seed3042] step 000/390 trained 36/36 | hop0: 0.0953 | hop1: 0.0921 | hop2: 0.1597
[gossip_cmp_gossip_weighted_seed3042] step 010/390 trained 36/36 | hop0: 0.0678 | hop1: 0.0892
[gossip_cmp_gossip_weighted_seed3042] step 020/390 trained 36/36 | hop0: 0.0656 | hop1: 0.0745
[gossip_cmp_gossip_weighted_seed3042] step 030/390 trained 36/36 | hop0: 0.0594 | hop1: 0.0625
[gossip_cmp_gossip_weighted_seed3042] step 040/390 trained 36/36 | hop0: 0.0418 | hop1: 0.0463
[gossip_cmp_gossip_weighted_seed3042] step 050/390 trained 36/36 | hop0: 0.0253 | hop1: 0.0333 | hop2: 0.0356
[gossip_cmp_gossip_weighted_seed3042] step 060/390 trained 36/36 | hop0: 0.0270 | hop1: 0.0236 | hop2: 0.0363
[gossip_cmp_gossip_weighted_seed3042] step 070/390 trained 36/36 | hop0: 0.0161 | hop1: 0.0194 | hop2: 0.0330
[gossip_cmp_gossip_weighted_seed3042] step 080/390 trained 36/36 | hop0: 0.0101 | hop1: 0.0137 | hop2: 0.0289
[gossip_cmp_gossip_weighted_seed3042] step 090/390 trained 36/36 | hop0: 0.0084 | hop1: 0.0098 | hop2: 0.0148 | hop3: 0.0139
[gossip_cmp_gossip_weighted_seed3042] step 100/390 trained 36/36 | hop0: 0.0069 | hop1: 0.0107 | hop2: 0.0102
[gossip_cmp_gossip_weighted_seed3042] step 110/390 trained 36/36 | hop0: 0.0059 | hop1: 0.0126 | hop2: 0.0293
[gossip_cmp_gossip_weighted_seed3042] step 120/390 trained 36/36 | hop0: 0.0063 | hop1: 0.0159 | hop2: 0.0216
[gossip_cmp_gossip_weighted_seed3042] step 130/390 trained 36/36 | hop0: 0.0098 | hop1: 0.0162 | hop2: 0.0127
[gossip_cmp_gossip_weighted_seed3042] step 140/390 trained 36/36 | hop0: 0.0151 | hop1: 0.0063 | hop2: 0.0071
[gossip_cmp_gossip_weighted_seed3042] step 150/390 trained 36/36 | hop0: 0.0097 | hop1: 0.0052 | hop2: 0.0033
[gossip_cmp_gossip_weighted_seed3042] step 160/390 trained 36/36 | hop0: 0.0101 | hop1: 0.0073 | hop2: 0.0035
[gossip_cmp_gossip_weighted_seed3042] step 170/390 trained 36/36 | hop0: 0.0144 | hop1: 0.0121 | hop2: 0.0041
[gossip_cmp_gossip_weighted_seed3042] step 180/390 trained 36/36 | hop0: 0.0156 | hop1: 0.0153
[gossip_cmp_gossip_weighted_seed3042] step 190/390 trained 36/36 | hop0: 0.0148 | hop1: 0.0141
[gossip_cmp_gossip_weighted_seed3042] step 200/390 trained 36/36 | hop0: 0.0066 | hop1: 0.0135
[gossip_cmp_gossip_weighted_seed3042] step 210/390 trained 36/36 | hop0: 0.0046 | hop1: 0.0115 | hop2: 0.0033
[gossip_cmp_gossip_weighted_seed3042] step 220/390 trained 36/36 | hop0: 0.0051 | hop1: 0.0070 | hop2: 0.0019
[gossip_cmp_gossip_weighted_seed3042] step 230/390 trained 36/36 | hop0: 0.0052 | hop1: 0.0092 | hop2: 0.0065
[gossip_cmp_gossip_weighted_seed3042] step 240/390 trained 36/36 | hop0: 0.0132 | hop1: 0.0139 | hop2: 0.0547
[gossip_cmp_gossip_weighted_seed3042] step 250/390 trained 36/36 | hop0: 0.0141 | hop1: 0.0186 | hop2: 0.0855
[gossip_cmp_gossip_weighted_seed3042] step 260/390 trained 36/36 | hop0: 0.0071 | hop1: 0.0182 | hop2: 0.0714
[gossip_cmp_gossip_weighted_seed3042] step 270/390 trained 36/36 | hop0: 0.0046 | hop1: 0.0123 | hop2: 0.0350
[gossip_cmp_gossip_weighted_seed3042] step 280/390 trained 36/36 | hop0: 0.0018 | hop1: 0.0081 | hop2: 0.0247
[gossip_cmp_gossip_weighted_seed3042] step 290/390 trained 36/36 | hop0: 0.0048 | hop1: 0.0098
[gossip_cmp_gossip_weighted_seed3042] step 300/390 trained 36/36 | hop0: 0.0032 | hop1: 0.0080 | hop2: 0.0056
[gossip_cmp_gossip_weighted_seed3042] step 310/390 trained 36/36 | hop0: 0.0011 | hop1: 0.0055 | hop2: 0.0049
[gossip_cmp_gossip_weighted_seed3042] step 320/390 trained 36/36 | hop0: 0.0011 | hop1: 0.0015 | hop2: 0.0016
[gossip_cmp_gossip_weighted_seed3042] step 330/390 trained 36/36 | hop0: 0.0003 | hop1: 0.0003
[gossip_cmp_gossip_weighted_seed3042] step 340/390 trained 36/36 | hop0: 0.0014 | hop1: 0.0027
[gossip_cmp_gossip_weighted_seed3042] step 350/390 trained 36/36 | hop0: 0.0101 | hop1: 0.0056 | hop2: 0.0155
[gossip_cmp_gossip_weighted_seed3042] step 360/390 trained 36/36 | hop0: 0.0082 | hop1: 0.0125 | hop2: 0.0126
[gossip_cmp_gossip_weighted_seed3042] step 370/390 trained 36/36 | hop0: 0.0066 | hop1: 0.0159
[gossip_cmp_gossip_weighted_seed3042] step 380/390 trained 36/36 | hop0: 0.0046 | hop1: 0.0158 | hop2: 0.0276
[gossip_cmp_gossip_weighted_seed3042] mean MSE (last 50 steps): 0.0142 | cert-MSE r=-0.197
[gossip_cmp_gossip_weighted_seed3042] saved runs\chapter5_v2\s5_5_gossip_gossip_weighted\gossip_cmp_gossip_weighted_seed3042\figures\results.png

### gossip_cmp_gossip_weighted_seed3042: last50=0.0142 whole_run=0.0197 r=-0.1971
    comm_bytes_total=143,188,822,640 (143188.82 MB over the run) mean/step=367,150,827 bytes
[gossip_cmp_gossip_weighted_seed4042] nodes=36 coverage max=9 mode=gossip_weighted steps=390
[gossip_cmp_gossip_weighted_seed4042] step 000/390 trained 36/36 | hop0: 0.0888 | hop1: 0.0973 | hop2: 0.1193
[gossip_cmp_gossip_weighted_seed4042] step 010/390 trained 36/36 | hop0: 0.0661 | hop1: 0.0752
[gossip_cmp_gossip_weighted_seed4042] step 020/390 trained 36/36 | hop0: 0.0577 | hop1: 0.0616 | hop2: 0.1121
[gossip_cmp_gossip_weighted_seed4042] step 030/390 trained 36/36 | hop0: 0.0566 | hop1: 0.0519 | hop2: 0.0517
[gossip_cmp_gossip_weighted_seed4042] step 040/390 trained 36/36 | hop0: 0.0386 | hop1: 0.0396 | hop2: 0.0465
[gossip_cmp_gossip_weighted_seed4042] step 050/390 trained 36/36 | hop0: 0.0248 | hop1: 0.0288 | hop2: 0.0453
[gossip_cmp_gossip_weighted_seed4042] step 060/390 trained 36/36 | hop0: 0.0194 | hop1: 0.0197 | hop2: 0.0303
[gossip_cmp_gossip_weighted_seed4042] step 070/390 trained 36/36 | hop0: 0.0160 | hop1: 0.0183 | hop2: 0.0312
[gossip_cmp_gossip_weighted_seed4042] step 080/390 trained 36/36 | hop0: 0.0093 | hop1: 0.0134 | hop2: 0.0323
[gossip_cmp_gossip_weighted_seed4042] step 090/390 trained 36/36 | hop0: 0.0066 | hop1: 0.0106 | hop2: 0.0329 | hop3: 0.0693
[gossip_cmp_gossip_weighted_seed4042] step 100/390 trained 36/36 | hop0: 0.0070 | hop1: 0.0087 | hop2: 0.0335 | hop3: 0.0687
[gossip_cmp_gossip_weighted_seed4042] step 110/390 trained 36/36 | hop0: 0.0070 | hop1: 0.0181 | hop2: 0.0599
[gossip_cmp_gossip_weighted_seed4042] step 120/390 trained 36/36 | hop0: 0.0245 | hop1: 0.0196 | hop2: 0.0564
[gossip_cmp_gossip_weighted_seed4042] step 130/390 trained 36/36 | hop0: 0.0309 | hop1: 0.0225
[gossip_cmp_gossip_weighted_seed4042] step 140/390 trained 36/36 | hop0: 0.0254 | hop1: 0.0168 | hop2: 0.0383
[gossip_cmp_gossip_weighted_seed4042] step 150/390 trained 36/36 | hop0: 0.0177 | hop1: 0.0130 | hop2: 0.0465
[gossip_cmp_gossip_weighted_seed4042] step 160/390 trained 36/36 | hop0: 0.0071 | hop1: 0.0230 | hop2: 0.0571
[gossip_cmp_gossip_weighted_seed4042] step 170/390 trained 36/36 | hop0: 0.0078 | hop1: 0.0163 | hop2: 0.0331
[gossip_cmp_gossip_weighted_seed4042] step 180/390 trained 36/36 | hop0: 0.0065 | hop1: 0.0105 | hop2: 0.0127
[gossip_cmp_gossip_weighted_seed4042] step 190/390 trained 36/36 | hop0: 0.0062 | hop1: 0.0082 | hop2: 0.0097
[gossip_cmp_gossip_weighted_seed4042] step 200/390 trained 36/36 | hop0: 0.0037 | hop1: 0.0075 | hop2: 0.0100
[gossip_cmp_gossip_weighted_seed4042] step 210/390 trained 36/36 | hop0: 0.0035 | hop1: 0.0069 | hop2: 0.0162
[gossip_cmp_gossip_weighted_seed4042] step 220/390 trained 36/36 | hop0: 0.0032 | hop1: 0.0095 | hop2: 0.0368
[gossip_cmp_gossip_weighted_seed4042] step 230/390 trained 36/36 | hop0: 0.0050 | hop1: 0.0123
[gossip_cmp_gossip_weighted_seed4042] step 240/390 trained 36/36 | hop0: 0.0048 | hop1: 0.0145
[gossip_cmp_gossip_weighted_seed4042] step 250/390 trained 36/36 | hop0: 0.0049 | hop1: 0.0130 | hop2: 0.0159
[gossip_cmp_gossip_weighted_seed4042] step 260/390 trained 36/36 | hop0: 0.0093 | hop1: 0.0120 | hop2: 0.0069
[gossip_cmp_gossip_weighted_seed4042] step 270/390 trained 36/36 | hop0: 0.0043 | hop1: 0.0071 | hop2: 0.0014
[gossip_cmp_gossip_weighted_seed4042] step 280/390 trained 36/36 | hop0: 0.0023 | hop1: 0.0066 | hop2: 0.0043
[gossip_cmp_gossip_weighted_seed4042] step 290/390 trained 36/36 | hop0: 0.0021 | hop1: 0.0048 | hop2: 0.0069
[gossip_cmp_gossip_weighted_seed4042] step 300/390 trained 36/36 | hop0: 0.0030 | hop1: 0.0051 | hop2: 0.0046
[gossip_cmp_gossip_weighted_seed4042] step 310/390 trained 36/36 | hop0: 0.0013 | hop1: 0.0049 | hop2: 0.0094
[gossip_cmp_gossip_weighted_seed4042] step 320/390 trained 36/36 | hop0: 0.0007 | hop1: 0.0022 | hop2: 0.0018
[gossip_cmp_gossip_weighted_seed4042] step 330/390 trained 36/36 | hop0: 0.0004 | hop1: 0.0004 | hop2: 0.0002
[gossip_cmp_gossip_weighted_seed4042] step 340/390 trained 36/36 | hop0: 0.0040 | hop1: 0.0017 | hop2: 0.0006
[gossip_cmp_gossip_weighted_seed4042] step 350/390 trained 36/36 | hop0: 0.0117 | hop1: 0.0046 | hop2: 0.0009
[gossip_cmp_gossip_weighted_seed4042] step 360/390 trained 36/36 | hop0: 0.0128 | hop1: 0.0087
[gossip_cmp_gossip_weighted_seed4042] step 370/390 trained 36/36 | hop0: 0.0048 | hop1: 0.0165 | hop2: 0.0449
[gossip_cmp_gossip_weighted_seed4042] step 380/390 trained 36/36 | hop0: 0.0035 | hop1: 0.0140 | hop2: 0.0767
[gossip_cmp_gossip_weighted_seed4042] mean MSE (last 50 steps): 0.0128 | cert-MSE r=-0.422
[gossip_cmp_gossip_weighted_seed4042] saved runs\chapter5_v2\s5_5_gossip_gossip_weighted\gossip_cmp_gossip_weighted_seed4042\figures\results.png

### gossip_cmp_gossip_weighted_seed4042: last50=0.0128 whole_run=0.0207 r=-0.4219
    comm_bytes_total=143,769,172,400 (143769.17 MB over the run) mean/step=368,638,904 bytes

=== gossip_weighted 5-SEED SUMMARY (this invocation, seeds=[42, 1042, 2042, 3042, 4042]) ===
whole_run MSE: mean=0.0204 std=0.0009 values=[np.float64(0.0206), np.float64(0.0192), np.float64(0.0218), np.float64(0.0197), np.float64(0.0207)]
last50 MSE:    mean=0.0154 std=0.0017 values=[np.float64(0.0172), np.float64(0.0171), np.float64(0.0157), np.float64(0.0142), np.float64(0.0128)]
r:             mean=-0.2546 std=0.1474 values=[np.float64(-0.4386), np.float64(-0.0928), np.float64(-0.1228), np.float64(-0.1971), np.float64(-0.4219)]
=== DONE ===
