============================================================================================
V2 GEOMETRY   NAMING: A = RED anchor, B = BLUE anchor, C = STUDENT
  (v1 used A red, C blue, B student -- different, stored separately)
============================================================================================
  A (red anchor)   centre (8, 9)    49 cells
  B (blue anchor)  centre (13, 9)   49 cells
  C (student)      centre (10, 12)  49 cells
  A&B  14  <- EXCLUDED from BOTH anchors' training
  A&C  20   B&C  16   triple  8
  exclusive: A 23   B 27   C 21
  C cells shared with an anchor: 28

ANCHOR TRAINING CONDITIONS (neither at an extreme of [0, 1]):
    A trains at 0.66   (region mean 0.660)
    B trains at 0.36   (region mean 0.360)
    midpoint 0.510 -- a student cell is 'closer to A' above this

PER-CELL FILTER VALUE across C's supervised region:
    col  :      7      8      9     10     11     12     13
    v    :  0.860  0.777  0.693  0.610  0.527  0.443  0.360
    near :      A      A      A      A      A      B      B

split: 20 cells favour A (71.4%), 8 favour B (28.6%)
    crossover (v=0.510) at column 11.20, between cols 11 and 12
    student v range 0.360 .. 0.860;  A inside: True;  B inside: True
    A&B (excluded) 0.527 .. 0.610
  offset field: None
[frozen_seed42] nodes=3 coverage max=3 mode=frozen steps=390
[frozen_seed42] step 000/390 trained 3/3 | hop0: 0.1314 | hop1: 0.1347
[frozen_seed42] step 010/390 trained 3/3 | hop0: 0.0819 | hop1: 0.0884
[frozen_seed42] step 020/390 trained 3/3 | hop0: 0.0790 | hop1: 0.0789
[frozen_seed42] step 030/390 trained 3/3 | hop0: 0.0718 | hop1: 0.0769
[frozen_seed42] step 040/390 trained 3/3 | hop0: 0.0875 | hop1: 0.0857
[frozen_seed42] step 050/390 trained 3/3 | hop0: 0.0829 | hop1: 0.0879
[frozen_seed42] step 060/390 trained 3/3 | hop0: 0.1040 | hop1: 0.1024
[frozen_seed42] step 070/390 trained 3/3 | hop0: 0.1012 | hop1: 0.1006
[frozen_seed42] step 080/390 trained 3/3 | hop0: 0.0962 | hop1: 0.0808
[frozen_seed42] step 090/390 trained 3/3 | hop0: 0.0795 | hop1: 0.0703
[frozen_seed42] step 100/390 trained 3/3 | hop0: 0.0962 | hop1: 0.0858
[frozen_seed42] step 110/390 trained 3/3 | hop0: 0.0662 | hop1: 0.0671
[frozen_seed42] step 120/390 trained 3/3 | hop0: 0.1106 | hop1: 0.0873
[frozen_seed42] step 130/390 trained 3/3 | hop0: 0.0817 | hop1: 0.0760
[frozen_seed42] step 140/390 trained 3/3 | hop0: 0.0908 | hop1: 0.0755
[frozen_seed42] step 150/390 trained 3/3 | hop0: 0.0889 | hop1: 0.1241
[frozen_seed42] step 160/390 trained 3/3 | hop0: 0.0894 | hop1: 0.0745
[frozen_seed42] step 170/390 trained 3/3 | hop0: 0.0995 | hop1: 0.0734
[frozen_seed42] step 180/390 trained 3/3 | hop0: 0.0938 | hop1: 0.0897
[frozen_seed42] step 190/390 trained 3/3 | hop0: 0.0789 | hop1: 0.0768
[frozen_seed42] step 200/390 trained 3/3 | hop0: 0.0637 | hop1: 0.0735
[frozen_seed42] step 210/390 trained 3/3 | hop0: 0.1161 | hop1: 0.0848
[frozen_seed42] step 220/390 trained 3/3 | hop0: 0.0811 | hop1: 0.0761
[frozen_seed42] step 230/390 trained 3/3 | hop0: 0.0902 | hop1: 0.0873
[frozen_seed42] step 240/390 trained 3/3 | hop0: 0.0843 | hop1: 0.0814
[frozen_seed42] step 250/390 trained 3/3 | hop0: 0.1066 | hop1: 0.0779
[frozen_seed42] step 260/390 trained 3/3 | hop0: 0.0873 | hop1: 0.0907
[frozen_seed42] step 270/390 trained 3/3 | hop0: 0.0693 | hop1: 0.0658
[frozen_seed42] step 280/390 trained 3/3 | hop0: 0.0821 | hop1: 0.0581
[frozen_seed42] step 290/390 trained 3/3 | hop0: 0.0901 | hop1: 0.0803
[frozen_seed42] step 300/390 trained 3/3 | hop0: 0.1123 | hop1: 0.1070
[frozen_seed42] step 310/390 trained 3/3 | hop0: 0.0748 | hop1: 0.0750
[frozen_seed42] step 320/390 trained 3/3 | hop0: 0.0839 | hop1: 0.0970
[frozen_seed42] step 330/390 trained 3/3 | hop0: 0.0815 | hop1: 0.0877
[frozen_seed42] step 340/390 trained 3/3 | hop0: 0.0863 | hop1: 0.0654
[frozen_seed42] step 350/390 trained 3/3 | hop0: 0.0956 | hop1: 0.0920
[frozen_seed42] step 360/390 trained 3/3 | hop0: 0.0987 | hop1: 0.0754
[frozen_seed42] step 370/390 trained 3/3 | hop0: 0.0874 | hop1: 0.0860
[frozen_seed42] step 380/390 trained 3/3 | hop0: 0.0730 | hop1: 0.0521
[frozen_seed42] mean MSE (last 50 steps): 0.0919 | cert-MSE r=-0.714
[frozen_seed42] saved runs\chapter5_v2\s5_3_colour_three_node_v3\frozen_seed42\figures\results.png
### frozen_seed42 last50=0.09188
[naive_seed42] nodes=3 coverage max=3 mode=naive steps=390
[naive_seed42] step 000/390 trained 3/3 | hop0: 0.1294 | hop1: 0.1316
[naive_seed42] step 010/390 trained 3/3 | hop0: 0.0673 | hop1: 0.0940
[naive_seed42] step 020/390 trained 3/3 | hop0: 0.0510 | hop1: 0.0826
[naive_seed42] step 030/390 trained 3/3 | hop0: 0.0385 | hop1: 0.0678
[naive_seed42] step 040/390 trained 3/3 | hop0: 0.0371 | hop1: 0.0584
[naive_seed42] step 050/390 trained 3/3 | hop0: 0.0245 | hop1: 0.0452
[naive_seed42] step 060/390 trained 3/3 | hop0: 0.0206 | hop1: 0.0340
[naive_seed42] step 070/390 trained 3/3 | hop0: 0.0189 | hop1: 0.0231
[naive_seed42] step 080/390 trained 3/3 | hop0: 0.0094 | hop1: 0.0106
[naive_seed42] step 090/390 trained 3/3 | hop0: 0.0040 | hop1: 0.0049
[naive_seed42] step 100/390 trained 3/3 | hop0: 0.0034 | hop1: 0.0049
[naive_seed42] step 110/390 trained 3/3 | hop0: 0.0014 | hop1: 0.0045
[naive_seed42] step 120/390 trained 3/3 | hop0: 0.0014 | hop1: 0.0040
[naive_seed42] step 130/390 trained 3/3 | hop0: 0.0012 | hop1: 0.0040
[naive_seed42] step 140/390 trained 3/3 | hop0: 0.0014 | hop1: 0.0026
[naive_seed42] step 150/390 trained 3/3 | hop0: 0.0015 | hop1: 0.0038
[naive_seed42] step 160/390 trained 3/3 | hop0: 0.0010 | hop1: 0.0007
[naive_seed42] step 170/390 trained 3/3 | hop0: 0.0014 | hop1: 0.0009
[naive_seed42] step 180/390 trained 3/3 | hop0: 0.0006 | hop1: 0.0013
[naive_seed42] step 190/390 trained 3/3 | hop0: 0.0006 | hop1: 0.0012
[naive_seed42] step 200/390 trained 3/3 | hop0: 0.0003 | hop1: 0.0016
[naive_seed42] step 210/390 trained 3/3 | hop0: 0.0010 | hop1: 0.0009
[naive_seed42] step 220/390 trained 3/3 | hop0: 0.0009 | hop1: 0.0007
[naive_seed42] step 230/390 trained 3/3 | hop0: 0.0008 | hop1: 0.0004
[naive_seed42] step 240/390 trained 3/3 | hop0: 0.0004 | hop1: 0.0010
[naive_seed42] step 250/390 trained 3/3 | hop0: 0.0009 | hop1: 0.0012
[naive_seed42] step 260/390 trained 3/3 | hop0: 0.0012 | hop1: 0.0015
[naive_seed42] step 270/390 trained 3/3 | hop0: 0.0007 | hop1: 0.0013
[naive_seed42] step 280/390 trained 3/3 | hop0: 0.0004 | hop1: 0.0004
[naive_seed42] step 290/390 trained 3/3 | hop0: 0.0005 | hop1: 0.0009
[naive_seed42] step 300/390 trained 3/3 | hop0: 0.0016 | hop1: 0.0015
[naive_seed42] step 310/390 trained 3/3 | hop0: 0.0006 | hop1: 0.0013
[naive_seed42] step 320/390 trained 3/3 | hop0: 0.0010 | hop1: 0.0006
[naive_seed42] step 330/390 trained 3/3 | hop0: 0.0008 | hop1: 0.0011
[naive_seed42] step 340/390 trained 3/3 | hop0: 0.0008 | hop1: 0.0006
[naive_seed42] step 350/390 trained 3/3 | hop0: 0.0008 | hop1: 0.0008
[naive_seed42] step 360/390 trained 3/3 | hop0: 0.0010 | hop1: 0.0005
[naive_seed42] step 370/390 trained 3/3 | hop0: 0.0006 | hop1: 0.0008
[naive_seed42] step 380/390 trained 3/3 | hop0: 0.0005 | hop1: 0.0005
[naive_seed42] mean MSE (last 50 steps): 0.0006 | cert-MSE r=-0.280
[naive_seed42] saved runs\chapter5_v2\s5_3_colour_three_node_v3\naive_seed42\figures\results.png
### naive_seed42 last50=0.00056
[certainty_seed42] nodes=3 coverage max=3 mode=certainty steps=390
[certainty_seed42] step 000/390 trained 3/3 | hop0: 0.1294 | hop1: 0.1316
[certainty_seed42] step 010/390 trained 3/3 | hop0: 0.0673 | hop1: 0.0940
[certainty_seed42] step 020/390 trained 3/3 | hop0: 0.0510 | hop1: 0.0826
[certainty_seed42] step 030/390 trained 3/3 | hop0: 0.0385 | hop1: 0.0678
[certainty_seed42] step 040/390 trained 3/3 | hop0: 0.0371 | hop1: 0.0584
[certainty_seed42] step 050/390 trained 3/3 | hop0: 0.0245 | hop1: 0.0452
[certainty_seed42] step 060/390 trained 3/3 | hop0: 0.0206 | hop1: 0.0340
[certainty_seed42] step 070/390 trained 3/3 | hop0: 0.0189 | hop1: 0.0231
[certainty_seed42] step 080/390 trained 3/3 | hop0: 0.0094 | hop1: 0.0106
[certainty_seed42] step 090/390 trained 3/3 | hop0: 0.0040 | hop1: 0.0049
[certainty_seed42] step 100/390 trained 3/3 | hop0: 0.0034 | hop1: 0.0049
[certainty_seed42] step 110/390 trained 3/3 | hop0: 0.0014 | hop1: 0.0045
[certainty_seed42] step 120/390 trained 3/3 | hop0: 0.0014 | hop1: 0.0040
[certainty_seed42] step 130/390 trained 3/3 | hop0: 0.0012 | hop1: 0.0040
[certainty_seed42] step 140/390 trained 3/3 | hop0: 0.0014 | hop1: 0.0026
[certainty_seed42] step 150/390 trained 3/3 | hop0: 0.0015 | hop1: 0.0038
[certainty_seed42] step 160/390 trained 3/3 | hop0: 0.0010 | hop1: 0.0007
[certainty_seed42] step 170/390 trained 3/3 | hop0: 0.0014 | hop1: 0.0009
[certainty_seed42] step 180/390 trained 3/3 | hop0: 0.0006 | hop1: 0.0013
[certainty_seed42] step 190/390 trained 3/3 | hop0: 0.0006 | hop1: 0.0012
[certainty_seed42] step 200/390 trained 3/3 | hop0: 0.0003 | hop1: 0.0017
[certainty_seed42] step 210/390 trained 3/3 | hop0: 0.0010 | hop1: 0.0010
[certainty_seed42] step 220/390 trained 3/3 | hop0: 0.0009 | hop1: 0.0007
[certainty_seed42] step 230/390 trained 3/3 | hop0: 0.0009 | hop1: 0.0004
[certainty_seed42] step 240/390 trained 3/3 | hop0: 0.0004 | hop1: 0.0010
[certainty_seed42] step 250/390 trained 3/3 | hop0: 0.0009 | hop1: 0.0012
[certainty_seed42] step 260/390 trained 3/3 | hop0: 0.0012 | hop1: 0.0016
[certainty_seed42] step 270/390 trained 3/3 | hop0: 0.0007 | hop1: 0.0013
[certainty_seed42] step 280/390 trained 3/3 | hop0: 0.0004 | hop1: 0.0004
[certainty_seed42] step 290/390 trained 3/3 | hop0: 0.0005 | hop1: 0.0009
[certainty_seed42] step 300/390 trained 3/3 | hop0: 0.0015 | hop1: 0.0015
[certainty_seed42] step 310/390 trained 3/3 | hop0: 0.0006 | hop1: 0.0013
[certainty_seed42] step 320/390 trained 3/3 | hop0: 0.0011 | hop1: 0.0006
[certainty_seed42] step 330/390 trained 3/3 | hop0: 0.0007 | hop1: 0.0010
[certainty_seed42] step 340/390 trained 3/3 | hop0: 0.0007 | hop1: 0.0006
[certainty_seed42] step 350/390 trained 3/3 | hop0: 0.0007 | hop1: 0.0008
[certainty_seed42] step 360/390 trained 3/3 | hop0: 0.0009 | hop1: 0.0004
[certainty_seed42] step 370/390 trained 3/3 | hop0: 0.0005 | hop1: 0.0007
[certainty_seed42] step 380/390 trained 3/3 | hop0: 0.0004 | hop1: 0.0005
[certainty_seed42] mean MSE (last 50 steps): 0.0005 | cert-MSE r=-0.421
[certainty_seed42] saved runs\chapter5_v2\s5_3_colour_three_node_v3\certainty_seed42\figures\results.png
### certainty_seed42 last50=0.00051
[nig_product_seed42] nodes=3 coverage max=3 mode=nig_product steps=390
[nig_product_seed42] step 000/390 trained 3/3 | hop0: 0.1294 | hop1: 0.1316
[nig_product_seed42] step 010/390 trained 3/3 | hop0: 0.0673 | hop1: 0.0939
[nig_product_seed42] step 020/390 trained 3/3 | hop0: 0.0510 | hop1: 0.0825
[nig_product_seed42] step 030/390 trained 3/3 | hop0: 0.0385 | hop1: 0.0675
[nig_product_seed42] step 040/390 trained 3/3 | hop0: 0.0371 | hop1: 0.0582
[nig_product_seed42] step 050/390 trained 3/3 | hop0: 0.0245 | hop1: 0.0450
[nig_product_seed42] step 060/390 trained 3/3 | hop0: 0.0206 | hop1: 0.0338
[nig_product_seed42] step 070/390 trained 3/3 | hop0: 0.0189 | hop1: 0.0230
[nig_product_seed42] step 080/390 trained 3/3 | hop0: 0.0094 | hop1: 0.0106
[nig_product_seed42] step 090/390 trained 3/3 | hop0: 0.0040 | hop1: 0.0049
[nig_product_seed42] step 100/390 trained 3/3 | hop0: 0.0034 | hop1: 0.0049
[nig_product_seed42] step 110/390 trained 3/3 | hop0: 0.0014 | hop1: 0.0045
[nig_product_seed42] step 120/390 trained 3/3 | hop0: 0.0014 | hop1: 0.0042
[nig_product_seed42] step 130/390 trained 3/3 | hop0: 0.0012 | hop1: 0.0040
[nig_product_seed42] step 140/390 trained 3/3 | hop0: 0.0014 | hop1: 0.0026
[nig_product_seed42] step 150/390 trained 3/3 | hop0: 0.0015 | hop1: 0.0039
[nig_product_seed42] step 160/390 trained 3/3 | hop0: 0.0010 | hop1: 0.0007
[nig_product_seed42] step 170/390 trained 3/3 | hop0: 0.0014 | hop1: 0.0008
[nig_product_seed42] step 180/390 trained 3/3 | hop0: 0.0006 | hop1: 0.0013
[nig_product_seed42] step 190/390 trained 3/3 | hop0: 0.0006 | hop1: 0.0013
[nig_product_seed42] step 200/390 trained 3/3 | hop0: 0.0003 | hop1: 0.0016
[nig_product_seed42] step 210/390 trained 3/3 | hop0: 0.0010 | hop1: 0.0010
[nig_product_seed42] step 220/390 trained 3/3 | hop0: 0.0009 | hop1: 0.0007
[nig_product_seed42] step 230/390 trained 3/3 | hop0: 0.0009 | hop1: 0.0004
[nig_product_seed42] step 240/390 trained 3/3 | hop0: 0.0004 | hop1: 0.0010
[nig_product_seed42] step 250/390 trained 3/3 | hop0: 0.0009 | hop1: 0.0013
[nig_product_seed42] step 260/390 trained 3/3 | hop0: 0.0012 | hop1: 0.0015
[nig_product_seed42] step 270/390 trained 3/3 | hop0: 0.0007 | hop1: 0.0013
[nig_product_seed42] step 280/390 trained 3/3 | hop0: 0.0004 | hop1: 0.0004
[nig_product_seed42] step 290/390 trained 3/3 | hop0: 0.0005 | hop1: 0.0009
[nig_product_seed42] step 300/390 trained 3/3 | hop0: 0.0016 | hop1: 0.0016
[nig_product_seed42] step 310/390 trained 3/3 | hop0: 0.0006 | hop1: 0.0013
[nig_product_seed42] step 320/390 trained 3/3 | hop0: 0.0011 | hop1: 0.0005
[nig_product_seed42] step 330/390 trained 3/3 | hop0: 0.0007 | hop1: 0.0010
[nig_product_seed42] step 340/390 trained 3/3 | hop0: 0.0008 | hop1: 0.0007
[nig_product_seed42] step 350/390 trained 3/3 | hop0: 0.0007 | hop1: 0.0008
[nig_product_seed42] step 360/390 trained 3/3 | hop0: 0.0010 | hop1: 0.0004
[nig_product_seed42] step 370/390 trained 3/3 | hop0: 0.0006 | hop1: 0.0007
[nig_product_seed42] step 380/390 trained 3/3 | hop0: 0.0005 | hop1: 0.0005
[nig_product_seed42] mean MSE (last 50 steps): 0.0006 | cert-MSE r=-0.300
[nig_product_seed42] saved runs\chapter5_v2\s5_3_colour_three_node_v3\nig_product_seed42\figures\results.png
### nig_product_seed42 last50=0.00055
[nig_product_avgtrain_seed42] nodes=3 coverage max=3 mode=nig_product steps=390
[nig_product_avgtrain_seed42] step 000/390 trained 3/3 | hop0: 0.1294 | hop1: 0.1313
[nig_product_avgtrain_seed42] step 010/390 trained 3/3 | hop0: 0.0673 | hop1: 0.0907
[nig_product_avgtrain_seed42] step 020/390 trained 3/3 | hop0: 0.0510 | hop1: 0.0789
[nig_product_avgtrain_seed42] step 030/390 trained 3/3 | hop0: 0.0385 | hop1: 0.0641
[nig_product_avgtrain_seed42] step 040/390 trained 3/3 | hop0: 0.0371 | hop1: 0.0557
[nig_product_avgtrain_seed42] step 050/390 trained 3/3 | hop0: 0.0245 | hop1: 0.0417
[nig_product_avgtrain_seed42] step 060/390 trained 3/3 | hop0: 0.0206 | hop1: 0.0309
[nig_product_avgtrain_seed42] step 070/390 trained 3/3 | hop0: 0.0189 | hop1: 0.0188
[nig_product_avgtrain_seed42] step 080/390 trained 3/3 | hop0: 0.0094 | hop1: 0.0078
[nig_product_avgtrain_seed42] step 090/390 trained 3/3 | hop0: 0.0040 | hop1: 0.0042
[nig_product_avgtrain_seed42] step 100/390 trained 3/3 | hop0: 0.0034 | hop1: 0.0053
[nig_product_avgtrain_seed42] step 110/390 trained 3/3 | hop0: 0.0014 | hop1: 0.0042
[nig_product_avgtrain_seed42] step 120/390 trained 3/3 | hop0: 0.0014 | hop1: 0.0042
[nig_product_avgtrain_seed42] step 130/390 trained 3/3 | hop0: 0.0012 | hop1: 0.0042
[nig_product_avgtrain_seed42] step 140/390 trained 3/3 | hop0: 0.0014 | hop1: 0.0020
[nig_product_avgtrain_seed42] step 150/390 trained 3/3 | hop0: 0.0015 | hop1: 0.0040
[nig_product_avgtrain_seed42] step 160/390 trained 3/3 | hop0: 0.0010 | hop1: 0.0006
[nig_product_avgtrain_seed42] step 170/390 trained 3/3 | hop0: 0.0014 | hop1: 0.0008
[nig_product_avgtrain_seed42] step 180/390 trained 3/3 | hop0: 0.0006 | hop1: 0.0014
[nig_product_avgtrain_seed42] step 190/390 trained 3/3 | hop0: 0.0006 | hop1: 0.0008
[nig_product_avgtrain_seed42] step 200/390 trained 3/3 | hop0: 0.0003 | hop1: 0.0014
[nig_product_avgtrain_seed42] step 210/390 trained 3/3 | hop0: 0.0010 | hop1: 0.0007
[nig_product_avgtrain_seed42] step 220/390 trained 3/3 | hop0: 0.0009 | hop1: 0.0006
[nig_product_avgtrain_seed42] step 230/390 trained 3/3 | hop0: 0.0009 | hop1: 0.0004
[nig_product_avgtrain_seed42] step 240/390 trained 3/3 | hop0: 0.0004 | hop1: 0.0011
[nig_product_avgtrain_seed42] step 250/390 trained 3/3 | hop0: 0.0009 | hop1: 0.0012
[nig_product_avgtrain_seed42] step 260/390 trained 3/3 | hop0: 0.0012 | hop1: 0.0012
[nig_product_avgtrain_seed42] step 270/390 trained 3/3 | hop0: 0.0007 | hop1: 0.0014
[nig_product_avgtrain_seed42] step 280/390 trained 3/3 | hop0: 0.0004 | hop1: 0.0005
[nig_product_avgtrain_seed42] step 290/390 trained 3/3 | hop0: 0.0005 | hop1: 0.0009
[nig_product_avgtrain_seed42] step 300/390 trained 3/3 | hop0: 0.0016 | hop1: 0.0016
[nig_product_avgtrain_seed42] step 310/390 trained 3/3 | hop0: 0.0006 | hop1: 0.0009
[nig_product_avgtrain_seed42] step 320/390 trained 3/3 | hop0: 0.0010 | hop1: 0.0009
[nig_product_avgtrain_seed42] step 330/390 trained 3/3 | hop0: 0.0008 | hop1: 0.0012
[nig_product_avgtrain_seed42] step 340/390 trained 3/3 | hop0: 0.0007 | hop1: 0.0006
[nig_product_avgtrain_seed42] step 350/390 trained 3/3 | hop0: 0.0008 | hop1: 0.0009
[nig_product_avgtrain_seed42] step 360/390 trained 3/3 | hop0: 0.0009 | hop1: 0.0006
[nig_product_avgtrain_seed42] step 370/390 trained 3/3 | hop0: 0.0006 | hop1: 0.0007
[nig_product_avgtrain_seed42] step 380/390 trained 3/3 | hop0: 0.0004 | hop1: 0.0005
[nig_product_avgtrain_seed42] mean MSE (last 50 steps): 0.0005 | cert-MSE r=-0.363
[nig_product_avgtrain_seed42] saved runs\chapter5_v2\s5_3_colour_three_node_v3\nig_product_avgtrain_seed42\figures\results.png
### nig_product_avgtrain_seed42 last50=0.00052
[frozen_seed1042] nodes=3 coverage max=3 mode=frozen steps=390
[frozen_seed1042] step 000/390 trained 3/3 | hop0: 0.0895 | hop1: 0.0615
[frozen_seed1042] step 010/390 trained 3/3 | hop0: 0.0733 | hop1: 0.1058
[frozen_seed1042] step 020/390 trained 3/3 | hop0: 0.0647 | hop1: 0.0765
[frozen_seed1042] step 030/390 trained 3/3 | hop0: 0.0918 | hop1: 0.0916
[frozen_seed1042] step 040/390 trained 3/3 | hop0: 0.0831 | hop1: 0.1083
[frozen_seed1042] step 050/390 trained 3/3 | hop0: 0.0775 | hop1: 0.0650
[frozen_seed1042] step 060/390 trained 3/3 | hop0: 0.0858 | hop1: 0.1123
[frozen_seed1042] step 070/390 trained 3/3 | hop0: 0.0754 | hop1: 0.1018
[frozen_seed1042] step 080/390 trained 3/3 | hop0: 0.0826 | hop1: 0.0897
[frozen_seed1042] step 090/390 trained 3/3 | hop0: 0.0968 | hop1: 0.0838
[frozen_seed1042] step 100/390 trained 3/3 | hop0: 0.0831 | hop1: 0.0703
[frozen_seed1042] step 110/390 trained 3/3 | hop0: 0.1005 | hop1: 0.0863
[frozen_seed1042] step 120/390 trained 3/3 | hop0: 0.0973 | hop1: 0.0893
[frozen_seed1042] step 130/390 trained 3/3 | hop0: 0.0826 | hop1: 0.0957
[frozen_seed1042] step 140/390 trained 3/3 | hop0: 0.0864 | hop1: 0.0739
[frozen_seed1042] step 150/390 trained 3/3 | hop0: 0.1053 | hop1: 0.1029
[frozen_seed1042] step 160/390 trained 3/3 | hop0: 0.0781 | hop1: 0.0732
[frozen_seed1042] step 170/390 trained 3/3 | hop0: 0.1007 | hop1: 0.1203
[frozen_seed1042] step 180/390 trained 3/3 | hop0: 0.0770 | hop1: 0.0736
[frozen_seed1042] step 190/390 trained 3/3 | hop0: 0.1003 | hop1: 0.0835
[frozen_seed1042] step 200/390 trained 3/3 | hop0: 0.0897 | hop1: 0.1042
[frozen_seed1042] step 210/390 trained 3/3 | hop0: 0.0983 | hop1: 0.0892
[frozen_seed1042] step 220/390 trained 3/3 | hop0: 0.0841 | hop1: 0.0715
[frozen_seed1042] step 230/390 trained 3/3 | hop0: 0.0647 | hop1: 0.0762
[frozen_seed1042] step 240/390 trained 3/3 | hop0: 0.0933 | hop1: 0.0864
[frozen_seed1042] step 250/390 trained 3/3 | hop0: 0.1077 | hop1: 0.0989
[frozen_seed1042] step 260/390 trained 3/3 | hop0: 0.0755 | hop1: 0.0689
[frozen_seed1042] step 270/390 trained 3/3 | hop0: 0.0794 | hop1: 0.0822
[frozen_seed1042] step 280/390 trained 3/3 | hop0: 0.0850 | hop1: 0.0864
[frozen_seed1042] step 290/390 trained 3/3 | hop0: 0.0815 | hop1: 0.0626
[frozen_seed1042] step 300/390 trained 3/3 | hop0: 0.1082 | hop1: 0.0767
[frozen_seed1042] step 310/390 trained 3/3 | hop0: 0.0841 | hop1: 0.0901
[frozen_seed1042] step 320/390 trained 3/3 | hop0: 0.0962 | hop1: 0.0697
[frozen_seed1042] step 330/390 trained 3/3 | hop0: 0.0964 | hop1: 0.0980
[frozen_seed1042] step 340/390 trained 3/3 | hop0: 0.0770 | hop1: 0.0714
[frozen_seed1042] step 350/390 trained 3/3 | hop0: 0.0710 | hop1: 0.1065
[frozen_seed1042] step 360/390 trained 3/3 | hop0: 0.0830 | hop1: 0.0688
[frozen_seed1042] step 370/390 trained 3/3 | hop0: 0.0936 | hop1: 0.0880
[frozen_seed1042] step 380/390 trained 3/3 | hop0: 0.1018 | hop1: 0.0771
[frozen_seed1042] mean MSE (last 50 steps): 0.0883 | cert-MSE r=-0.673
[frozen_seed1042] saved runs\chapter5_v2\s5_3_colour_three_node_v3\frozen_seed1042\figures\results.png
### frozen_seed1042 last50=0.08827
[naive_seed1042] nodes=3 coverage max=3 mode=naive steps=390
[naive_seed1042] step 000/390 trained 3/3 | hop0: 0.0888 | hop1: 0.0623
[naive_seed1042] step 010/390 trained 3/3 | hop0: 0.0619 | hop1: 0.1037
[naive_seed1042] step 020/390 trained 3/3 | hop0: 0.0423 | hop1: 0.0608
[naive_seed1042] step 030/390 trained 3/3 | hop0: 0.0465 | hop1: 0.0619
[naive_seed1042] step 040/390 trained 3/3 | hop0: 0.0324 | hop1: 0.0771
[naive_seed1042] step 050/390 trained 3/3 | hop0: 0.0213 | hop1: 0.0281
[naive_seed1042] step 060/390 trained 3/3 | hop0: 0.0173 | hop1: 0.0478
[naive_seed1042] step 070/390 trained 3/3 | hop0: 0.0091 | hop1: 0.0197
[naive_seed1042] step 080/390 trained 3/3 | hop0: 0.0065 | hop1: 0.0132
[naive_seed1042] step 090/390 trained 3/3 | hop0: 0.0043 | hop1: 0.0079
[naive_seed1042] step 100/390 trained 3/3 | hop0: 0.0019 | hop1: 0.0057
[naive_seed1042] step 110/390 trained 3/3 | hop0: 0.0028 | hop1: 0.0035
[naive_seed1042] step 120/390 trained 3/3 | hop0: 0.0016 | hop1: 0.0021
[naive_seed1042] step 130/390 trained 3/3 | hop0: 0.0015 | hop1: 0.0048
[naive_seed1042] step 140/390 trained 3/3 | hop0: 0.0009 | hop1: 0.0017
[naive_seed1042] step 150/390 trained 3/3 | hop0: 0.0018 | hop1: 0.0039
[naive_seed1042] step 160/390 trained 3/3 | hop0: 0.0007 | hop1: 0.0013
[naive_seed1042] step 170/390 trained 3/3 | hop0: 0.0010 | hop1: 0.0012
[naive_seed1042] step 180/390 trained 3/3 | hop0: 0.0008 | hop1: 0.0007
[naive_seed1042] step 190/390 trained 3/3 | hop0: 0.0018 | hop1: 0.0014
[naive_seed1042] step 200/390 trained 3/3 | hop0: 0.0007 | hop1: 0.0010
[naive_seed1042] step 210/390 trained 3/3 | hop0: 0.0006 | hop1: 0.0005
[naive_seed1042] step 220/390 trained 3/3 | hop0: 0.0009 | hop1: 0.0012
[naive_seed1042] step 230/390 trained 3/3 | hop0: 0.0004 | hop1: 0.0007
[naive_seed1042] step 240/390 trained 3/3 | hop0: 0.0009 | hop1: 0.0011
[naive_seed1042] step 250/390 trained 3/3 | hop0: 0.0006 | hop1: 0.0008
[naive_seed1042] step 260/390 trained 3/3 | hop0: 0.0006 | hop1: 0.0008
[naive_seed1042] step 270/390 trained 3/3 | hop0: 0.0007 | hop1: 0.0007
[naive_seed1042] step 280/390 trained 3/3 | hop0: 0.0007 | hop1: 0.0006
[naive_seed1042] step 290/390 trained 3/3 | hop0: 0.0008 | hop1: 0.0015
[naive_seed1042] step 300/390 trained 3/3 | hop0: 0.0012 | hop1: 0.0010
[naive_seed1042] step 310/390 trained 3/3 | hop0: 0.0006 | hop1: 0.0011
[naive_seed1042] step 320/390 trained 3/3 | hop0: 0.0006 | hop1: 0.0007
[naive_seed1042] step 330/390 trained 3/3 | hop0: 0.0005 | hop1: 0.0011
[naive_seed1042] step 340/390 trained 3/3 | hop0: 0.0003 | hop1: 0.0004
[naive_seed1042] step 350/390 trained 3/3 | hop0: 0.0003 | hop1: 0.0004
[naive_seed1042] step 360/390 trained 3/3 | hop0: 0.0002 | hop1: 0.0007
[naive_seed1042] step 370/390 trained 3/3 | hop0: 0.0008 | hop1: 0.0004
[naive_seed1042] step 380/390 trained 3/3 | hop0: 0.0007 | hop1: 0.0003
[naive_seed1042] mean MSE (last 50 steps): 0.0005 | cert-MSE r=-0.409
[naive_seed1042] saved runs\chapter5_v2\s5_3_colour_three_node_v3\naive_seed1042\figures\results.png
### naive_seed1042 last50=0.00046
[certainty_seed1042] nodes=3 coverage max=3 mode=certainty steps=390
[certainty_seed1042] step 000/390 trained 3/3 | hop0: 0.0888 | hop1: 0.0623
[certainty_seed1042] step 010/390 trained 3/3 | hop0: 0.0619 | hop1: 0.1037
[certainty_seed1042] step 020/390 trained 3/3 | hop0: 0.0423 | hop1: 0.0608
[certainty_seed1042] step 030/390 trained 3/3 | hop0: 0.0465 | hop1: 0.0619
[certainty_seed1042] step 040/390 trained 3/3 | hop0: 0.0324 | hop1: 0.0771
[certainty_seed1042] step 050/390 trained 3/3 | hop0: 0.0213 | hop1: 0.0281
[certainty_seed1042] step 060/390 trained 3/3 | hop0: 0.0173 | hop1: 0.0479
[certainty_seed1042] step 070/390 trained 3/3 | hop0: 0.0091 | hop1: 0.0197
[certainty_seed1042] step 080/390 trained 3/3 | hop0: 0.0065 | hop1: 0.0132
[certainty_seed1042] step 090/390 trained 3/3 | hop0: 0.0043 | hop1: 0.0078
[certainty_seed1042] step 100/390 trained 3/3 | hop0: 0.0019 | hop1: 0.0057
[certainty_seed1042] step 110/390 trained 3/3 | hop0: 0.0028 | hop1: 0.0035
[certainty_seed1042] step 120/390 trained 3/3 | hop0: 0.0016 | hop1: 0.0021
[certainty_seed1042] step 130/390 trained 3/3 | hop0: 0.0015 | hop1: 0.0049
[certainty_seed1042] step 140/390 trained 3/3 | hop0: 0.0009 | hop1: 0.0017
[certainty_seed1042] step 150/390 trained 3/3 | hop0: 0.0018 | hop1: 0.0039
[certainty_seed1042] step 160/390 trained 3/3 | hop0: 0.0007 | hop1: 0.0012
[certainty_seed1042] step 170/390 trained 3/3 | hop0: 0.0010 | hop1: 0.0012
[certainty_seed1042] step 180/390 trained 3/3 | hop0: 0.0008 | hop1: 0.0007
[certainty_seed1042] step 190/390 trained 3/3 | hop0: 0.0018 | hop1: 0.0014
[certainty_seed1042] step 200/390 trained 3/3 | hop0: 0.0007 | hop1: 0.0010
[certainty_seed1042] step 210/390 trained 3/3 | hop0: 0.0006 | hop1: 0.0005
[certainty_seed1042] step 220/390 trained 3/3 | hop0: 0.0009 | hop1: 0.0012
[certainty_seed1042] step 230/390 trained 3/3 | hop0: 0.0004 | hop1: 0.0007
[certainty_seed1042] step 240/390 trained 3/3 | hop0: 0.0009 | hop1: 0.0011
[certainty_seed1042] step 250/390 trained 3/3 | hop0: 0.0006 | hop1: 0.0008
[certainty_seed1042] step 260/390 trained 3/3 | hop0: 0.0006 | hop1: 0.0008
[certainty_seed1042] step 270/390 trained 3/3 | hop0: 0.0007 | hop1: 0.0007
[certainty_seed1042] step 280/390 trained 3/3 | hop0: 0.0007 | hop1: 0.0006
[certainty_seed1042] step 290/390 trained 3/3 | hop0: 0.0008 | hop1: 0.0015
[certainty_seed1042] step 300/390 trained 3/3 | hop0: 0.0012 | hop1: 0.0010
[certainty_seed1042] step 310/390 trained 3/3 | hop0: 0.0006 | hop1: 0.0011
[certainty_seed1042] step 320/390 trained 3/3 | hop0: 0.0006 | hop1: 0.0005
[certainty_seed1042] step 330/390 trained 3/3 | hop0: 0.0005 | hop1: 0.0013
[certainty_seed1042] step 340/390 trained 3/3 | hop0: 0.0003 | hop1: 0.0005
[certainty_seed1042] step 350/390 trained 3/3 | hop0: 0.0004 | hop1: 0.0006
[certainty_seed1042] step 360/390 trained 3/3 | hop0: 0.0003 | hop1: 0.0005
[certainty_seed1042] step 370/390 trained 3/3 | hop0: 0.0007 | hop1: 0.0004
[certainty_seed1042] step 380/390 trained 3/3 | hop0: 0.0006 | hop1: 0.0004
[certainty_seed1042] mean MSE (last 50 steps): 0.0005 | cert-MSE r=-0.494
[certainty_seed1042] saved runs\chapter5_v2\s5_3_colour_three_node_v3\certainty_seed1042\figures\results.png
### certainty_seed1042 last50=0.00051
[nig_product_seed1042] nodes=3 coverage max=3 mode=nig_product steps=390
[nig_product_seed1042] step 000/390 trained 3/3 | hop0: 0.0888 | hop1: 0.0623
[nig_product_seed1042] step 010/390 trained 3/3 | hop0: 0.0619 | hop1: 0.1026
[nig_product_seed1042] step 020/390 trained 3/3 | hop0: 0.0423 | hop1: 0.0606
[nig_product_seed1042] step 030/390 trained 3/3 | hop0: 0.0465 | hop1: 0.0620
[nig_product_seed1042] step 040/390 trained 3/3 | hop0: 0.0324 | hop1: 0.0768
[nig_product_seed1042] step 050/390 trained 3/3 | hop0: 0.0213 | hop1: 0.0282
[nig_product_seed1042] step 060/390 trained 3/3 | hop0: 0.0173 | hop1: 0.0476
[nig_product_seed1042] step 070/390 trained 3/3 | hop0: 0.0091 | hop1: 0.0197
[nig_product_seed1042] step 080/390 trained 3/3 | hop0: 0.0065 | hop1: 0.0132
[nig_product_seed1042] step 090/390 trained 3/3 | hop0: 0.0043 | hop1: 0.0077
[nig_product_seed1042] step 100/390 trained 3/3 | hop0: 0.0019 | hop1: 0.0057
[nig_product_seed1042] step 110/390 trained 3/3 | hop0: 0.0028 | hop1: 0.0036
[nig_product_seed1042] step 120/390 trained 3/3 | hop0: 0.0016 | hop1: 0.0022
[nig_product_seed1042] step 130/390 trained 3/3 | hop0: 0.0015 | hop1: 0.0049
[nig_product_seed1042] step 140/390 trained 3/3 | hop0: 0.0009 | hop1: 0.0017
[nig_product_seed1042] step 150/390 trained 3/3 | hop0: 0.0018 | hop1: 0.0039
[nig_product_seed1042] step 160/390 trained 3/3 | hop0: 0.0007 | hop1: 0.0012
[nig_product_seed1042] step 170/390 trained 3/3 | hop0: 0.0010 | hop1: 0.0012
[nig_product_seed1042] step 180/390 trained 3/3 | hop0: 0.0008 | hop1: 0.0007
[nig_product_seed1042] step 190/390 trained 3/3 | hop0: 0.0018 | hop1: 0.0015
[nig_product_seed1042] step 200/390 trained 3/3 | hop0: 0.0007 | hop1: 0.0010
[nig_product_seed1042] step 210/390 trained 3/3 | hop0: 0.0006 | hop1: 0.0005
[nig_product_seed1042] step 220/390 trained 3/3 | hop0: 0.0009 | hop1: 0.0012
[nig_product_seed1042] step 230/390 trained 3/3 | hop0: 0.0004 | hop1: 0.0007
[nig_product_seed1042] step 240/390 trained 3/3 | hop0: 0.0009 | hop1: 0.0010
[nig_product_seed1042] step 250/390 trained 3/3 | hop0: 0.0006 | hop1: 0.0008
[nig_product_seed1042] step 260/390 trained 3/3 | hop0: 0.0006 | hop1: 0.0008
[nig_product_seed1042] step 270/390 trained 3/3 | hop0: 0.0007 | hop1: 0.0007
[nig_product_seed1042] step 280/390 trained 3/3 | hop0: 0.0007 | hop1: 0.0006
[nig_product_seed1042] step 290/390 trained 3/3 | hop0: 0.0008 | hop1: 0.0015
[nig_product_seed1042] step 300/390 trained 3/3 | hop0: 0.0012 | hop1: 0.0010
[nig_product_seed1042] step 310/390 trained 3/3 | hop0: 0.0006 | hop1: 0.0011
[nig_product_seed1042] step 320/390 trained 3/3 | hop0: 0.0006 | hop1: 0.0008
[nig_product_seed1042] step 330/390 trained 3/3 | hop0: 0.0005 | hop1: 0.0011
[nig_product_seed1042] step 340/390 trained 3/3 | hop0: 0.0003 | hop1: 0.0004
[nig_product_seed1042] step 350/390 trained 3/3 | hop0: 0.0003 | hop1: 0.0004
[nig_product_seed1042] step 360/390 trained 3/3 | hop0: 0.0002 | hop1: 0.0006
[nig_product_seed1042] step 370/390 trained 3/3 | hop0: 0.0007 | hop1: 0.0004
[nig_product_seed1042] step 380/390 trained 3/3 | hop0: 0.0006 | hop1: 0.0004
[nig_product_seed1042] mean MSE (last 50 steps): 0.0004 | cert-MSE r=-0.531
[nig_product_seed1042] saved runs\chapter5_v2\s5_3_colour_three_node_v3\nig_product_seed1042\figures\results.png
### nig_product_seed1042 last50=0.00044
[nig_product_avgtrain_seed1042] nodes=3 coverage max=3 mode=nig_product steps=390
[nig_product_avgtrain_seed1042] step 000/390 trained 3/3 | hop0: 0.0888 | hop1: 0.0625
[nig_product_avgtrain_seed1042] step 010/390 trained 3/3 | hop0: 0.0619 | hop1: 0.1071
[nig_product_avgtrain_seed1042] step 020/390 trained 3/3 | hop0: 0.0423 | hop1: 0.0640
[nig_product_avgtrain_seed1042] step 030/390 trained 3/3 | hop0: 0.0465 | hop1: 0.0643
[nig_product_avgtrain_seed1042] step 040/390 trained 3/3 | hop0: 0.0324 | hop1: 0.0785
[nig_product_avgtrain_seed1042] step 050/390 trained 3/3 | hop0: 0.0213 | hop1: 0.0310
[nig_product_avgtrain_seed1042] step 060/390 trained 3/3 | hop0: 0.0173 | hop1: 0.0512
[nig_product_avgtrain_seed1042] step 070/390 trained 3/3 | hop0: 0.0091 | hop1: 0.0205
[nig_product_avgtrain_seed1042] step 080/390 trained 3/3 | hop0: 0.0065 | hop1: 0.0125
[nig_product_avgtrain_seed1042] step 090/390 trained 3/3 | hop0: 0.0043 | hop1: 0.0066
[nig_product_avgtrain_seed1042] step 100/390 trained 3/3 | hop0: 0.0019 | hop1: 0.0061
[nig_product_avgtrain_seed1042] step 110/390 trained 3/3 | hop0: 0.0028 | hop1: 0.0038
[nig_product_avgtrain_seed1042] step 120/390 trained 3/3 | hop0: 0.0016 | hop1: 0.0025
[nig_product_avgtrain_seed1042] step 130/390 trained 3/3 | hop0: 0.0015 | hop1: 0.0063
[nig_product_avgtrain_seed1042] step 140/390 trained 3/3 | hop0: 0.0009 | hop1: 0.0021
[nig_product_avgtrain_seed1042] step 150/390 trained 3/3 | hop0: 0.0018 | hop1: 0.0037
[nig_product_avgtrain_seed1042] step 160/390 trained 3/3 | hop0: 0.0007 | hop1: 0.0014
[nig_product_avgtrain_seed1042] step 170/390 trained 3/3 | hop0: 0.0010 | hop1: 0.0016
[nig_product_avgtrain_seed1042] step 180/390 trained 3/3 | hop0: 0.0008 | hop1: 0.0007
[nig_product_avgtrain_seed1042] step 190/390 trained 3/3 | hop0: 0.0018 | hop1: 0.0018
[nig_product_avgtrain_seed1042] step 200/390 trained 3/3 | hop0: 0.0007 | hop1: 0.0009
[nig_product_avgtrain_seed1042] step 210/390 trained 3/3 | hop0: 0.0006 | hop1: 0.0006
[nig_product_avgtrain_seed1042] step 220/390 trained 3/3 | hop0: 0.0009 | hop1: 0.0008
[nig_product_avgtrain_seed1042] step 230/390 trained 3/3 | hop0: 0.0004 | hop1: 0.0007
[nig_product_avgtrain_seed1042] step 240/390 trained 3/3 | hop0: 0.0009 | hop1: 0.0007
[nig_product_avgtrain_seed1042] step 250/390 trained 3/3 | hop0: 0.0006 | hop1: 0.0009
[nig_product_avgtrain_seed1042] step 260/390 trained 3/3 | hop0: 0.0006 | hop1: 0.0007
[nig_product_avgtrain_seed1042] step 270/390 trained 3/3 | hop0: 0.0007 | hop1: 0.0008
[nig_product_avgtrain_seed1042] step 280/390 trained 3/3 | hop0: 0.0007 | hop1: 0.0007
[nig_product_avgtrain_seed1042] step 290/390 trained 3/3 | hop0: 0.0008 | hop1: 0.0012
[nig_product_avgtrain_seed1042] step 300/390 trained 3/3 | hop0: 0.0012 | hop1: 0.0006
[nig_product_avgtrain_seed1042] step 310/390 trained 3/3 | hop0: 0.0006 | hop1: 0.0011
[nig_product_avgtrain_seed1042] step 320/390 trained 3/3 | hop0: 0.0006 | hop1: 0.0008
[nig_product_avgtrain_seed1042] step 330/390 trained 3/3 | hop0: 0.0005 | hop1: 0.0014
[nig_product_avgtrain_seed1042] step 340/390 trained 3/3 | hop0: 0.0003 | hop1: 0.0007
[nig_product_avgtrain_seed1042] step 350/390 trained 3/3 | hop0: 0.0004 | hop1: 0.0005
[nig_product_avgtrain_seed1042] step 360/390 trained 3/3 | hop0: 0.0003 | hop1: 0.0004
[nig_product_avgtrain_seed1042] step 370/390 trained 3/3 | hop0: 0.0007 | hop1: 0.0004
[nig_product_avgtrain_seed1042] step 380/390 trained 3/3 | hop0: 0.0006 | hop1: 0.0005
[nig_product_avgtrain_seed1042] mean MSE (last 50 steps): 0.0005 | cert-MSE r=-0.487
[nig_product_avgtrain_seed1042] saved runs\chapter5_v2\s5_3_colour_three_node_v3\nig_product_avgtrain_seed1042\figures\results.png
### nig_product_avgtrain_seed1042 last50=0.00048
[frozen_seed2042] nodes=3 coverage max=3 mode=frozen steps=390
[frozen_seed2042] step 000/390 trained 3/3 | hop0: 0.0863 | hop1: 0.0804
[frozen_seed2042] step 010/390 trained 3/3 | hop0: 0.0887 | hop1: 0.0916
[frozen_seed2042] step 020/390 trained 3/3 | hop0: 0.0948 | hop1: 0.0862
[frozen_seed2042] step 030/390 trained 3/3 | hop0: 0.0827 | hop1: 0.0602
[frozen_seed2042] step 040/390 trained 3/3 | hop0: 0.0786 | hop1: 0.1048
[frozen_seed2042] step 050/390 trained 3/3 | hop0: 0.0911 | hop1: 0.0936
[frozen_seed2042] step 060/390 trained 3/3 | hop0: 0.0836 | hop1: 0.0740
[frozen_seed2042] step 070/390 trained 3/3 | hop0: 0.1064 | hop1: 0.1004
[frozen_seed2042] step 080/390 trained 3/3 | hop0: 0.0785 | hop1: 0.0985
[frozen_seed2042] step 090/390 trained 3/3 | hop0: 0.1012 | hop1: 0.0715
[frozen_seed2042] step 100/390 trained 3/3 | hop0: 0.0778 | hop1: 0.0609
[frozen_seed2042] step 110/390 trained 3/3 | hop0: 0.0943 | hop1: 0.1067
[frozen_seed2042] step 120/390 trained 3/3 | hop0: 0.0803 | hop1: 0.0859
[frozen_seed2042] step 130/390 trained 3/3 | hop0: 0.0864 | hop1: 0.0877
[frozen_seed2042] step 140/390 trained 3/3 | hop0: 0.0897 | hop1: 0.1033
[frozen_seed2042] step 150/390 trained 3/3 | hop0: 0.0882 | hop1: 0.1029
[frozen_seed2042] step 160/390 trained 3/3 | hop0: 0.0887 | hop1: 0.0791
[frozen_seed2042] step 170/390 trained 3/3 | hop0: 0.1011 | hop1: 0.0950
[frozen_seed2042] step 180/390 trained 3/3 | hop0: 0.1090 | hop1: 0.1128
[frozen_seed2042] step 190/390 trained 3/3 | hop0: 0.0910 | hop1: 0.0813
[frozen_seed2042] step 200/390 trained 3/3 | hop0: 0.1130 | hop1: 0.0876
[frozen_seed2042] step 210/390 trained 3/3 | hop0: 0.0856 | hop1: 0.0869
[frozen_seed2042] step 220/390 trained 3/3 | hop0: 0.1043 | hop1: 0.1031
[frozen_seed2042] step 230/390 trained 3/3 | hop0: 0.0838 | hop1: 0.0839
[frozen_seed2042] step 240/390 trained 3/3 | hop0: 0.0865 | hop1: 0.0776
[frozen_seed2042] step 250/390 trained 3/3 | hop0: 0.0967 | hop1: 0.0830
[frozen_seed2042] step 260/390 trained 3/3 | hop0: 0.0881 | hop1: 0.0957
[frozen_seed2042] step 270/390 trained 3/3 | hop0: 0.0855 | hop1: 0.0781
[frozen_seed2042] step 280/390 trained 3/3 | hop0: 0.0981 | hop1: 0.0943
[frozen_seed2042] step 290/390 trained 3/3 | hop0: 0.0942 | hop1: 0.0798
[frozen_seed2042] step 300/390 trained 3/3 | hop0: 0.0872 | hop1: 0.0826
[frozen_seed2042] step 310/390 trained 3/3 | hop0: 0.0789 | hop1: 0.0785
[frozen_seed2042] step 320/390 trained 3/3 | hop0: 0.0752 | hop1: 0.0696
[frozen_seed2042] step 330/390 trained 3/3 | hop0: 0.0831 | hop1: 0.0876
[frozen_seed2042] step 340/390 trained 3/3 | hop0: 0.1143 | hop1: 0.1240
[frozen_seed2042] step 350/390 trained 3/3 | hop0: 0.0741 | hop1: 0.0707
[frozen_seed2042] step 360/390 trained 3/3 | hop0: 0.0940 | hop1: 0.0821
[frozen_seed2042] step 370/390 trained 3/3 | hop0: 0.0835 | hop1: 0.0776
[frozen_seed2042] step 380/390 trained 3/3 | hop0: 0.0964 | hop1: 0.0890
[frozen_seed2042] mean MSE (last 50 steps): 0.0909 | cert-MSE r=-0.753
[frozen_seed2042] saved runs\chapter5_v2\s5_3_colour_three_node_v3\frozen_seed2042\figures\results.png
### frozen_seed2042 last50=0.09089
[naive_seed2042] nodes=3 coverage max=3 mode=naive steps=390
[naive_seed2042] step 000/390 trained 3/3 | hop0: 0.0850 | hop1: 0.0807
[naive_seed2042] step 010/390 trained 3/3 | hop0: 0.0730 | hop1: 0.1073
[naive_seed2042] step 020/390 trained 3/3 | hop0: 0.0644 | hop1: 0.0930
[naive_seed2042] step 030/390 trained 3/3 | hop0: 0.0423 | hop1: 0.0508
[naive_seed2042] step 040/390 trained 3/3 | hop0: 0.0310 | hop1: 0.0746
[naive_seed2042] step 050/390 trained 3/3 | hop0: 0.0240 | hop1: 0.0461
[naive_seed2042] step 060/390 trained 3/3 | hop0: 0.0164 | hop1: 0.0263
[naive_seed2042] step 070/390 trained 3/3 | hop0: 0.0165 | hop1: 0.0202
[naive_seed2042] step 080/390 trained 3/3 | hop0: 0.0094 | hop1: 0.0166
[naive_seed2042] step 090/390 trained 3/3 | hop0: 0.0055 | hop1: 0.0071
[naive_seed2042] step 100/390 trained 3/3 | hop0: 0.0027 | hop1: 0.0052
[naive_seed2042] step 110/390 trained 3/3 | hop0: 0.0030 | hop1: 0.0088
[naive_seed2042] step 120/390 trained 3/3 | hop0: 0.0023 | hop1: 0.0062
[naive_seed2042] step 130/390 trained 3/3 | hop0: 0.0018 | hop1: 0.0061
[naive_seed2042] step 140/390 trained 3/3 | hop0: 0.0010 | hop1: 0.0033
[naive_seed2042] step 150/390 trained 3/3 | hop0: 0.0009 | hop1: 0.0034
[naive_seed2042] step 160/390 trained 3/3 | hop0: 0.0013 | hop1: 0.0020
[naive_seed2042] step 170/390 trained 3/3 | hop0: 0.0011 | hop1: 0.0015
[naive_seed2042] step 180/390 trained 3/3 | hop0: 0.0011 | hop1: 0.0024
[naive_seed2042] step 190/390 trained 3/3 | hop0: 0.0007 | hop1: 0.0008
[naive_seed2042] step 200/390 trained 3/3 | hop0: 0.0012 | hop1: 0.0008
[naive_seed2042] step 210/390 trained 3/3 | hop0: 0.0008 | hop1: 0.0021
[naive_seed2042] step 220/390 trained 3/3 | hop0: 0.0008 | hop1: 0.0023
[naive_seed2042] step 230/390 trained 3/3 | hop0: 0.0006 | hop1: 0.0013
[naive_seed2042] step 240/390 trained 3/3 | hop0: 0.0006 | hop1: 0.0013
[naive_seed2042] step 250/390 trained 3/3 | hop0: 0.0007 | hop1: 0.0008
[naive_seed2042] step 260/390 trained 3/3 | hop0: 0.0006 | hop1: 0.0017
[naive_seed2042] step 270/390 trained 3/3 | hop0: 0.0006 | hop1: 0.0005
[naive_seed2042] step 280/390 trained 3/3 | hop0: 0.0008 | hop1: 0.0009
[naive_seed2042] step 290/390 trained 3/3 | hop0: 0.0008 | hop1: 0.0016
[naive_seed2042] step 300/390 trained 3/3 | hop0: 0.0006 | hop1: 0.0012
[naive_seed2042] step 310/390 trained 3/3 | hop0: 0.0006 | hop1: 0.0004
[naive_seed2042] step 320/390 trained 3/3 | hop0: 0.0005 | hop1: 0.0006
[naive_seed2042] step 330/390 trained 3/3 | hop0: 0.0005 | hop1: 0.0004
[naive_seed2042] step 340/390 trained 3/3 | hop0: 0.0008 | hop1: 0.0010
[naive_seed2042] step 350/390 trained 3/3 | hop0: 0.0005 | hop1: 0.0003
[naive_seed2042] step 360/390 trained 3/3 | hop0: 0.0005 | hop1: 0.0003
[naive_seed2042] step 370/390 trained 3/3 | hop0: 0.0006 | hop1: 0.0005
[naive_seed2042] step 380/390 trained 3/3 | hop0: 0.0005 | hop1: 0.0004
[naive_seed2042] mean MSE (last 50 steps): 0.0005 | cert-MSE r=-0.213
[naive_seed2042] saved runs\chapter5_v2\s5_3_colour_three_node_v3\naive_seed2042\figures\results.png
### naive_seed2042 last50=0.00046
[certainty_seed2042] nodes=3 coverage max=3 mode=certainty steps=390
[certainty_seed2042] step 000/390 trained 3/3 | hop0: 0.0850 | hop1: 0.0807
[certainty_seed2042] step 010/390 trained 3/3 | hop0: 0.0730 | hop1: 0.1073
[certainty_seed2042] step 020/390 trained 3/3 | hop0: 0.0644 | hop1: 0.0930
[certainty_seed2042] step 030/390 trained 3/3 | hop0: 0.0423 | hop1: 0.0508
[certainty_seed2042] step 040/390 trained 3/3 | hop0: 0.0310 | hop1: 0.0746
[certainty_seed2042] step 050/390 trained 3/3 | hop0: 0.0240 | hop1: 0.0461
[certainty_seed2042] step 060/390 trained 3/3 | hop0: 0.0164 | hop1: 0.0262
[certainty_seed2042] step 070/390 trained 3/3 | hop0: 0.0165 | hop1: 0.0201
[certainty_seed2042] step 080/390 trained 3/3 | hop0: 0.0094 | hop1: 0.0166
[certainty_seed2042] step 090/390 trained 3/3 | hop0: 0.0055 | hop1: 0.0071
[certainty_seed2042] step 100/390 trained 3/3 | hop0: 0.0027 | hop1: 0.0052
[certainty_seed2042] step 110/390 trained 3/3 | hop0: 0.0030 | hop1: 0.0088
[certainty_seed2042] step 120/390 trained 3/3 | hop0: 0.0023 | hop1: 0.0062
[certainty_seed2042] step 130/390 trained 3/3 | hop0: 0.0018 | hop1: 0.0061
[certainty_seed2042] step 140/390 trained 3/3 | hop0: 0.0010 | hop1: 0.0033
[certainty_seed2042] step 150/390 trained 3/3 | hop0: 0.0009 | hop1: 0.0034
[certainty_seed2042] step 160/390 trained 3/3 | hop0: 0.0013 | hop1: 0.0020
[certainty_seed2042] step 170/390 trained 3/3 | hop0: 0.0011 | hop1: 0.0014
[certainty_seed2042] step 180/390 trained 3/3 | hop0: 0.0011 | hop1: 0.0023
[certainty_seed2042] step 190/390 trained 3/3 | hop0: 0.0007 | hop1: 0.0008
[certainty_seed2042] step 200/390 trained 3/3 | hop0: 0.0012 | hop1: 0.0007
[certainty_seed2042] step 210/390 trained 3/3 | hop0: 0.0008 | hop1: 0.0021
[certainty_seed2042] step 220/390 trained 3/3 | hop0: 0.0008 | hop1: 0.0023
[certainty_seed2042] step 230/390 trained 3/3 | hop0: 0.0006 | hop1: 0.0013
[certainty_seed2042] step 240/390 trained 3/3 | hop0: 0.0006 | hop1: 0.0013
[certainty_seed2042] step 250/390 trained 3/3 | hop0: 0.0007 | hop1: 0.0008
[certainty_seed2042] step 260/390 trained 3/3 | hop0: 0.0006 | hop1: 0.0017
[certainty_seed2042] step 270/390 trained 3/3 | hop0: 0.0005 | hop1: 0.0005
[certainty_seed2042] step 280/390 trained 3/3 | hop0: 0.0008 | hop1: 0.0009
[certainty_seed2042] step 290/390 trained 3/3 | hop0: 0.0008 | hop1: 0.0016
[certainty_seed2042] step 300/390 trained 3/3 | hop0: 0.0006 | hop1: 0.0011
[certainty_seed2042] step 310/390 trained 3/3 | hop0: 0.0006 | hop1: 0.0004
[certainty_seed2042] step 320/390 trained 3/3 | hop0: 0.0005 | hop1: 0.0006
[certainty_seed2042] step 330/390 trained 3/3 | hop0: 0.0005 | hop1: 0.0004
[certainty_seed2042] step 340/390 trained 3/3 | hop0: 0.0008 | hop1: 0.0010
[certainty_seed2042] step 350/390 trained 3/3 | hop0: 0.0005 | hop1: 0.0003
[certainty_seed2042] step 360/390 trained 3/3 | hop0: 0.0005 | hop1: 0.0003
[certainty_seed2042] step 370/390 trained 3/3 | hop0: 0.0006 | hop1: 0.0005
[certainty_seed2042] step 380/390 trained 3/3 | hop0: 0.0005 | hop1: 0.0004
[certainty_seed2042] mean MSE (last 50 steps): 0.0005 | cert-MSE r=-0.186
[certainty_seed2042] saved runs\chapter5_v2\s5_3_colour_three_node_v3\certainty_seed2042\figures\results.png
### certainty_seed2042 last50=0.00045
[nig_product_seed2042] nodes=3 coverage max=3 mode=nig_product steps=390
[nig_product_seed2042] step 000/390 trained 3/3 | hop0: 0.0850 | hop1: 0.0807
[nig_product_seed2042] step 010/390 trained 3/3 | hop0: 0.0730 | hop1: 0.1074
[nig_product_seed2042] step 020/390 trained 3/3 | hop0: 0.0644 | hop1: 0.0925
[nig_product_seed2042] step 030/390 trained 3/3 | hop0: 0.0423 | hop1: 0.0501
[nig_product_seed2042] step 040/390 trained 3/3 | hop0: 0.0310 | hop1: 0.0735
[nig_product_seed2042] step 050/390 trained 3/3 | hop0: 0.0240 | hop1: 0.0454
[nig_product_seed2042] step 060/390 trained 3/3 | hop0: 0.0164 | hop1: 0.0262
[nig_product_seed2042] step 070/390 trained 3/3 | hop0: 0.0165 | hop1: 0.0204
[nig_product_seed2042] step 080/390 trained 3/3 | hop0: 0.0094 | hop1: 0.0168
[nig_product_seed2042] step 090/390 trained 3/3 | hop0: 0.0055 | hop1: 0.0071
[nig_product_seed2042] step 100/390 trained 3/3 | hop0: 0.0027 | hop1: 0.0050
[nig_product_seed2042] step 110/390 trained 3/3 | hop0: 0.0030 | hop1: 0.0090
[nig_product_seed2042] step 120/390 trained 3/3 | hop0: 0.0023 | hop1: 0.0065
[nig_product_seed2042] step 130/390 trained 3/3 | hop0: 0.0018 | hop1: 0.0063
[nig_product_seed2042] step 140/390 trained 3/3 | hop0: 0.0010 | hop1: 0.0034
[nig_product_seed2042] step 150/390 trained 3/3 | hop0: 0.0009 | hop1: 0.0035
[nig_product_seed2042] step 160/390 trained 3/3 | hop0: 0.0013 | hop1: 0.0021
[nig_product_seed2042] step 170/390 trained 3/3 | hop0: 0.0011 | hop1: 0.0014
[nig_product_seed2042] step 180/390 trained 3/3 | hop0: 0.0011 | hop1: 0.0025
[nig_product_seed2042] step 190/390 trained 3/3 | hop0: 0.0007 | hop1: 0.0008
[nig_product_seed2042] step 200/390 trained 3/3 | hop0: 0.0012 | hop1: 0.0008
[nig_product_seed2042] step 210/390 trained 3/3 | hop0: 0.0008 | hop1: 0.0022
[nig_product_seed2042] step 220/390 trained 3/3 | hop0: 0.0008 | hop1: 0.0023
[nig_product_seed2042] step 230/390 trained 3/3 | hop0: 0.0006 | hop1: 0.0013
[nig_product_seed2042] step 240/390 trained 3/3 | hop0: 0.0006 | hop1: 0.0013
[nig_product_seed2042] step 250/390 trained 3/3 | hop0: 0.0007 | hop1: 0.0009
[nig_product_seed2042] step 260/390 trained 3/3 | hop0: 0.0006 | hop1: 0.0017
[nig_product_seed2042] step 270/390 trained 3/3 | hop0: 0.0005 | hop1: 0.0005
[nig_product_seed2042] step 280/390 trained 3/3 | hop0: 0.0008 | hop1: 0.0009
[nig_product_seed2042] step 290/390 trained 3/3 | hop0: 0.0008 | hop1: 0.0016
[nig_product_seed2042] step 300/390 trained 3/3 | hop0: 0.0006 | hop1: 0.0011
[nig_product_seed2042] step 310/390 trained 3/3 | hop0: 0.0006 | hop1: 0.0004
[nig_product_seed2042] step 320/390 trained 3/3 | hop0: 0.0005 | hop1: 0.0006
[nig_product_seed2042] step 330/390 trained 3/3 | hop0: 0.0005 | hop1: 0.0004
[nig_product_seed2042] step 340/390 trained 3/3 | hop0: 0.0008 | hop1: 0.0011
[nig_product_seed2042] step 350/390 trained 3/3 | hop0: 0.0005 | hop1: 0.0003
[nig_product_seed2042] step 360/390 trained 3/3 | hop0: 0.0005 | hop1: 0.0003
[nig_product_seed2042] step 370/390 trained 3/3 | hop0: 0.0006 | hop1: 0.0005
[nig_product_seed2042] step 380/390 trained 3/3 | hop0: 0.0005 | hop1: 0.0004
[nig_product_seed2042] mean MSE (last 50 steps): 0.0005 | cert-MSE r=-0.194
[nig_product_seed2042] saved runs\chapter5_v2\s5_3_colour_three_node_v3\nig_product_seed2042\figures\results.png
### nig_product_seed2042 last50=0.00045
[nig_product_avgtrain_seed2042] nodes=3 coverage max=3 mode=nig_product steps=390
[nig_product_avgtrain_seed2042] step 000/390 trained 3/3 | hop0: 0.0850 | hop1: 0.0808
[nig_product_avgtrain_seed2042] step 010/390 trained 3/3 | hop0: 0.0730 | hop1: 0.1062
[nig_product_avgtrain_seed2042] step 020/390 trained 3/3 | hop0: 0.0644 | hop1: 0.0974
[nig_product_avgtrain_seed2042] step 030/390 trained 3/3 | hop0: 0.0423 | hop1: 0.0534
[nig_product_avgtrain_seed2042] step 040/390 trained 3/3 | hop0: 0.0310 | hop1: 0.0766
[nig_product_avgtrain_seed2042] step 050/390 trained 3/3 | hop0: 0.0240 | hop1: 0.0485
[nig_product_avgtrain_seed2042] step 060/390 trained 3/3 | hop0: 0.0164 | hop1: 0.0251
[nig_product_avgtrain_seed2042] step 070/390 trained 3/3 | hop0: 0.0165 | hop1: 0.0189
[nig_product_avgtrain_seed2042] step 080/390 trained 3/3 | hop0: 0.0094 | hop1: 0.0183
[nig_product_avgtrain_seed2042] step 090/390 trained 3/3 | hop0: 0.0055 | hop1: 0.0084
[nig_product_avgtrain_seed2042] step 100/390 trained 3/3 | hop0: 0.0027 | hop1: 0.0059
[nig_product_avgtrain_seed2042] step 110/390 trained 3/3 | hop0: 0.0030 | hop1: 0.0090
[nig_product_avgtrain_seed2042] step 120/390 trained 3/3 | hop0: 0.0023 | hop1: 0.0055
[nig_product_avgtrain_seed2042] step 130/390 trained 3/3 | hop0: 0.0018 | hop1: 0.0057
[nig_product_avgtrain_seed2042] step 140/390 trained 3/3 | hop0: 0.0010 | hop1: 0.0028
[nig_product_avgtrain_seed2042] step 150/390 trained 3/3 | hop0: 0.0009 | hop1: 0.0028
[nig_product_avgtrain_seed2042] step 160/390 trained 3/3 | hop0: 0.0013 | hop1: 0.0016
[nig_product_avgtrain_seed2042] step 170/390 trained 3/3 | hop0: 0.0011 | hop1: 0.0015
[nig_product_avgtrain_seed2042] step 180/390 trained 3/3 | hop0: 0.0011 | hop1: 0.0023
[nig_product_avgtrain_seed2042] step 190/390 trained 3/3 | hop0: 0.0007 | hop1: 0.0010
[nig_product_avgtrain_seed2042] step 200/390 trained 3/3 | hop0: 0.0012 | hop1: 0.0010
[nig_product_avgtrain_seed2042] step 210/390 trained 3/3 | hop0: 0.0008 | hop1: 0.0022
[nig_product_avgtrain_seed2042] step 220/390 trained 3/3 | hop0: 0.0008 | hop1: 0.0022
[nig_product_avgtrain_seed2042] step 230/390 trained 3/3 | hop0: 0.0006 | hop1: 0.0016
[nig_product_avgtrain_seed2042] step 240/390 trained 3/3 | hop0: 0.0006 | hop1: 0.0013
[nig_product_avgtrain_seed2042] step 250/390 trained 3/3 | hop0: 0.0007 | hop1: 0.0010
[nig_product_avgtrain_seed2042] step 260/390 trained 3/3 | hop0: 0.0006 | hop1: 0.0022
[nig_product_avgtrain_seed2042] step 270/390 trained 3/3 | hop0: 0.0005 | hop1: 0.0006
[nig_product_avgtrain_seed2042] step 280/390 trained 3/3 | hop0: 0.0008 | hop1: 0.0008
[nig_product_avgtrain_seed2042] step 290/390 trained 3/3 | hop0: 0.0008 | hop1: 0.0016
[nig_product_avgtrain_seed2042] step 300/390 trained 3/3 | hop0: 0.0006 | hop1: 0.0013
[nig_product_avgtrain_seed2042] step 310/390 trained 3/3 | hop0: 0.0006 | hop1: 0.0004
[nig_product_avgtrain_seed2042] step 320/390 trained 3/3 | hop0: 0.0005 | hop1: 0.0006
[nig_product_avgtrain_seed2042] step 330/390 trained 3/3 | hop0: 0.0005 | hop1: 0.0004
[nig_product_avgtrain_seed2042] step 340/390 trained 3/3 | hop0: 0.0008 | hop1: 0.0011
[nig_product_avgtrain_seed2042] step 350/390 trained 3/3 | hop0: 0.0005 | hop1: 0.0003
[nig_product_avgtrain_seed2042] step 360/390 trained 3/3 | hop0: 0.0005 | hop1: 0.0004
[nig_product_avgtrain_seed2042] step 370/390 trained 3/3 | hop0: 0.0006 | hop1: 0.0005
[nig_product_avgtrain_seed2042] step 380/390 trained 3/3 | hop0: 0.0005 | hop1: 0.0005
[nig_product_avgtrain_seed2042] mean MSE (last 50 steps): 0.0005 | cert-MSE r=-0.208
[nig_product_avgtrain_seed2042] saved runs\chapter5_v2\s5_3_colour_three_node_v3\nig_product_avgtrain_seed2042\figures\results.png
### nig_product_avgtrain_seed2042 last50=0.00046
[frozen_seed3042] nodes=3 coverage max=3 mode=frozen steps=390
[frozen_seed3042] step 000/390 trained 3/3 | hop0: 0.0877 | hop1: 0.0834
[frozen_seed3042] step 010/390 trained 3/3 | hop0: 0.0960 | hop1: 0.0956
[frozen_seed3042] step 020/390 trained 3/3 | hop0: 0.0963 | hop1: 0.0765
[frozen_seed3042] step 030/390 trained 3/3 | hop0: 0.1089 | hop1: 0.1020
[frozen_seed3042] step 040/390 trained 3/3 | hop0: 0.0773 | hop1: 0.0820
[frozen_seed3042] step 050/390 trained 3/3 | hop0: 0.0888 | hop1: 0.0750
[frozen_seed3042] step 060/390 trained 3/3 | hop0: 0.0831 | hop1: 0.0683
[frozen_seed3042] step 070/390 trained 3/3 | hop0: 0.0913 | hop1: 0.0854
[frozen_seed3042] step 080/390 trained 3/3 | hop0: 0.0811 | hop1: 0.0770
[frozen_seed3042] step 090/390 trained 3/3 | hop0: 0.1065 | hop1: 0.1067
[frozen_seed3042] step 100/390 trained 3/3 | hop0: 0.1012 | hop1: 0.0780
[frozen_seed3042] step 110/390 trained 3/3 | hop0: 0.1034 | hop1: 0.1100
[frozen_seed3042] step 120/390 trained 3/3 | hop0: 0.0853 | hop1: 0.0844
[frozen_seed3042] step 130/390 trained 3/3 | hop0: 0.0895 | hop1: 0.0956
[frozen_seed3042] step 140/390 trained 3/3 | hop0: 0.1043 | hop1: 0.0775
[frozen_seed3042] step 150/390 trained 3/3 | hop0: 0.0856 | hop1: 0.0886
[frozen_seed3042] step 160/390 trained 3/3 | hop0: 0.0714 | hop1: 0.0813
[frozen_seed3042] step 170/390 trained 3/3 | hop0: 0.0941 | hop1: 0.0969
[frozen_seed3042] step 180/390 trained 3/3 | hop0: 0.0797 | hop1: 0.0872
[frozen_seed3042] step 190/390 trained 3/3 | hop0: 0.0995 | hop1: 0.1147
[frozen_seed3042] step 200/390 trained 3/3 | hop0: 0.1022 | hop1: 0.1053
[frozen_seed3042] step 210/390 trained 3/3 | hop0: 0.0931 | hop1: 0.0695
[frozen_seed3042] step 220/390 trained 3/3 | hop0: 0.0738 | hop1: 0.0761
[frozen_seed3042] step 230/390 trained 3/3 | hop0: 0.1016 | hop1: 0.0998
[frozen_seed3042] step 240/390 trained 3/3 | hop0: 0.1022 | hop1: 0.0759
[frozen_seed3042] step 250/390 trained 3/3 | hop0: 0.0966 | hop1: 0.0947
[frozen_seed3042] step 260/390 trained 3/3 | hop0: 0.0964 | hop1: 0.0739
[frozen_seed3042] step 270/390 trained 3/3 | hop0: 0.0953 | hop1: 0.1056
[frozen_seed3042] step 280/390 trained 3/3 | hop0: 0.0649 | hop1: 0.0762
[frozen_seed3042] step 290/390 trained 3/3 | hop0: 0.0897 | hop1: 0.0800
[frozen_seed3042] step 300/390 trained 3/3 | hop0: 0.0967 | hop1: 0.0855
[frozen_seed3042] step 310/390 trained 3/3 | hop0: 0.0907 | hop1: 0.0985
[frozen_seed3042] step 320/390 trained 3/3 | hop0: 0.0708 | hop1: 0.0618
[frozen_seed3042] step 330/390 trained 3/3 | hop0: 0.0836 | hop1: 0.0762
[frozen_seed3042] step 340/390 trained 3/3 | hop0: 0.0923 | hop1: 0.0867
[frozen_seed3042] step 350/390 trained 3/3 | hop0: 0.1038 | hop1: 0.0964
[frozen_seed3042] step 360/390 trained 3/3 | hop0: 0.1057 | hop1: 0.1098
[frozen_seed3042] step 370/390 trained 3/3 | hop0: 0.0880 | hop1: 0.0907
[frozen_seed3042] step 380/390 trained 3/3 | hop0: 0.0774 | hop1: 0.0791
[frozen_seed3042] mean MSE (last 50 steps): 0.0866 | cert-MSE r=-0.698
[frozen_seed3042] saved runs\chapter5_v2\s5_3_colour_three_node_v3\frozen_seed3042\figures\results.png
### frozen_seed3042 last50=0.08657
[naive_seed3042] nodes=3 coverage max=3 mode=naive steps=390
[naive_seed3042] step 000/390 trained 3/3 | hop0: 0.0863 | hop1: 0.0850
[naive_seed3042] step 010/390 trained 3/3 | hop0: 0.0793 | hop1: 0.0853
[naive_seed3042] step 020/390 trained 3/3 | hop0: 0.0642 | hop1: 0.0636
[naive_seed3042] step 030/390 trained 3/3 | hop0: 0.0620 | hop1: 0.0707
[naive_seed3042] step 040/390 trained 3/3 | hop0: 0.0280 | hop1: 0.0407
[naive_seed3042] step 050/390 trained 3/3 | hop0: 0.0276 | hop1: 0.0256
[naive_seed3042] step 060/390 trained 3/3 | hop0: 0.0177 | hop1: 0.0154
[naive_seed3042] step 070/390 trained 3/3 | hop0: 0.0115 | hop1: 0.0137
[naive_seed3042] step 080/390 trained 3/3 | hop0: 0.0060 | hop1: 0.0074
[naive_seed3042] step 090/390 trained 3/3 | hop0: 0.0072 | hop1: 0.0127
[naive_seed3042] step 100/390 trained 3/3 | hop0: 0.0050 | hop1: 0.0050
[naive_seed3042] step 110/390 trained 3/3 | hop0: 0.0045 | hop1: 0.0035
[naive_seed3042] step 120/390 trained 3/3 | hop0: 0.0031 | hop1: 0.0045
[naive_seed3042] step 130/390 trained 3/3 | hop0: 0.0037 | hop1: 0.0055
[naive_seed3042] step 140/390 trained 3/3 | hop0: 0.0020 | hop1: 0.0021
[naive_seed3042] step 150/390 trained 3/3 | hop0: 0.0015 | hop1: 0.0025
[naive_seed3042] step 160/390 trained 3/3 | hop0: 0.0008 | hop1: 0.0007
[naive_seed3042] step 170/390 trained 3/3 | hop0: 0.0014 | hop1: 0.0036
[naive_seed3042] step 180/390 trained 3/3 | hop0: 0.0011 | hop1: 0.0014
[naive_seed3042] step 190/390 trained 3/3 | hop0: 0.0007 | hop1: 0.0015
[naive_seed3042] step 200/390 trained 3/3 | hop0: 0.0011 | hop1: 0.0019
[naive_seed3042] step 210/390 trained 3/3 | hop0: 0.0008 | hop1: 0.0009
[naive_seed3042] step 220/390 trained 3/3 | hop0: 0.0008 | hop1: 0.0009
[naive_seed3042] step 230/390 trained 3/3 | hop0: 0.0010 | hop1: 0.0031
[naive_seed3042] step 240/390 trained 3/3 | hop0: 0.0006 | hop1: 0.0008
[naive_seed3042] step 250/390 trained 3/3 | hop0: 0.0014 | hop1: 0.0022
[naive_seed3042] step 260/390 trained 3/3 | hop0: 0.0006 | hop1: 0.0006
[naive_seed3042] step 270/390 trained 3/3 | hop0: 0.0006 | hop1: 0.0006
[naive_seed3042] step 280/390 trained 3/3 | hop0: 0.0004 | hop1: 0.0005
[naive_seed3042] step 290/390 trained 3/3 | hop0: 0.0005 | hop1: 0.0005
[naive_seed3042] step 300/390 trained 3/3 | hop0: 0.0006 | hop1: 0.0006
[naive_seed3042] step 310/390 trained 3/3 | hop0: 0.0007 | hop1: 0.0006
[naive_seed3042] step 320/390 trained 3/3 | hop0: 0.0004 | hop1: 0.0004
[naive_seed3042] step 330/390 trained 3/3 | hop0: 0.0004 | hop1: 0.0003
[naive_seed3042] step 340/390 trained 3/3 | hop0: 0.0003 | hop1: 0.0003
[naive_seed3042] step 350/390 trained 3/3 | hop0: 0.0006 | hop1: 0.0004
[naive_seed3042] step 360/390 trained 3/3 | hop0: 0.0008 | hop1: 0.0007
[naive_seed3042] step 370/390 trained 3/3 | hop0: 0.0006 | hop1: 0.0004
[naive_seed3042] step 380/390 trained 3/3 | hop0: 0.0006 | hop1: 0.0004
[naive_seed3042] mean MSE (last 50 steps): 0.0005 | cert-MSE r=-0.371
[naive_seed3042] saved runs\chapter5_v2\s5_3_colour_three_node_v3\naive_seed3042\figures\results.png
### naive_seed3042 last50=0.00050
[certainty_seed3042] nodes=3 coverage max=3 mode=certainty steps=390
[certainty_seed3042] step 000/390 trained 3/3 | hop0: 0.0863 | hop1: 0.0850
[certainty_seed3042] step 010/390 trained 3/3 | hop0: 0.0793 | hop1: 0.0853
[certainty_seed3042] step 020/390 trained 3/3 | hop0: 0.0642 | hop1: 0.0636
[certainty_seed3042] step 030/390 trained 3/3 | hop0: 0.0620 | hop1: 0.0707
[certainty_seed3042] step 040/390 trained 3/3 | hop0: 0.0280 | hop1: 0.0407
[certainty_seed3042] step 050/390 trained 3/3 | hop0: 0.0276 | hop1: 0.0256
[certainty_seed3042] step 060/390 trained 3/3 | hop0: 0.0177 | hop1: 0.0154
[certainty_seed3042] step 070/390 trained 3/3 | hop0: 0.0115 | hop1: 0.0137
[certainty_seed3042] step 080/390 trained 3/3 | hop0: 0.0060 | hop1: 0.0075
[certainty_seed3042] step 090/390 trained 3/3 | hop0: 0.0072 | hop1: 0.0128
[certainty_seed3042] step 100/390 trained 3/3 | hop0: 0.0050 | hop1: 0.0051
[certainty_seed3042] step 110/390 trained 3/3 | hop0: 0.0045 | hop1: 0.0035
[certainty_seed3042] step 120/390 trained 3/3 | hop0: 0.0031 | hop1: 0.0045
[certainty_seed3042] step 130/390 trained 3/3 | hop0: 0.0037 | hop1: 0.0056
[certainty_seed3042] step 140/390 trained 3/3 | hop0: 0.0020 | hop1: 0.0021
[certainty_seed3042] step 150/390 trained 3/3 | hop0: 0.0015 | hop1: 0.0024
[certainty_seed3042] step 160/390 trained 3/3 | hop0: 0.0008 | hop1: 0.0007
[certainty_seed3042] step 170/390 trained 3/3 | hop0: 0.0014 | hop1: 0.0036
[certainty_seed3042] step 180/390 trained 3/3 | hop0: 0.0011 | hop1: 0.0014
[certainty_seed3042] step 190/390 trained 3/3 | hop0: 0.0007 | hop1: 0.0016
[certainty_seed3042] step 200/390 trained 3/3 | hop0: 0.0011 | hop1: 0.0019
[certainty_seed3042] step 210/390 trained 3/3 | hop0: 0.0008 | hop1: 0.0009
[certainty_seed3042] step 220/390 trained 3/3 | hop0: 0.0008 | hop1: 0.0009
[certainty_seed3042] step 230/390 trained 3/3 | hop0: 0.0010 | hop1: 0.0031
[certainty_seed3042] step 240/390 trained 3/3 | hop0: 0.0006 | hop1: 0.0008
[certainty_seed3042] step 250/390 trained 3/3 | hop0: 0.0014 | hop1: 0.0021
[certainty_seed3042] step 260/390 trained 3/3 | hop0: 0.0006 | hop1: 0.0006
[certainty_seed3042] step 270/390 trained 3/3 | hop0: 0.0006 | hop1: 0.0006
[certainty_seed3042] step 280/390 trained 3/3 | hop0: 0.0004 | hop1: 0.0005
[certainty_seed3042] step 290/390 trained 3/3 | hop0: 0.0005 | hop1: 0.0005
[certainty_seed3042] step 300/390 trained 3/3 | hop0: 0.0006 | hop1: 0.0006
[certainty_seed3042] step 310/390 trained 3/3 | hop0: 0.0007 | hop1: 0.0006
[certainty_seed3042] step 320/390 trained 3/3 | hop0: 0.0004 | hop1: 0.0004
[certainty_seed3042] step 330/390 trained 3/3 | hop0: 0.0004 | hop1: 0.0003
[certainty_seed3042] step 340/390 trained 3/3 | hop0: 0.0003 | hop1: 0.0003
[certainty_seed3042] step 350/390 trained 3/3 | hop0: 0.0006 | hop1: 0.0004
[certainty_seed3042] step 360/390 trained 3/3 | hop0: 0.0008 | hop1: 0.0006
[certainty_seed3042] step 370/390 trained 3/3 | hop0: 0.0006 | hop1: 0.0004
[certainty_seed3042] step 380/390 trained 3/3 | hop0: 0.0006 | hop1: 0.0003
[certainty_seed3042] mean MSE (last 50 steps): 0.0005 | cert-MSE r=-0.379
[certainty_seed3042] saved runs\chapter5_v2\s5_3_colour_three_node_v3\certainty_seed3042\figures\results.png
### certainty_seed3042 last50=0.00050
[nig_product_seed3042] nodes=3 coverage max=3 mode=nig_product steps=390
[nig_product_seed3042] step 000/390 trained 3/3 | hop0: 0.0863 | hop1: 0.0850
[nig_product_seed3042] step 010/390 trained 3/3 | hop0: 0.0793 | hop1: 0.0853
[nig_product_seed3042] step 020/390 trained 3/3 | hop0: 0.0642 | hop1: 0.0634
[nig_product_seed3042] step 030/390 trained 3/3 | hop0: 0.0620 | hop1: 0.0707
[nig_product_seed3042] step 040/390 trained 3/3 | hop0: 0.0280 | hop1: 0.0409
[nig_product_seed3042] step 050/390 trained 3/3 | hop0: 0.0276 | hop1: 0.0258
[nig_product_seed3042] step 060/390 trained 3/3 | hop0: 0.0177 | hop1: 0.0154
[nig_product_seed3042] step 070/390 trained 3/3 | hop0: 0.0115 | hop1: 0.0139
[nig_product_seed3042] step 080/390 trained 3/3 | hop0: 0.0060 | hop1: 0.0076
[nig_product_seed3042] step 090/390 trained 3/3 | hop0: 0.0072 | hop1: 0.0130
[nig_product_seed3042] step 100/390 trained 3/3 | hop0: 0.0050 | hop1: 0.0051
[nig_product_seed3042] step 110/390 trained 3/3 | hop0: 0.0045 | hop1: 0.0035
[nig_product_seed3042] step 120/390 trained 3/3 | hop0: 0.0031 | hop1: 0.0045
[nig_product_seed3042] step 130/390 trained 3/3 | hop0: 0.0037 | hop1: 0.0055
[nig_product_seed3042] step 140/390 trained 3/3 | hop0: 0.0020 | hop1: 0.0021
[nig_product_seed3042] step 150/390 trained 3/3 | hop0: 0.0015 | hop1: 0.0024
[nig_product_seed3042] step 160/390 trained 3/3 | hop0: 0.0008 | hop1: 0.0007
[nig_product_seed3042] step 170/390 trained 3/3 | hop0: 0.0014 | hop1: 0.0035
[nig_product_seed3042] step 180/390 trained 3/3 | hop0: 0.0011 | hop1: 0.0014
[nig_product_seed3042] step 190/390 trained 3/3 | hop0: 0.0007 | hop1: 0.0015
[nig_product_seed3042] step 200/390 trained 3/3 | hop0: 0.0011 | hop1: 0.0018
[nig_product_seed3042] step 210/390 trained 3/3 | hop0: 0.0008 | hop1: 0.0009
[nig_product_seed3042] step 220/390 trained 3/3 | hop0: 0.0008 | hop1: 0.0008
[nig_product_seed3042] step 230/390 trained 3/3 | hop0: 0.0010 | hop1: 0.0030
[nig_product_seed3042] step 240/390 trained 3/3 | hop0: 0.0006 | hop1: 0.0009
[nig_product_seed3042] step 250/390 trained 3/3 | hop0: 0.0014 | hop1: 0.0021
[nig_product_seed3042] step 260/390 trained 3/3 | hop0: 0.0006 | hop1: 0.0006
[nig_product_seed3042] step 270/390 trained 3/3 | hop0: 0.0006 | hop1: 0.0006
[nig_product_seed3042] step 280/390 trained 3/3 | hop0: 0.0004 | hop1: 0.0005
[nig_product_seed3042] step 290/390 trained 3/3 | hop0: 0.0005 | hop1: 0.0005
[nig_product_seed3042] step 300/390 trained 3/3 | hop0: 0.0006 | hop1: 0.0006
[nig_product_seed3042] step 310/390 trained 3/3 | hop0: 0.0007 | hop1: 0.0006
[nig_product_seed3042] step 320/390 trained 3/3 | hop0: 0.0004 | hop1: 0.0003
[nig_product_seed3042] step 330/390 trained 3/3 | hop0: 0.0004 | hop1: 0.0003
[nig_product_seed3042] step 340/390 trained 3/3 | hop0: 0.0003 | hop1: 0.0003
[nig_product_seed3042] step 350/390 trained 3/3 | hop0: 0.0006 | hop1: 0.0004
[nig_product_seed3042] step 360/390 trained 3/3 | hop0: 0.0008 | hop1: 0.0007
[nig_product_seed3042] step 370/390 trained 3/3 | hop0: 0.0006 | hop1: 0.0004
[nig_product_seed3042] step 380/390 trained 3/3 | hop0: 0.0006 | hop1: 0.0004
[nig_product_seed3042] mean MSE (last 50 steps): 0.0005 | cert-MSE r=-0.376
[nig_product_seed3042] saved runs\chapter5_v2\s5_3_colour_three_node_v3\nig_product_seed3042\figures\results.png
### nig_product_seed3042 last50=0.00050
[nig_product_avgtrain_seed3042] nodes=3 coverage max=3 mode=nig_product steps=390
[nig_product_avgtrain_seed3042] step 000/390 trained 3/3 | hop0: 0.0863 | hop1: 0.0852
[nig_product_avgtrain_seed3042] step 010/390 trained 3/3 | hop0: 0.0793 | hop1: 0.0881
[nig_product_avgtrain_seed3042] step 020/390 trained 3/3 | hop0: 0.0642 | hop1: 0.0692
[nig_product_avgtrain_seed3042] step 030/390 trained 3/3 | hop0: 0.0620 | hop1: 0.0893
[nig_product_avgtrain_seed3042] step 040/390 trained 3/3 | hop0: 0.0280 | hop1: 0.0553
[nig_product_avgtrain_seed3042] step 050/390 trained 3/3 | hop0: 0.0276 | hop1: 0.0428
[nig_product_avgtrain_seed3042] step 060/390 trained 3/3 | hop0: 0.0177 | hop1: 0.0256
[nig_product_avgtrain_seed3042] step 070/390 trained 3/3 | hop0: 0.0115 | hop1: 0.0179
[nig_product_avgtrain_seed3042] step 080/390 trained 3/3 | hop0: 0.0060 | hop1: 0.0092
[nig_product_avgtrain_seed3042] step 090/390 trained 3/3 | hop0: 0.0072 | hop1: 0.0151
[nig_product_avgtrain_seed3042] step 100/390 trained 3/3 | hop0: 0.0050 | hop1: 0.0065
[nig_product_avgtrain_seed3042] step 110/390 trained 3/3 | hop0: 0.0045 | hop1: 0.0049
[nig_product_avgtrain_seed3042] step 120/390 trained 3/3 | hop0: 0.0031 | hop1: 0.0051
[nig_product_avgtrain_seed3042] step 130/390 trained 3/3 | hop0: 0.0037 | hop1: 0.0074
[nig_product_avgtrain_seed3042] step 140/390 trained 3/3 | hop0: 0.0020 | hop1: 0.0023
[nig_product_avgtrain_seed3042] step 150/390 trained 3/3 | hop0: 0.0015 | hop1: 0.0032
[nig_product_avgtrain_seed3042] step 160/390 trained 3/3 | hop0: 0.0008 | hop1: 0.0009
[nig_product_avgtrain_seed3042] step 170/390 trained 3/3 | hop0: 0.0014 | hop1: 0.0032
[nig_product_avgtrain_seed3042] step 180/390 trained 3/3 | hop0: 0.0011 | hop1: 0.0016
[nig_product_avgtrain_seed3042] step 190/390 trained 3/3 | hop0: 0.0007 | hop1: 0.0020
[nig_product_avgtrain_seed3042] step 200/390 trained 3/3 | hop0: 0.0011 | hop1: 0.0016
[nig_product_avgtrain_seed3042] step 210/390 trained 3/3 | hop0: 0.0008 | hop1: 0.0008
[nig_product_avgtrain_seed3042] step 220/390 trained 3/3 | hop0: 0.0008 | hop1: 0.0006
[nig_product_avgtrain_seed3042] step 230/390 trained 3/3 | hop0: 0.0010 | hop1: 0.0033
[nig_product_avgtrain_seed3042] step 240/390 trained 3/3 | hop0: 0.0006 | hop1: 0.0010
[nig_product_avgtrain_seed3042] step 250/390 trained 3/3 | hop0: 0.0014 | hop1: 0.0027
[nig_product_avgtrain_seed3042] step 260/390 trained 3/3 | hop0: 0.0006 | hop1: 0.0007
[nig_product_avgtrain_seed3042] step 270/390 trained 3/3 | hop0: 0.0006 | hop1: 0.0008
[nig_product_avgtrain_seed3042] step 280/390 trained 3/3 | hop0: 0.0004 | hop1: 0.0004
[nig_product_avgtrain_seed3042] step 290/390 trained 3/3 | hop0: 0.0005 | hop1: 0.0004
[nig_product_avgtrain_seed3042] step 300/390 trained 3/3 | hop0: 0.0006 | hop1: 0.0005
[nig_product_avgtrain_seed3042] step 310/390 trained 3/3 | hop0: 0.0007 | hop1: 0.0006
[nig_product_avgtrain_seed3042] step 320/390 trained 3/3 | hop0: 0.0004 | hop1: 0.0003
[nig_product_avgtrain_seed3042] step 330/390 trained 3/3 | hop0: 0.0004 | hop1: 0.0004
[nig_product_avgtrain_seed3042] step 340/390 trained 3/3 | hop0: 0.0003 | hop1: 0.0004
[nig_product_avgtrain_seed3042] step 350/390 trained 3/3 | hop0: 0.0006 | hop1: 0.0003
[nig_product_avgtrain_seed3042] step 360/390 trained 3/3 | hop0: 0.0008 | hop1: 0.0007
[nig_product_avgtrain_seed3042] step 370/390 trained 3/3 | hop0: 0.0006 | hop1: 0.0005
[nig_product_avgtrain_seed3042] step 380/390 trained 3/3 | hop0: 0.0007 | hop1: 0.0004
[nig_product_avgtrain_seed3042] mean MSE (last 50 steps): 0.0005 | cert-MSE r=-0.369
[nig_product_avgtrain_seed3042] saved runs\chapter5_v2\s5_3_colour_three_node_v3\nig_product_avgtrain_seed3042\figures\results.png
### nig_product_avgtrain_seed3042 last50=0.00052
[frozen_seed4042] nodes=3 coverage max=3 mode=frozen steps=390
[frozen_seed4042] step 000/390 trained 3/3 | hop0: 0.0871 | hop1: 0.0918
[frozen_seed4042] step 010/390 trained 3/3 | hop0: 0.1059 | hop1: 0.0831
[frozen_seed4042] step 020/390 trained 3/3 | hop0: 0.0742 | hop1: 0.0650
[frozen_seed4042] step 030/390 trained 3/3 | hop0: 0.1062 | hop1: 0.1071
[frozen_seed4042] step 040/390 trained 3/3 | hop0: 0.0949 | hop1: 0.0947
[frozen_seed4042] step 050/390 trained 3/3 | hop0: 0.0966 | hop1: 0.0851
[frozen_seed4042] step 060/390 trained 3/3 | hop0: 0.0887 | hop1: 0.0858
[frozen_seed4042] step 070/390 trained 3/3 | hop0: 0.0915 | hop1: 0.0908
[frozen_seed4042] step 080/390 trained 3/3 | hop0: 0.0768 | hop1: 0.0696
[frozen_seed4042] step 090/390 trained 3/3 | hop0: 0.0894 | hop1: 0.0608
[frozen_seed4042] step 100/390 trained 3/3 | hop0: 0.0781 | hop1: 0.0886
[frozen_seed4042] step 110/390 trained 3/3 | hop0: 0.0939 | hop1: 0.0943
[frozen_seed4042] step 120/390 trained 3/3 | hop0: 0.0953 | hop1: 0.0885
[frozen_seed4042] step 130/390 trained 3/3 | hop0: 0.0876 | hop1: 0.0762
[frozen_seed4042] step 140/390 trained 3/3 | hop0: 0.0760 | hop1: 0.0823
[frozen_seed4042] step 150/390 trained 3/3 | hop0: 0.0972 | hop1: 0.0917
[frozen_seed4042] step 160/390 trained 3/3 | hop0: 0.0807 | hop1: 0.0753
[frozen_seed4042] step 170/390 trained 3/3 | hop0: 0.0828 | hop1: 0.0681
[frozen_seed4042] step 180/390 trained 3/3 | hop0: 0.0791 | hop1: 0.0674
[frozen_seed4042] step 190/390 trained 3/3 | hop0: 0.1039 | hop1: 0.1016
[frozen_seed4042] step 200/390 trained 3/3 | hop0: 0.0818 | hop1: 0.0950
[frozen_seed4042] step 210/390 trained 3/3 | hop0: 0.0798 | hop1: 0.0519
[frozen_seed4042] step 220/390 trained 3/3 | hop0: 0.1151 | hop1: 0.1102
[frozen_seed4042] step 230/390 trained 3/3 | hop0: 0.0945 | hop1: 0.0619
[frozen_seed4042] step 240/390 trained 3/3 | hop0: 0.0950 | hop1: 0.0842
[frozen_seed4042] step 250/390 trained 3/3 | hop0: 0.0843 | hop1: 0.0728
[frozen_seed4042] step 260/390 trained 3/3 | hop0: 0.0883 | hop1: 0.0761
[frozen_seed4042] step 270/390 trained 3/3 | hop0: 0.0711 | hop1: 0.0812
[frozen_seed4042] step 280/390 trained 3/3 | hop0: 0.0928 | hop1: 0.0850
[frozen_seed4042] step 290/390 trained 3/3 | hop0: 0.1082 | hop1: 0.1012
[frozen_seed4042] step 300/390 trained 3/3 | hop0: 0.1009 | hop1: 0.0979
[frozen_seed4042] step 310/390 trained 3/3 | hop0: 0.0864 | hop1: 0.1104
[frozen_seed4042] step 320/390 trained 3/3 | hop0: 0.0941 | hop1: 0.0933
[frozen_seed4042] step 330/390 trained 3/3 | hop0: 0.0760 | hop1: 0.0999
[frozen_seed4042] step 340/390 trained 3/3 | hop0: 0.0809 | hop1: 0.0956
[frozen_seed4042] step 350/390 trained 3/3 | hop0: 0.0901 | hop1: 0.0834
[frozen_seed4042] step 360/390 trained 3/3 | hop0: 0.1087 | hop1: 0.0974
[frozen_seed4042] step 370/390 trained 3/3 | hop0: 0.0780 | hop1: 0.0988
[frozen_seed4042] step 380/390 trained 3/3 | hop0: 0.1222 | hop1: 0.0994
[frozen_seed4042] mean MSE (last 50 steps): 0.0885 | cert-MSE r=-0.751
[frozen_seed4042] saved runs\chapter5_v2\s5_3_colour_three_node_v3\frozen_seed4042\figures\results.png
### frozen_seed4042 last50=0.08852
[naive_seed4042] nodes=3 coverage max=3 mode=naive steps=390
[naive_seed4042] step 000/390 trained 3/3 | hop0: 0.0859 | hop1: 0.0905
[naive_seed4042] step 010/390 trained 3/3 | hop0: 0.0876 | hop1: 0.0827
[naive_seed4042] step 020/390 trained 3/3 | hop0: 0.0465 | hop1: 0.0577
[naive_seed4042] step 030/390 trained 3/3 | hop0: 0.0603 | hop1: 0.0770
[naive_seed4042] step 040/390 trained 3/3 | hop0: 0.0362 | hop1: 0.0504
[naive_seed4042] step 050/390 trained 3/3 | hop0: 0.0292 | hop1: 0.0325
[naive_seed4042] step 060/390 trained 3/3 | hop0: 0.0203 | hop1: 0.0274
[naive_seed4042] step 070/390 trained 3/3 | hop0: 0.0135 | hop1: 0.0179
[naive_seed4042] step 080/390 trained 3/3 | hop0: 0.0055 | hop1: 0.0074
[naive_seed4042] step 090/390 trained 3/3 | hop0: 0.0054 | hop1: 0.0038
[naive_seed4042] step 100/390 trained 3/3 | hop0: 0.0035 | hop1: 0.0078
[naive_seed4042] step 110/390 trained 3/3 | hop0: 0.0019 | hop1: 0.0033
[naive_seed4042] step 120/390 trained 3/3 | hop0: 0.0034 | hop1: 0.0052
[naive_seed4042] step 130/390 trained 3/3 | hop0: 0.0016 | hop1: 0.0012
[naive_seed4042] step 140/390 trained 3/3 | hop0: 0.0011 | hop1: 0.0010
[naive_seed4042] step 150/390 trained 3/3 | hop0: 0.0006 | hop1: 0.0022
[naive_seed4042] step 160/390 trained 3/3 | hop0: 0.0007 | hop1: 0.0011
[naive_seed4042] step 170/390 trained 3/3 | hop0: 0.0007 | hop1: 0.0011
[naive_seed4042] step 180/390 trained 3/3 | hop0: 0.0007 | hop1: 0.0005
[naive_seed4042] step 190/390 trained 3/3 | hop0: 0.0009 | hop1: 0.0017
[naive_seed4042] step 200/390 trained 3/3 | hop0: 0.0006 | hop1: 0.0007
[naive_seed4042] step 210/390 trained 3/3 | hop0: 0.0009 | hop1: 0.0010
[naive_seed4042] step 220/390 trained 3/3 | hop0: 0.0005 | hop1: 0.0014
[naive_seed4042] step 230/390 trained 3/3 | hop0: 0.0008 | hop1: 0.0005
[naive_seed4042] step 240/390 trained 3/3 | hop0: 0.0006 | hop1: 0.0007
[naive_seed4042] step 250/390 trained 3/3 | hop0: 0.0008 | hop1: 0.0007
[naive_seed4042] step 260/390 trained 3/3 | hop0: 0.0005 | hop1: 0.0007
[naive_seed4042] step 270/390 trained 3/3 | hop0: 0.0005 | hop1: 0.0020
[naive_seed4042] step 280/390 trained 3/3 | hop0: 0.0006 | hop1: 0.0012
[naive_seed4042] step 290/390 trained 3/3 | hop0: 0.0010 | hop1: 0.0012
[naive_seed4042] step 300/390 trained 3/3 | hop0: 0.0008 | hop1: 0.0004
[naive_seed4042] step 310/390 trained 3/3 | hop0: 0.0005 | hop1: 0.0016
[naive_seed4042] step 320/390 trained 3/3 | hop0: 0.0006 | hop1: 0.0009
[naive_seed4042] step 330/390 trained 3/3 | hop0: 0.0004 | hop1: 0.0008
[naive_seed4042] step 340/390 trained 3/3 | hop0: 0.0006 | hop1: 0.0005
[naive_seed4042] step 350/390 trained 3/3 | hop0: 0.0008 | hop1: 0.0004
[naive_seed4042] step 360/390 trained 3/3 | hop0: 0.0007 | hop1: 0.0008
[naive_seed4042] step 370/390 trained 3/3 | hop0: 0.0004 | hop1: 0.0004
[naive_seed4042] step 380/390 trained 3/3 | hop0: 0.0006 | hop1: 0.0005
[naive_seed4042] mean MSE (last 50 steps): 0.0005 | cert-MSE r=-0.376
[naive_seed4042] saved runs\chapter5_v2\s5_3_colour_three_node_v3\naive_seed4042\figures\results.png
### naive_seed4042 last50=0.00052
[certainty_seed4042] nodes=3 coverage max=3 mode=certainty steps=390
[certainty_seed4042] step 000/390 trained 3/3 | hop0: 0.0859 | hop1: 0.0905
[certainty_seed4042] step 010/390 trained 3/3 | hop0: 0.0876 | hop1: 0.0827
[certainty_seed4042] step 020/390 trained 3/3 | hop0: 0.0465 | hop1: 0.0577
[certainty_seed4042] step 030/390 trained 3/3 | hop0: 0.0603 | hop1: 0.0770
[certainty_seed4042] step 040/390 trained 3/3 | hop0: 0.0362 | hop1: 0.0504
[certainty_seed4042] step 050/390 trained 3/3 | hop0: 0.0292 | hop1: 0.0325
[certainty_seed4042] step 060/390 trained 3/3 | hop0: 0.0203 | hop1: 0.0275
[certainty_seed4042] step 070/390 trained 3/3 | hop0: 0.0135 | hop1: 0.0179
[certainty_seed4042] step 080/390 trained 3/3 | hop0: 0.0055 | hop1: 0.0074
[certainty_seed4042] step 090/390 trained 3/3 | hop0: 0.0054 | hop1: 0.0038
[certainty_seed4042] step 100/390 trained 3/3 | hop0: 0.0035 | hop1: 0.0078
[certainty_seed4042] step 110/390 trained 3/3 | hop0: 0.0019 | hop1: 0.0033
[certainty_seed4042] step 120/390 trained 3/3 | hop0: 0.0034 | hop1: 0.0052
[certainty_seed4042] step 130/390 trained 3/3 | hop0: 0.0016 | hop1: 0.0012
[certainty_seed4042] step 140/390 trained 3/3 | hop0: 0.0011 | hop1: 0.0010
[certainty_seed4042] step 150/390 trained 3/3 | hop0: 0.0006 | hop1: 0.0022
[certainty_seed4042] step 160/390 trained 3/3 | hop0: 0.0007 | hop1: 0.0011
[certainty_seed4042] step 170/390 trained 3/3 | hop0: 0.0007 | hop1: 0.0010
[certainty_seed4042] step 180/390 trained 3/3 | hop0: 0.0007 | hop1: 0.0005
[certainty_seed4042] step 190/390 trained 3/3 | hop0: 0.0009 | hop1: 0.0017
[certainty_seed4042] step 200/390 trained 3/3 | hop0: 0.0006 | hop1: 0.0007
[certainty_seed4042] step 210/390 trained 3/3 | hop0: 0.0009 | hop1: 0.0009
[certainty_seed4042] step 220/390 trained 3/3 | hop0: 0.0005 | hop1: 0.0014
[certainty_seed4042] step 230/390 trained 3/3 | hop0: 0.0008 | hop1: 0.0005
[certainty_seed4042] step 240/390 trained 3/3 | hop0: 0.0006 | hop1: 0.0008
[certainty_seed4042] step 250/390 trained 3/3 | hop0: 0.0008 | hop1: 0.0008
[certainty_seed4042] step 260/390 trained 3/3 | hop0: 0.0005 | hop1: 0.0008
[certainty_seed4042] step 270/390 trained 3/3 | hop0: 0.0005 | hop1: 0.0020
[certainty_seed4042] step 280/390 trained 3/3 | hop0: 0.0006 | hop1: 0.0012
[certainty_seed4042] step 290/390 trained 3/3 | hop0: 0.0011 | hop1: 0.0013
[certainty_seed4042] step 300/390 trained 3/3 | hop0: 0.0008 | hop1: 0.0004
[certainty_seed4042] step 310/390 trained 3/3 | hop0: 0.0005 | hop1: 0.0017
[certainty_seed4042] step 320/390 trained 3/3 | hop0: 0.0005 | hop1: 0.0009
[certainty_seed4042] step 330/390 trained 3/3 | hop0: 0.0004 | hop1: 0.0008
[certainty_seed4042] step 340/390 trained 3/3 | hop0: 0.0006 | hop1: 0.0005
[certainty_seed4042] step 350/390 trained 3/3 | hop0: 0.0008 | hop1: 0.0004
[certainty_seed4042] step 360/390 trained 3/3 | hop0: 0.0007 | hop1: 0.0007
[certainty_seed4042] step 370/390 trained 3/3 | hop0: 0.0004 | hop1: 0.0004
[certainty_seed4042] step 380/390 trained 3/3 | hop0: 0.0006 | hop1: 0.0006
[certainty_seed4042] mean MSE (last 50 steps): 0.0005 | cert-MSE r=-0.454
[certainty_seed4042] saved runs\chapter5_v2\s5_3_colour_three_node_v3\certainty_seed4042\figures\results.png
### certainty_seed4042 last50=0.00052
[nig_product_seed4042] nodes=3 coverage max=3 mode=nig_product steps=390
[nig_product_seed4042] step 000/390 trained 3/3 | hop0: 0.0859 | hop1: 0.0906
[nig_product_seed4042] step 010/390 trained 3/3 | hop0: 0.0876 | hop1: 0.0828
[nig_product_seed4042] step 020/390 trained 3/3 | hop0: 0.0465 | hop1: 0.0575
[nig_product_seed4042] step 030/390 trained 3/3 | hop0: 0.0603 | hop1: 0.0765
[nig_product_seed4042] step 040/390 trained 3/3 | hop0: 0.0362 | hop1: 0.0501
[nig_product_seed4042] step 050/390 trained 3/3 | hop0: 0.0292 | hop1: 0.0325
[nig_product_seed4042] step 060/390 trained 3/3 | hop0: 0.0203 | hop1: 0.0274
[nig_product_seed4042] step 070/390 trained 3/3 | hop0: 0.0135 | hop1: 0.0177
[nig_product_seed4042] step 080/390 trained 3/3 | hop0: 0.0055 | hop1: 0.0074
[nig_product_seed4042] step 090/390 trained 3/3 | hop0: 0.0054 | hop1: 0.0039
[nig_product_seed4042] step 100/390 trained 3/3 | hop0: 0.0035 | hop1: 0.0079
[nig_product_seed4042] step 110/390 trained 3/3 | hop0: 0.0019 | hop1: 0.0034
[nig_product_seed4042] step 120/390 trained 3/3 | hop0: 0.0034 | hop1: 0.0053
[nig_product_seed4042] step 130/390 trained 3/3 | hop0: 0.0016 | hop1: 0.0013
[nig_product_seed4042] step 140/390 trained 3/3 | hop0: 0.0011 | hop1: 0.0010
[nig_product_seed4042] step 150/390 trained 3/3 | hop0: 0.0006 | hop1: 0.0022
[nig_product_seed4042] step 160/390 trained 3/3 | hop0: 0.0007 | hop1: 0.0011
[nig_product_seed4042] step 170/390 trained 3/3 | hop0: 0.0007 | hop1: 0.0011
[nig_product_seed4042] step 180/390 trained 3/3 | hop0: 0.0007 | hop1: 0.0005
[nig_product_seed4042] step 190/390 trained 3/3 | hop0: 0.0009 | hop1: 0.0017
[nig_product_seed4042] step 200/390 trained 3/3 | hop0: 0.0006 | hop1: 0.0007
[nig_product_seed4042] step 210/390 trained 3/3 | hop0: 0.0009 | hop1: 0.0010
[nig_product_seed4042] step 220/390 trained 3/3 | hop0: 0.0005 | hop1: 0.0014
[nig_product_seed4042] step 230/390 trained 3/3 | hop0: 0.0008 | hop1: 0.0005
[nig_product_seed4042] step 240/390 trained 3/3 | hop0: 0.0006 | hop1: 0.0007
[nig_product_seed4042] step 250/390 trained 3/3 | hop0: 0.0008 | hop1: 0.0008
[nig_product_seed4042] step 260/390 trained 3/3 | hop0: 0.0005 | hop1: 0.0007
[nig_product_seed4042] step 270/390 trained 3/3 | hop0: 0.0005 | hop1: 0.0020
[nig_product_seed4042] step 280/390 trained 3/3 | hop0: 0.0006 | hop1: 0.0012
[nig_product_seed4042] step 290/390 trained 3/3 | hop0: 0.0011 | hop1: 0.0012
[nig_product_seed4042] step 300/390 trained 3/3 | hop0: 0.0008 | hop1: 0.0004
[nig_product_seed4042] step 310/390 trained 3/3 | hop0: 0.0005 | hop1: 0.0018
[nig_product_seed4042] step 320/390 trained 3/3 | hop0: 0.0006 | hop1: 0.0011
[nig_product_seed4042] step 330/390 trained 3/3 | hop0: 0.0004 | hop1: 0.0008
[nig_product_seed4042] step 340/390 trained 3/3 | hop0: 0.0006 | hop1: 0.0005
[nig_product_seed4042] step 350/390 trained 3/3 | hop0: 0.0008 | hop1: 0.0004
[nig_product_seed4042] step 360/390 trained 3/3 | hop0: 0.0007 | hop1: 0.0007
[nig_product_seed4042] step 370/390 trained 3/3 | hop0: 0.0003 | hop1: 0.0004
[nig_product_seed4042] step 380/390 trained 3/3 | hop0: 0.0006 | hop1: 0.0004
[nig_product_seed4042] mean MSE (last 50 steps): 0.0005 | cert-MSE r=-0.348
[nig_product_seed4042] saved runs\chapter5_v2\s5_3_colour_three_node_v3\nig_product_seed4042\figures\results.png
### nig_product_seed4042 last50=0.00050
[nig_product_avgtrain_seed4042] nodes=3 coverage max=3 mode=nig_product steps=390
[nig_product_avgtrain_seed4042] step 000/390 trained 3/3 | hop0: 0.0859 | hop1: 0.0909
[nig_product_avgtrain_seed4042] step 010/390 trained 3/3 | hop0: 0.0876 | hop1: 0.0847
[nig_product_avgtrain_seed4042] step 020/390 trained 3/3 | hop0: 0.0465 | hop1: 0.0624
[nig_product_avgtrain_seed4042] step 030/390 trained 3/3 | hop0: 0.0603 | hop1: 0.0848
[nig_product_avgtrain_seed4042] step 040/390 trained 3/3 | hop0: 0.0362 | hop1: 0.0559
[nig_product_avgtrain_seed4042] step 050/390 trained 3/3 | hop0: 0.0292 | hop1: 0.0334
[nig_product_avgtrain_seed4042] step 060/390 trained 3/3 | hop0: 0.0203 | hop1: 0.0287
[nig_product_avgtrain_seed4042] step 070/390 trained 3/3 | hop0: 0.0135 | hop1: 0.0214
[nig_product_avgtrain_seed4042] step 080/390 trained 3/3 | hop0: 0.0055 | hop1: 0.0080
[nig_product_avgtrain_seed4042] step 090/390 trained 3/3 | hop0: 0.0054 | hop1: 0.0041
[nig_product_avgtrain_seed4042] step 100/390 trained 3/3 | hop0: 0.0035 | hop1: 0.0087
[nig_product_avgtrain_seed4042] step 110/390 trained 3/3 | hop0: 0.0019 | hop1: 0.0035
[nig_product_avgtrain_seed4042] step 120/390 trained 3/3 | hop0: 0.0034 | hop1: 0.0058
[nig_product_avgtrain_seed4042] step 130/390 trained 3/3 | hop0: 0.0016 | hop1: 0.0012
[nig_product_avgtrain_seed4042] step 140/390 trained 3/3 | hop0: 0.0011 | hop1: 0.0009
[nig_product_avgtrain_seed4042] step 150/390 trained 3/3 | hop0: 0.0006 | hop1: 0.0018
[nig_product_avgtrain_seed4042] step 160/390 trained 3/3 | hop0: 0.0007 | hop1: 0.0012
[nig_product_avgtrain_seed4042] step 170/390 trained 3/3 | hop0: 0.0007 | hop1: 0.0011
[nig_product_avgtrain_seed4042] step 180/390 trained 3/3 | hop0: 0.0007 | hop1: 0.0005
[nig_product_avgtrain_seed4042] step 190/390 trained 3/3 | hop0: 0.0009 | hop1: 0.0016
[nig_product_avgtrain_seed4042] step 200/390 trained 3/3 | hop0: 0.0006 | hop1: 0.0008
[nig_product_avgtrain_seed4042] step 210/390 trained 3/3 | hop0: 0.0009 | hop1: 0.0010
[nig_product_avgtrain_seed4042] step 220/390 trained 3/3 | hop0: 0.0005 | hop1: 0.0006
[nig_product_avgtrain_seed4042] step 230/390 trained 3/3 | hop0: 0.0008 | hop1: 0.0004
[nig_product_avgtrain_seed4042] step 240/390 trained 3/3 | hop0: 0.0006 | hop1: 0.0004
[nig_product_avgtrain_seed4042] step 250/390 trained 3/3 | hop0: 0.0008 | hop1: 0.0007
[nig_product_avgtrain_seed4042] step 260/390 trained 3/3 | hop0: 0.0005 | hop1: 0.0005
[nig_product_avgtrain_seed4042] step 270/390 trained 3/3 | hop0: 0.0005 | hop1: 0.0021
[nig_product_avgtrain_seed4042] step 280/390 trained 3/3 | hop0: 0.0006 | hop1: 0.0007
[nig_product_avgtrain_seed4042] step 290/390 trained 3/3 | hop0: 0.0010 | hop1: 0.0014
[nig_product_avgtrain_seed4042] step 300/390 trained 3/3 | hop0: 0.0008 | hop1: 0.0004
[nig_product_avgtrain_seed4042] step 310/390 trained 3/3 | hop0: 0.0005 | hop1: 0.0018
[nig_product_avgtrain_seed4042] step 320/390 trained 3/3 | hop0: 0.0006 | hop1: 0.0013
[nig_product_avgtrain_seed4042] step 330/390 trained 3/3 | hop0: 0.0004 | hop1: 0.0009
[nig_product_avgtrain_seed4042] step 340/390 trained 3/3 | hop0: 0.0006 | hop1: 0.0004
[nig_product_avgtrain_seed4042] step 350/390 trained 3/3 | hop0: 0.0008 | hop1: 0.0004
[nig_product_avgtrain_seed4042] step 360/390 trained 3/3 | hop0: 0.0007 | hop1: 0.0006
[nig_product_avgtrain_seed4042] step 370/390 trained 3/3 | hop0: 0.0003 | hop1: 0.0003
[nig_product_avgtrain_seed4042] step 380/390 trained 3/3 | hop0: 0.0005 | hop1: 0.0004
[nig_product_avgtrain_seed4042] mean MSE (last 50 steps): 0.0005 | cert-MSE r=-0.136
[nig_product_avgtrain_seed4042] saved runs\chapter5_v2\s5_3_colour_three_node_v3\nig_product_avgtrain_seed4042\figures\results.png
### nig_product_avgtrain_seed4042 last50=0.00047
=== DONE ===
