wrapper check
  product  nu*=7.0000 alpha*=12.0000 beta*=0.150500 gamma*=0.110000
  averaged nu*=2.3333 alpha*=3.0000 beta*=0.050167 gamma*=0.110000
  nu* sum->mean: 7.0000 -> 2.3333 (expect mean of [2.0, 4.0, 1.0] = 2.3333)
  gamma* unchanged: |d| = 0.000e+00
  PASSED

rebound fuse_nig_product in stage6_spatial_mesh.runner
[avg_training_seed1042] nodes=36 coverage max=9 mode=nig_product steps=390
[avg_training_seed1042] step 000/390 trained 36/36 | hop0: 0.0928 | hop1: 0.1063
[avg_training_seed1042] step 010/390 trained 36/36 | hop0: 0.0798 | hop1: 0.0931 | hop2: 0.1631
[avg_training_seed1042] step 020/390 trained 36/36 | hop0: 0.0672 | hop1: 0.0794
[avg_training_seed1042] step 030/390 trained 36/36 | hop0: 0.0727 | hop1: 0.0943 | hop2: 0.1100
[avg_training_seed1042] step 040/390 trained 36/36 | hop0: 0.0594 | hop1: 0.0781 | hop2: 0.1440
[avg_training_seed1042] step 050/390 trained 36/36 | hop0: 0.0532 | hop1: 0.0630 | hop2: 0.1117
[avg_training_seed1042] step 060/390 trained 36/36 | hop0: 0.0527 | hop1: 0.0546 | hop2: 0.0950
[avg_training_seed1042] step 070/390 trained 36/36 | hop0: 0.0388 | hop1: 0.0489 | hop2: 0.0905
[avg_training_seed1042] step 080/390 trained 36/36 | hop0: 0.0311 | hop1: 0.0524 | hop2: 0.1329
[avg_training_seed1042] step 090/390 trained 36/36 | hop0: 0.0307 | hop1: 0.0476 | hop2: 0.1146
[avg_training_seed1042] step 100/390 trained 36/36 | hop0: 0.0329 | hop1: 0.0437
[avg_training_seed1042] step 110/390 trained 36/36 | hop0: 0.0240 | hop1: 0.0395 | hop2: 0.0703
[avg_training_seed1042] step 120/390 trained 36/36 | hop0: 0.0325 | hop1: 0.0517 | hop2: 0.0390
[avg_training_seed1042] step 130/390 trained 36/36 | hop0: 0.0432 | hop1: 0.0368 | hop2: 0.0428
[avg_training_seed1042] step 140/390 trained 36/36 | hop0: 0.0482 | hop1: 0.0223 | hop2: 0.0462
[avg_training_seed1042] step 150/390 trained 36/36 | hop0: 0.0316 | hop1: 0.0313 | hop2: 0.0316
[avg_training_seed1042] step 160/390 trained 36/36 | hop0: 0.0117 | hop1: 0.0282 | hop2: 0.0361
[avg_training_seed1042] step 170/390 trained 36/36 | hop0: 0.0100 | hop1: 0.0204 | hop2: 0.0661
[avg_training_seed1042] step 180/390 trained 36/36 | hop0: 0.0075 | hop1: 0.0191 | hop2: 0.0541
[avg_training_seed1042] step 190/390 trained 36/36 | hop0: 0.0148 | hop1: 0.0206
[avg_training_seed1042] step 200/390 trained 36/36 | hop0: 0.0104 | hop1: 0.0162 | hop2: 0.0082
[avg_training_seed1042] step 210/390 trained 36/36 | hop0: 0.0062 | hop1: 0.0156
[avg_training_seed1042] step 220/390 trained 36/36 | hop0: 0.0066 | hop1: 0.0088 | hop2: 0.0317
[avg_training_seed1042] step 230/390 trained 36/36 | hop0: 0.0092 | hop1: 0.0088 | hop2: 0.0141
[avg_training_seed1042] step 240/390 trained 36/36 | hop0: 0.0073 | hop1: 0.0098 | hop2: 0.0219
[avg_training_seed1042] step 250/390 trained 36/36 | hop0: 0.0059 | hop1: 0.0107 | hop2: 0.0308
[avg_training_seed1042] step 260/390 trained 36/36 | hop0: 0.0071 | hop1: 0.0119 | hop2: 0.0311
[avg_training_seed1042] step 270/390 trained 36/36 | hop0: 0.0063 | hop1: 0.0103
[avg_training_seed1042] step 280/390 trained 36/36 | hop0: 0.0036 | hop1: 0.0110
[avg_training_seed1042] step 290/390 trained 36/36 | hop0: 0.0026 | hop1: 0.0146
[avg_training_seed1042] step 300/390 trained 36/36 | hop0: 0.0061 | hop1: 0.0149 | hop2: 0.0016
[avg_training_seed1042] step 310/390 trained 36/36 | hop0: 0.0028 | hop1: 0.0092 | hop2: 0.0118
[avg_training_seed1042] step 320/390 trained 36/36 | hop0: 0.0038 | hop1: 0.0063 | hop2: 0.0148
[avg_training_seed1042] step 330/390 trained 36/36 | hop0: 0.0023 | hop1: 0.0037 | hop2: 0.0060
[avg_training_seed1042] step 340/390 trained 36/36 | hop0: 0.0024 | hop1: 0.0062 | hop2: 0.0128
[avg_training_seed1042] step 350/390 trained 36/36 | hop0: 0.0023 | hop1: 0.0115 | hop2: 0.0203
[avg_training_seed1042] step 360/390 trained 36/36 | hop0: 0.0043 | hop1: 0.0103 | hop2: 0.0490
[avg_training_seed1042] step 370/390 trained 36/36 | hop0: 0.0069 | hop1: 0.0222 | hop2: 0.0530
[avg_training_seed1042] step 380/390 trained 36/36 | hop0: 0.0076 | hop1: 0.0270 | hop2: 0.0598
[avg_training_seed1042] mean MSE (last 50 steps): 0.0200 | cert-MSE r=-0.659
[avg_training_seed1042] saved runs\chapter5_v2\s5_diag_avg_training\avg_training_seed1042\figures\results.png

### avg_training_seed1042 last50=0.02002
[avg_training_seed2042] nodes=36 coverage max=9 mode=nig_product steps=390
[avg_training_seed2042] step 000/390 trained 36/36 | hop0: 0.0980 | hop1: 0.0859 | hop2: 0.0995
[avg_training_seed2042] step 010/390 trained 36/36 | hop0: 0.0878 | hop1: 0.1094 | hop2: 0.1060
[avg_training_seed2042] step 020/390 trained 36/36 | hop0: 0.0703 | hop1: 0.0867 | hop2: 0.1094
[avg_training_seed2042] step 030/390 trained 36/36 | hop0: 0.0678 | hop1: 0.0761 | hop2: 0.1082
[avg_training_seed2042] step 040/390 trained 36/36 | hop0: 0.0444 | hop1: 0.0820 | hop2: 0.1344
[avg_training_seed2042] step 050/390 trained 36/36 | hop0: 0.0485 | hop1: 0.0688 | hop2: 0.1111 | hop3: 0.1664
[avg_training_seed2042] step 060/390 trained 36/36 | hop0: 0.0612 | hop1: 0.0582 | hop2: 0.1191
[avg_training_seed2042] step 070/390 trained 36/36 | hop0: 0.0471 | hop1: 0.0627 | hop2: 0.1287
[avg_training_seed2042] step 080/390 trained 36/36 | hop0: 0.0353 | hop1: 0.0536 | hop2: 0.0951
[avg_training_seed2042] step 090/390 trained 36/36 | hop0: 0.0233 | hop1: 0.0455 | hop2: 0.1150
[avg_training_seed2042] step 100/390 trained 36/36 | hop0: 0.0231 | hop1: 0.0387 | hop2: 0.0934
[avg_training_seed2042] step 110/390 trained 36/36 | hop0: 0.0297 | hop1: 0.0417 | hop2: 0.1031
[avg_training_seed2042] step 120/390 trained 36/36 | hop0: 0.0240 | hop1: 0.0512
[avg_training_seed2042] step 130/390 trained 36/36 | hop0: 0.0189 | hop1: 0.0423 | hop2: 0.1436
[avg_training_seed2042] step 140/390 trained 36/36 | hop0: 0.0211 | hop1: 0.0385 | hop2: 0.1385
[avg_training_seed2042] step 150/390 trained 36/36 | hop0: 0.0121 | hop1: 0.0213 | hop2: 0.0740
[avg_training_seed2042] step 160/390 trained 36/36 | hop0: 0.0083 | hop1: 0.0243 | hop2: 0.0788
[avg_training_seed2042] step 170/390 trained 36/36 | hop0: 0.0057 | hop1: 0.0257 | hop2: 0.0976
[avg_training_seed2042] step 180/390 trained 36/36 | hop0: 0.0093 | hop1: 0.0198 | hop2: 0.0665
[avg_training_seed2042] step 190/390 trained 36/36 | hop0: 0.0225 | hop1: 0.0211 | hop2: 0.0761
[avg_training_seed2042] step 200/390 trained 36/36 | hop0: 0.0106 | hop1: 0.0210
[avg_training_seed2042] step 210/390 trained 36/36 | hop0: 0.0073 | hop1: 0.0094
[avg_training_seed2042] step 220/390 trained 36/36 | hop0: 0.0053 | hop1: 0.0073 | hop2: 0.0229
[avg_training_seed2042] step 230/390 trained 36/36 | hop0: 0.0042 | hop1: 0.0116 | hop2: 0.0303
[avg_training_seed2042] step 240/390 trained 36/36 | hop0: 0.0066 | hop1: 0.0165 | hop2: 0.0376
[avg_training_seed2042] step 250/390 trained 36/36 | hop0: 0.0067 | hop1: 0.0143 | hop2: 0.0240
[avg_training_seed2042] step 260/390 trained 36/36 | hop0: 0.0080 | hop1: 0.0124 | hop2: 0.0204
[avg_training_seed2042] step 270/390 trained 36/36 | hop0: 0.0087 | hop1: 0.0095 | hop2: 0.0299 | hop3: 0.0552
[avg_training_seed2042] step 280/390 trained 36/36 | hop0: 0.0086 | hop1: 0.0154 | hop2: 0.0172
[avg_training_seed2042] step 290/390 trained 36/36 | hop0: 0.0041 | hop1: 0.0186 | hop2: 0.0111
[avg_training_seed2042] step 300/390 trained 36/36 | hop0: 0.0022 | hop1: 0.0053 | hop2: 0.0336 | hop3: 0.0237
[avg_training_seed2042] step 310/390 trained 36/36 | hop0: 0.0027 | hop1: 0.0047 | hop2: 0.0218 | hop3: 0.0193
[avg_training_seed2042] step 320/390 trained 36/36 | hop0: 0.0023 | hop1: 0.0038 | hop2: 0.0151
[avg_training_seed2042] step 330/390 trained 36/36 | hop0: 0.0022 | hop1: 0.0036 | hop2: 0.0086 | hop3: 0.0126
[avg_training_seed2042] step 340/390 trained 36/36 | hop0: 0.0016 | hop1: 0.0039 | hop2: 0.0094 | hop3: 0.0115
[avg_training_seed2042] step 350/390 trained 36/36 | hop0: 0.0029 | hop1: 0.0064 | hop2: 0.0291 | hop3: 0.0450
[avg_training_seed2042] step 360/390 trained 36/36 | hop0: 0.0037 | hop1: 0.0103 | hop2: 0.0552
[avg_training_seed2042] step 370/390 trained 36/36 | hop0: 0.0041 | hop1: 0.0146 | hop2: 0.0601
[avg_training_seed2042] step 380/390 trained 36/36 | hop0: 0.0050 | hop1: 0.0107 | hop2: 0.0435
[avg_training_seed2042] mean MSE (last 50 steps): 0.0158 | cert-MSE r=-0.677
[avg_training_seed2042] saved runs\chapter5_v2\s5_diag_avg_training\avg_training_seed2042\figures\results.png

### avg_training_seed2042 last50=0.01581
[avg_training_seed3042] nodes=36 coverage max=9 mode=nig_product steps=390
[avg_training_seed3042] step 000/390 trained 36/36 | hop0: 0.0953 | hop1: 0.0940 | hop2: 0.1608
[avg_training_seed3042] step 010/390 trained 36/36 | hop0: 0.0762 | hop1: 0.1126
[avg_training_seed3042] step 020/390 trained 36/36 | hop0: 0.0810 | hop1: 0.1046
[avg_training_seed3042] step 030/390 trained 36/36 | hop0: 0.0795 | hop1: 0.1030
[avg_training_seed3042] step 040/390 trained 36/36 | hop0: 0.0785 | hop1: 0.0803
[avg_training_seed3042] step 050/390 trained 36/36 | hop0: 0.0650 | hop1: 0.0619 | hop2: 0.0546
[avg_training_seed3042] step 060/390 trained 36/36 | hop0: 0.0815 | hop1: 0.0551 | hop2: 0.0572
[avg_training_seed3042] step 070/390 trained 36/36 | hop0: 0.0530 | hop1: 0.0569 | hop2: 0.0795
[avg_training_seed3042] step 080/390 trained 36/36 | hop0: 0.0351 | hop1: 0.0522 | hop2: 0.0908
[avg_training_seed3042] step 090/390 trained 36/36 | hop0: 0.0354 | hop1: 0.0512 | hop2: 0.0828 | hop3: 0.0695
[avg_training_seed3042] step 100/390 trained 36/36 | hop0: 0.0402 | hop1: 0.0484 | hop2: 0.0706
[avg_training_seed3042] step 110/390 trained 36/36 | hop0: 0.0412 | hop1: 0.0513 | hop2: 0.0647
[avg_training_seed3042] step 120/390 trained 36/36 | hop0: 0.0361 | hop1: 0.0636 | hop2: 0.0392
[avg_training_seed3042] step 130/390 trained 36/36 | hop0: 0.0369 | hop1: 0.0584 | hop2: 0.0710
[avg_training_seed3042] step 140/390 trained 36/36 | hop0: 0.0454 | hop1: 0.0480 | hop2: 0.0223
[avg_training_seed3042] step 150/390 trained 36/36 | hop0: 0.0471 | hop1: 0.0311 | hop2: 0.0148
[avg_training_seed3042] step 160/390 trained 36/36 | hop0: 0.0352 | hop1: 0.0346 | hop2: 0.0139
[avg_training_seed3042] step 170/390 trained 36/36 | hop0: 0.0305 | hop1: 0.0335 | hop2: 0.0115
[avg_training_seed3042] step 180/390 trained 36/36 | hop0: 0.0366 | hop1: 0.0242
[avg_training_seed3042] step 190/390 trained 36/36 | hop0: 0.0352 | hop1: 0.0248
[avg_training_seed3042] step 200/390 trained 36/36 | hop0: 0.0333 | hop1: 0.0226
[avg_training_seed3042] step 210/390 trained 36/36 | hop0: 0.0194 | hop1: 0.0161 | hop2: 0.0059
[avg_training_seed3042] step 220/390 trained 36/36 | hop0: 0.0179 | hop1: 0.0165 | hop2: 0.0070
[avg_training_seed3042] step 230/390 trained 36/36 | hop0: 0.0192 | hop1: 0.0142 | hop2: 0.0063
[avg_training_seed3042] step 240/390 trained 36/36 | hop0: 0.0173 | hop1: 0.0142 | hop2: 0.0290
[avg_training_seed3042] step 250/390 trained 36/36 | hop0: 0.0135 | hop1: 0.0149 | hop2: 0.0378
[avg_training_seed3042] step 260/390 trained 36/36 | hop0: 0.0134 | hop1: 0.0191 | hop2: 0.0439
[avg_training_seed3042] step 270/390 trained 36/36 | hop0: 0.0105 | hop1: 0.0160 | hop2: 0.0247
[avg_training_seed3042] step 280/390 trained 36/36 | hop0: 0.0041 | hop1: 0.0140 | hop2: 0.0224
[avg_training_seed3042] step 290/390 trained 36/36 | hop0: 0.0058 | hop1: 0.0163
[avg_training_seed3042] step 300/390 trained 36/36 | hop0: 0.0067 | hop1: 0.0120 | hop2: 0.0133
[avg_training_seed3042] step 310/390 trained 36/36 | hop0: 0.0043 | hop1: 0.0087 | hop2: 0.0146
[avg_training_seed3042] step 320/390 trained 36/36 | hop0: 0.0020 | hop1: 0.0043 | hop2: 0.0063
[avg_training_seed3042] step 330/390 trained 36/36 | hop0: 0.0021 | hop1: 0.0025
[avg_training_seed3042] step 340/390 trained 36/36 | hop0: 0.0033 | hop1: 0.0052
[avg_training_seed3042] step 350/390 trained 36/36 | hop0: 0.0115 | hop1: 0.0064 | hop2: 0.0071
[avg_training_seed3042] step 360/390 trained 36/36 | hop0: 0.0102 | hop1: 0.0110 | hop2: 0.0090
[avg_training_seed3042] step 370/390 trained 36/36 | hop0: 0.0072 | hop1: 0.0129
[avg_training_seed3042] step 380/390 trained 36/36 | hop0: 0.0059 | hop1: 0.0130 | hop2: 0.0194
[avg_training_seed3042] mean MSE (last 50 steps): 0.0124 | cert-MSE r=0.060
[avg_training_seed3042] saved runs\chapter5_v2\s5_diag_avg_training\avg_training_seed3042\figures\results.png

### avg_training_seed3042 last50=0.01240
[avg_training_seed4042] nodes=36 coverage max=9 mode=nig_product steps=390
[avg_training_seed4042] step 000/390 trained 36/36 | hop0: 0.0888 | hop1: 0.0993 | hop2: 0.1200
[avg_training_seed4042] step 010/390 trained 36/36 | hop0: 0.0717 | hop1: 0.0942
[avg_training_seed4042] step 020/390 trained 36/36 | hop0: 0.0647 | hop1: 0.0966 | hop2: 0.1788
[avg_training_seed4042] step 030/390 trained 36/36 | hop0: 0.0677 | hop1: 0.0890 | hop2: 0.1032
[avg_training_seed4042] step 040/390 trained 36/36 | hop0: 0.0629 | hop1: 0.0781 | hop2: 0.1220
[avg_training_seed4042] step 050/390 trained 36/36 | hop0: 0.0546 | hop1: 0.0783 | hop2: 0.1537
[avg_training_seed4042] step 060/390 trained 36/36 | hop0: 0.0440 | hop1: 0.0610 | hop2: 0.1330
[avg_training_seed4042] step 070/390 trained 36/36 | hop0: 0.0386 | hop1: 0.0650 | hop2: 0.1462
[avg_training_seed4042] step 080/390 trained 36/36 | hop0: 0.0386 | hop1: 0.0510 | hop2: 0.1025
[avg_training_seed4042] step 090/390 trained 36/36 | hop0: 0.0216 | hop1: 0.0511 | hop2: 0.1287 | hop3: 0.1819
[avg_training_seed4042] step 100/390 trained 36/36 | hop0: 0.0262 | hop1: 0.0473 | hop2: 0.0999 | hop3: 0.1384
[avg_training_seed4042] step 110/390 trained 36/36 | hop0: 0.0364 | hop1: 0.0652 | hop2: 0.1648
[avg_training_seed4042] step 120/390 trained 36/36 | hop0: 0.0600 | hop1: 0.0530 | hop2: 0.0919
[avg_training_seed4042] step 130/390 trained 36/36 | hop0: 0.0825 | hop1: 0.0508
[avg_training_seed4042] step 140/390 trained 36/36 | hop0: 0.0799 | hop1: 0.0401 | hop2: 0.0351
[avg_training_seed4042] step 150/390 trained 36/36 | hop0: 0.0631 | hop1: 0.0443 | hop2: 0.0322
[avg_training_seed4042] step 160/390 trained 36/36 | hop0: 0.0262 | hop1: 0.0340 | hop2: 0.0319
[avg_training_seed4042] step 170/390 trained 36/36 | hop0: 0.0142 | hop1: 0.0333 | hop2: 0.0324
[avg_training_seed4042] step 180/390 trained 36/36 | hop0: 0.0210 | hop1: 0.0258 | hop2: 0.0425
[avg_training_seed4042] step 190/390 trained 36/36 | hop0: 0.0176 | hop1: 0.0260 | hop2: 0.0409
[avg_training_seed4042] step 200/390 trained 36/36 | hop0: 0.0158 | hop1: 0.0228 | hop2: 0.0333
[avg_training_seed4042] step 210/390 trained 36/36 | hop0: 0.0104 | hop1: 0.0241 | hop2: 0.0470
[avg_training_seed4042] step 220/390 trained 36/36 | hop0: 0.0120 | hop1: 0.0258 | hop2: 0.0728
[avg_training_seed4042] step 230/390 trained 36/36 | hop0: 0.0184 | hop1: 0.0225
[avg_training_seed4042] step 240/390 trained 36/36 | hop0: 0.0199 | hop1: 0.0255
[avg_training_seed4042] step 250/390 trained 36/36 | hop0: 0.0087 | hop1: 0.0275 | hop2: 0.0202
[avg_training_seed4042] step 260/390 trained 36/36 | hop0: 0.0239 | hop1: 0.0200 | hop2: 0.0126
[avg_training_seed4042] step 270/390 trained 36/36 | hop0: 0.0052 | hop1: 0.0192 | hop2: 0.0075
[avg_training_seed4042] step 280/390 trained 36/36 | hop0: 0.0057 | hop1: 0.0216 | hop2: 0.0108
[avg_training_seed4042] step 290/390 trained 36/36 | hop0: 0.0084 | hop1: 0.0138 | hop2: 0.0155
[avg_training_seed4042] step 300/390 trained 36/36 | hop0: 0.0042 | hop1: 0.0109 | hop2: 0.0076
[avg_training_seed4042] step 310/390 trained 36/36 | hop0: 0.0077 | hop1: 0.0067 | hop2: 0.0104
[avg_training_seed4042] step 320/390 trained 36/36 | hop0: 0.0047 | hop1: 0.0065 | hop2: 0.0151
[avg_training_seed4042] step 330/390 trained 36/36 | hop0: 0.0030 | hop1: 0.0045 | hop2: 0.0047
[avg_training_seed4042] step 340/390 trained 36/36 | hop0: 0.0107 | hop1: 0.0050 | hop2: 0.0043
[avg_training_seed4042] step 350/390 trained 36/36 | hop0: 0.0136 | hop1: 0.0072 | hop2: 0.0033
[avg_training_seed4042] step 360/390 trained 36/36 | hop0: 0.0120 | hop1: 0.0096
[avg_training_seed4042] step 370/390 trained 36/36 | hop0: 0.0092 | hop1: 0.0132 | hop2: 0.0214
[avg_training_seed4042] step 380/390 trained 36/36 | hop0: 0.0049 | hop1: 0.0145 | hop2: 0.0384
[avg_training_seed4042] mean MSE (last 50 steps): 0.0127 | cert-MSE r=-0.182
[avg_training_seed4042] saved runs\chapter5_v2\s5_diag_avg_training\avg_training_seed4042\figures\results.png

### avg_training_seed4042 last50=0.01271
=== DONE ===
