[unc_cmp_total] nodes=36 coverage max=9 mode=nig_product steps=390
[unc_cmp_total] step 000/390 trained 36/36 | hop0: 0.1081 | hop1: 0.1006
[unc_cmp_total] step 010/390 trained 36/36 | hop0: 0.0651 | hop1: 0.0882
[unc_cmp_total] step 020/390 trained 36/36 | hop0: 0.0704 | hop1: 0.0694 | hop2: 0.0820
[unc_cmp_total] step 030/390 trained 36/36 | hop0: 0.0517 | hop1: 0.0678 | hop2: 0.1023
[unc_cmp_total] step 040/390 trained 36/36 | hop0: 0.0412 | hop1: 0.0581 | hop2: 0.0633
[unc_cmp_total] step 050/390 trained 36/36 | hop0: 0.0414 | hop1: 0.0421 | hop2: 0.0512
[unc_cmp_total] step 060/390 trained 36/36 | hop0: 0.0249 | hop1: 0.0418 | hop2: 0.0595
[unc_cmp_total] step 070/390 trained 36/36 | hop0: 0.0195 | hop1: 0.0341 | hop2: 0.0608
[unc_cmp_total] step 080/390 trained 36/36 | hop0: 0.0139 | hop1: 0.0300 | hop2: 0.0801
[unc_cmp_total] step 090/390 trained 36/36 | hop0: 0.0159 | hop1: 0.0262
[unc_cmp_total] step 100/390 trained 36/36 | hop0: 0.0139 | hop1: 0.0232 | hop2: 0.0238
[unc_cmp_total] step 110/390 trained 36/36 | hop0: 0.0221 | hop1: 0.0174 | hop2: 0.0253
[unc_cmp_total] step 120/390 trained 36/36 | hop0: 0.0216 | hop1: 0.0353 | hop2: 0.0456
[unc_cmp_total] step 130/390 trained 36/36 | hop0: 0.0159 | hop1: 0.0429 | hop2: 0.0986
[unc_cmp_total] step 140/390 trained 36/36 | hop0: 0.0061 | hop1: 0.0362 | hop2: 0.0727
[unc_cmp_total] step 150/390 trained 36/36 | hop0: 0.0029 | hop1: 0.0131 | hop2: 0.0775
[unc_cmp_total] step 160/390 trained 36/36 | hop0: 0.0069 | hop1: 0.0092 | hop2: 0.0380
[unc_cmp_total] step 170/390 trained 36/36 | hop0: 0.0034 | hop1: 0.0064 | hop2: 0.0149
[unc_cmp_total] step 180/390 trained 36/36 | hop0: 0.0035 | hop1: 0.0041 | hop2: 0.0121
[unc_cmp_total] step 190/390 trained 36/36 | hop0: 0.0038 | hop1: 0.0050 | hop2: 0.0193
[unc_cmp_total] step 200/390 trained 36/36 | hop0: 0.0040 | hop1: 0.0048 | hop2: 0.0119
[unc_cmp_total] step 210/390 trained 36/36 | hop0: 0.0037 | hop1: 0.0044 | hop2: 0.0068
[unc_cmp_total] step 220/390 trained 36/36 | hop0: 0.0039 | hop1: 0.0057
[unc_cmp_total] step 230/390 trained 36/36 | hop0: 0.0039 | hop1: 0.0071 | hop2: 0.0081
[unc_cmp_total] step 240/390 trained 36/36 | hop0: 0.0046 | hop1: 0.0104 | hop2: 0.0127
[unc_cmp_total] step 250/390 trained 36/36 | hop0: 0.0049 | hop1: 0.0126 | hop2: 0.0249
[unc_cmp_total] step 260/390 trained 36/36 | hop0: 0.0075 | hop1: 0.0131
[unc_cmp_total] step 270/390 trained 36/36 | hop0: 0.0057 | hop1: 0.0112 | hop2: 0.0065
[unc_cmp_total] step 280/390 trained 36/36 | hop0: 0.0042 | hop1: 0.0116
[unc_cmp_total] step 290/390 trained 36/36 | hop0: 0.0139 | hop1: 0.0072 | hop2: 0.0168
[unc_cmp_total] step 300/390 trained 36/36 | hop0: 0.0146 | hop1: 0.0052 | hop2: 0.0128
[unc_cmp_total] step 310/390 trained 36/36 | hop0: 0.0092 | hop1: 0.0058 | hop2: 0.0034
[unc_cmp_total] step 320/390 trained 36/36 | hop0: 0.0050 | hop1: 0.0054 | hop2: 0.0010
[unc_cmp_total] step 330/390 trained 36/36 | hop0: 0.0055 | hop1: 0.0037 | hop2: 0.0019
[unc_cmp_total] step 340/390 trained 36/36 | hop0: 0.0080 | hop1: 0.0045
[unc_cmp_total] step 350/390 trained 36/36 | hop0: 0.0119 | hop1: 0.0065 | hop2: 0.0102
[unc_cmp_total] step 360/390 trained 36/36 | hop0: 0.0056 | hop1: 0.0103 | hop2: 0.0101
[unc_cmp_total] step 370/390 trained 36/36 | hop0: 0.0033 | hop1: 0.0089 | hop2: 0.0156
[unc_cmp_total] step 380/390 trained 36/36 | hop0: 0.0057 | hop1: 0.0107 | hop2: 0.0263
[unc_cmp_total] mean MSE (last 50 steps): 0.0124 | cert-MSE r=-0.479
[unc_cmp_total] saved runs\chapter5_v2\s5_9_uncertainty_total\unc_cmp_total\figures\results.png

### unc_cmp_total: last50=0.0124 whole_run=0.0236 r=-0.4786
[unc_cmp_total_seed1042] nodes=36 coverage max=9 mode=nig_product steps=390
[unc_cmp_total_seed1042] step 000/390 trained 36/36 | hop0: 0.0928 | hop1: 0.1057
[unc_cmp_total_seed1042] step 010/390 trained 36/36 | hop0: 0.0765 | hop1: 0.0840 | hop2: 0.1445
[unc_cmp_total_seed1042] step 020/390 trained 36/36 | hop0: 0.0593 | hop1: 0.0679
[unc_cmp_total_seed1042] step 030/390 trained 36/36 | hop0: 0.0660 | hop1: 0.0730 | hop2: 0.0725
[unc_cmp_total_seed1042] step 040/390 trained 36/36 | hop0: 0.0517 | hop1: 0.0572 | hop2: 0.0942
[unc_cmp_total_seed1042] step 050/390 trained 36/36 | hop0: 0.0420 | hop1: 0.0412 | hop2: 0.0647
[unc_cmp_total_seed1042] step 060/390 trained 36/36 | hop0: 0.0363 | hop1: 0.0380 | hop2: 0.0562
[unc_cmp_total_seed1042] step 070/390 trained 36/36 | hop0: 0.0259 | hop1: 0.0305 | hop2: 0.0574
[unc_cmp_total_seed1042] step 080/390 trained 36/36 | hop0: 0.0179 | hop1: 0.0296 | hop2: 0.0959
[unc_cmp_total_seed1042] step 090/390 trained 36/36 | hop0: 0.0158 | hop1: 0.0223 | hop2: 0.0498
[unc_cmp_total_seed1042] step 100/390 trained 36/36 | hop0: 0.0152 | hop1: 0.0172
[unc_cmp_total_seed1042] step 110/390 trained 36/36 | hop0: 0.0109 | hop1: 0.0156 | hop2: 0.0256
[unc_cmp_total_seed1042] step 120/390 trained 36/36 | hop0: 0.0143 | hop1: 0.0153 | hop2: 0.0329
[unc_cmp_total_seed1042] step 130/390 trained 36/36 | hop0: 0.0166 | hop1: 0.0158 | hop2: 0.0334
[unc_cmp_total_seed1042] step 140/390 trained 36/36 | hop0: 0.0309 | hop1: 0.0103 | hop2: 0.0247
[unc_cmp_total_seed1042] step 150/390 trained 36/36 | hop0: 0.0233 | hop1: 0.0140 | hop2: 0.0203
[unc_cmp_total_seed1042] step 160/390 trained 36/36 | hop0: 0.0091 | hop1: 0.0118 | hop2: 0.0261
[unc_cmp_total_seed1042] step 170/390 trained 36/36 | hop0: 0.0045 | hop1: 0.0117 | hop2: 0.0300
[unc_cmp_total_seed1042] step 180/390 trained 36/36 | hop0: 0.0058 | hop1: 0.0131 | hop2: 0.0270
[unc_cmp_total_seed1042] step 190/390 trained 36/36 | hop0: 0.0102 | hop1: 0.0162
[unc_cmp_total_seed1042] step 200/390 trained 36/36 | hop0: 0.0074 | hop1: 0.0150 | hop2: 0.0097
[unc_cmp_total_seed1042] step 210/390 trained 36/36 | hop0: 0.0045 | hop1: 0.0120
[unc_cmp_total_seed1042] step 220/390 trained 36/36 | hop0: 0.0062 | hop1: 0.0087 | hop2: 0.0156
[unc_cmp_total_seed1042] step 230/390 trained 36/36 | hop0: 0.0086 | hop1: 0.0067 | hop2: 0.0114
[unc_cmp_total_seed1042] step 240/390 trained 36/36 | hop0: 0.0080 | hop1: 0.0156 | hop2: 0.0202
[unc_cmp_total_seed1042] step 250/390 trained 36/36 | hop0: 0.0071 | hop1: 0.0184 | hop2: 0.0634
[unc_cmp_total_seed1042] step 260/390 trained 36/36 | hop0: 0.0120 | hop1: 0.0255 | hop2: 0.0776
[unc_cmp_total_seed1042] step 270/390 trained 36/36 | hop0: 0.0129 | hop1: 0.0211
[unc_cmp_total_seed1042] step 280/390 trained 36/36 | hop0: 0.0042 | hop1: 0.0178
[unc_cmp_total_seed1042] step 290/390 trained 36/36 | hop0: 0.0023 | hop1: 0.0143
[unc_cmp_total_seed1042] step 300/390 trained 36/36 | hop0: 0.0045 | hop1: 0.0117 | hop2: 0.0011
[unc_cmp_total_seed1042] step 310/390 trained 36/36 | hop0: 0.0024 | hop1: 0.0067 | hop2: 0.0127
[unc_cmp_total_seed1042] step 320/390 trained 36/36 | hop0: 0.0024 | hop1: 0.0040 | hop2: 0.0076
[unc_cmp_total_seed1042] step 330/390 trained 36/36 | hop0: 0.0010 | hop1: 0.0021 | hop2: 0.0042
[unc_cmp_total_seed1042] step 340/390 trained 36/36 | hop0: 0.0018 | hop1: 0.0036 | hop2: 0.0046
[unc_cmp_total_seed1042] step 350/390 trained 36/36 | hop0: 0.0016 | hop1: 0.0109 | hop2: 0.0156
[unc_cmp_total_seed1042] step 360/390 trained 36/36 | hop0: 0.0026 | hop1: 0.0092 | hop2: 0.0474
[unc_cmp_total_seed1042] step 370/390 trained 36/36 | hop0: 0.0056 | hop1: 0.0196 | hop2: 0.0444
[unc_cmp_total_seed1042] step 380/390 trained 36/36 | hop0: 0.0064 | hop1: 0.0254 | hop2: 0.0535
[unc_cmp_total_seed1042] mean MSE (last 50 steps): 0.0181 | cert-MSE r=-0.463
[unc_cmp_total_seed1042] saved runs\chapter5_v2\s5_9_uncertainty_total\unc_cmp_total_seed1042\figures\results.png

### unc_cmp_total_seed1042: last50=0.0181 whole_run=0.0254 r=-0.4630
[unc_cmp_total_seed2042] nodes=36 coverage max=9 mode=nig_product steps=390
[unc_cmp_total_seed2042] step 000/390 trained 36/36 | hop0: 0.0980 | hop1: 0.0853 | hop2: 0.0981
[unc_cmp_total_seed2042] step 010/390 trained 36/36 | hop0: 0.0873 | hop1: 0.1014 | hop2: 0.0986
[unc_cmp_total_seed2042] step 020/390 trained 36/36 | hop0: 0.0686 | hop1: 0.0795 | hop2: 0.0927
[unc_cmp_total_seed2042] step 030/390 trained 36/36 | hop0: 0.0653 | hop1: 0.0607 | hop2: 0.0837
[unc_cmp_total_seed2042] step 040/390 trained 36/36 | hop0: 0.0428 | hop1: 0.0626 | hop2: 0.0910
[unc_cmp_total_seed2042] step 050/390 trained 36/36 | hop0: 0.0446 | hop1: 0.0497 | hop2: 0.0650 | hop3: 0.0915
[unc_cmp_total_seed2042] step 060/390 trained 36/36 | hop0: 0.0425 | hop1: 0.0379 | hop2: 0.0730
[unc_cmp_total_seed2042] step 070/390 trained 36/36 | hop0: 0.0340 | hop1: 0.0397 | hop2: 0.0641
[unc_cmp_total_seed2042] step 080/390 trained 36/36 | hop0: 0.0245 | hop1: 0.0325 | hop2: 0.0581
[unc_cmp_total_seed2042] step 090/390 trained 36/36 | hop0: 0.0152 | hop1: 0.0241 | hop2: 0.0520
[unc_cmp_total_seed2042] step 100/390 trained 36/36 | hop0: 0.0147 | hop1: 0.0181 | hop2: 0.0286
[unc_cmp_total_seed2042] step 110/390 trained 36/36 | hop0: 0.0144 | hop1: 0.0164 | hop2: 0.0216
[unc_cmp_total_seed2042] step 120/390 trained 36/36 | hop0: 0.0105 | hop1: 0.0288
[unc_cmp_total_seed2042] step 130/390 trained 36/36 | hop0: 0.0081 | hop1: 0.0254 | hop2: 0.1418
[unc_cmp_total_seed2042] step 140/390 trained 36/36 | hop0: 0.0093 | hop1: 0.0330 | hop2: 0.1395
[unc_cmp_total_seed2042] step 150/390 trained 36/36 | hop0: 0.0051 | hop1: 0.0249 | hop2: 0.0734
[unc_cmp_total_seed2042] step 160/390 trained 36/36 | hop0: 0.0051 | hop1: 0.0280 | hop2: 0.0582
[unc_cmp_total_seed2042] step 170/390 trained 36/36 | hop0: 0.0044 | hop1: 0.0270 | hop2: 0.0491
[unc_cmp_total_seed2042] step 180/390 trained 36/36 | hop0: 0.0094 | hop1: 0.0130 | hop2: 0.0262
[unc_cmp_total_seed2042] step 190/390 trained 36/36 | hop0: 0.0097 | hop1: 0.0137 | hop2: 0.0189
[unc_cmp_total_seed2042] step 200/390 trained 36/36 | hop0: 0.0060 | hop1: 0.0127
[unc_cmp_total_seed2042] step 210/390 trained 36/36 | hop0: 0.0086 | hop1: 0.0108
[unc_cmp_total_seed2042] step 220/390 trained 36/36 | hop0: 0.0039 | hop1: 0.0095 | hop2: 0.0285
[unc_cmp_total_seed2042] step 230/390 trained 36/36 | hop0: 0.0043 | hop1: 0.0129 | hop2: 0.0335
[unc_cmp_total_seed2042] step 240/390 trained 36/36 | hop0: 0.0067 | hop1: 0.0187 | hop2: 0.0443
[unc_cmp_total_seed2042] step 250/390 trained 36/36 | hop0: 0.0058 | hop1: 0.0152 | hop2: 0.0375
[unc_cmp_total_seed2042] step 260/390 trained 36/36 | hop0: 0.0078 | hop1: 0.0116 | hop2: 0.0303
[unc_cmp_total_seed2042] step 270/390 trained 36/36 | hop0: 0.0079 | hop1: 0.0083 | hop2: 0.0186 | hop3: 0.0232
[unc_cmp_total_seed2042] step 280/390 trained 36/36 | hop0: 0.0088 | hop1: 0.0150 | hop2: 0.0185
[unc_cmp_total_seed2042] step 290/390 trained 36/36 | hop0: 0.0037 | hop1: 0.0208 | hop2: 0.0201
[unc_cmp_total_seed2042] step 300/390 trained 36/36 | hop0: 0.0021 | hop1: 0.0050 | hop2: 0.0305 | hop3: 0.0195
[unc_cmp_total_seed2042] step 310/390 trained 36/36 | hop0: 0.0017 | hop1: 0.0041 | hop2: 0.0229 | hop3: 0.0160
[unc_cmp_total_seed2042] step 320/390 trained 36/36 | hop0: 0.0021 | hop1: 0.0048 | hop2: 0.0143
[unc_cmp_total_seed2042] step 330/390 trained 36/36 | hop0: 0.0025 | hop1: 0.0034 | hop2: 0.0066 | hop3: 0.0106
[unc_cmp_total_seed2042] step 340/390 trained 36/36 | hop0: 0.0017 | hop1: 0.0025 | hop2: 0.0072 | hop3: 0.0113
[unc_cmp_total_seed2042] step 350/390 trained 36/36 | hop0: 0.0018 | hop1: 0.0067 | hop2: 0.0279 | hop3: 0.0469
[unc_cmp_total_seed2042] step 360/390 trained 36/36 | hop0: 0.0035 | hop1: 0.0118 | hop2: 0.0657
[unc_cmp_total_seed2042] step 370/390 trained 36/36 | hop0: 0.0039 | hop1: 0.0162 | hop2: 0.0954
[unc_cmp_total_seed2042] step 380/390 trained 36/36 | hop0: 0.0052 | hop1: 0.0111 | hop2: 0.0323
[unc_cmp_total_seed2042] mean MSE (last 50 steps): 0.0179 | cert-MSE r=0.029
[unc_cmp_total_seed2042] saved runs\chapter5_v2\s5_9_uncertainty_total\unc_cmp_total_seed2042\figures\results.png

### unc_cmp_total_seed2042: last50=0.0179 whole_run=0.0284 r=0.0288
[unc_cmp_total_seed3042] nodes=36 coverage max=9 mode=nig_product steps=390
[unc_cmp_total_seed3042] step 000/390 trained 36/36 | hop0: 0.0953 | hop1: 0.0930 | hop2: 0.1607
[unc_cmp_total_seed3042] step 010/390 trained 36/36 | hop0: 0.0726 | hop1: 0.1023
[unc_cmp_total_seed3042] step 020/390 trained 36/36 | hop0: 0.0751 | hop1: 0.0897
[unc_cmp_total_seed3042] step 030/390 trained 36/36 | hop0: 0.0677 | hop1: 0.0833
[unc_cmp_total_seed3042] step 040/390 trained 36/36 | hop0: 0.0587 | hop1: 0.0628
[unc_cmp_total_seed3042] step 050/390 trained 36/36 | hop0: 0.0411 | hop1: 0.0484 | hop2: 0.0510
[unc_cmp_total_seed3042] step 060/390 trained 36/36 | hop0: 0.0442 | hop1: 0.0407 | hop2: 0.0540
[unc_cmp_total_seed3042] step 070/390 trained 36/36 | hop0: 0.0275 | hop1: 0.0364 | hop2: 0.0752
[unc_cmp_total_seed3042] step 080/390 trained 36/36 | hop0: 0.0179 | hop1: 0.0282 | hop2: 0.0826
[unc_cmp_total_seed3042] step 090/390 trained 36/36 | hop0: 0.0138 | hop1: 0.0228 | hop2: 0.0532 | hop3: 0.0658
[unc_cmp_total_seed3042] step 100/390 trained 36/36 | hop0: 0.0148 | hop1: 0.0192 | hop2: 0.0350
[unc_cmp_total_seed3042] step 110/390 trained 36/36 | hop0: 0.0122 | hop1: 0.0208 | hop2: 0.0282
[unc_cmp_total_seed3042] step 120/390 trained 36/36 | hop0: 0.0128 | hop1: 0.0301 | hop2: 0.0246
[unc_cmp_total_seed3042] step 130/390 trained 36/36 | hop0: 0.0157 | hop1: 0.0348 | hop2: 0.0558
[unc_cmp_total_seed3042] step 140/390 trained 36/36 | hop0: 0.0271 | hop1: 0.0183 | hop2: 0.0099
[unc_cmp_total_seed3042] step 150/390 trained 36/36 | hop0: 0.0179 | hop1: 0.0100 | hop2: 0.0039
[unc_cmp_total_seed3042] step 160/390 trained 36/36 | hop0: 0.0117 | hop1: 0.0132 | hop2: 0.0071
[unc_cmp_total_seed3042] step 170/390 trained 36/36 | hop0: 0.0125 | hop1: 0.0157 | hop2: 0.0126
[unc_cmp_total_seed3042] step 180/390 trained 36/36 | hop0: 0.0184 | hop1: 0.0105
[unc_cmp_total_seed3042] step 190/390 trained 36/36 | hop0: 0.0166 | hop1: 0.0106
[unc_cmp_total_seed3042] step 200/390 trained 36/36 | hop0: 0.0123 | hop1: 0.0108
[unc_cmp_total_seed3042] step 210/390 trained 36/36 | hop0: 0.0068 | hop1: 0.0097 | hop2: 0.0038
[unc_cmp_total_seed3042] step 220/390 trained 36/36 | hop0: 0.0047 | hop1: 0.0076 | hop2: 0.0040
[unc_cmp_total_seed3042] step 230/390 trained 36/36 | hop0: 0.0069 | hop1: 0.0068 | hop2: 0.0035
[unc_cmp_total_seed3042] step 240/390 trained 36/36 | hop0: 0.0118 | hop1: 0.0081 | hop2: 0.0296
[unc_cmp_total_seed3042] step 250/390 trained 36/36 | hop0: 0.0100 | hop1: 0.0124 | hop2: 0.0592
[unc_cmp_total_seed3042] step 260/390 trained 36/36 | hop0: 0.0085 | hop1: 0.0203 | hop2: 0.0709
[unc_cmp_total_seed3042] step 270/390 trained 36/36 | hop0: 0.0057 | hop1: 0.0139 | hop2: 0.0354
[unc_cmp_total_seed3042] step 280/390 trained 36/36 | hop0: 0.0019 | hop1: 0.0092 | hop2: 0.0197
[unc_cmp_total_seed3042] step 290/390 trained 36/36 | hop0: 0.0025 | hop1: 0.0099
[unc_cmp_total_seed3042] step 300/390 trained 36/36 | hop0: 0.0031 | hop1: 0.0085 | hop2: 0.0070
[unc_cmp_total_seed3042] step 310/390 trained 36/36 | hop0: 0.0018 | hop1: 0.0071 | hop2: 0.0078
[unc_cmp_total_seed3042] step 320/390 trained 36/36 | hop0: 0.0012 | hop1: 0.0036 | hop2: 0.0063
[unc_cmp_total_seed3042] step 330/390 trained 36/36 | hop0: 0.0013 | hop1: 0.0016
[unc_cmp_total_seed3042] step 340/390 trained 36/36 | hop0: 0.0017 | hop1: 0.0027
[unc_cmp_total_seed3042] step 350/390 trained 36/36 | hop0: 0.0100 | hop1: 0.0049 | hop2: 0.0072
[unc_cmp_total_seed3042] step 360/390 trained 36/36 | hop0: 0.0093 | hop1: 0.0122 | hop2: 0.0125
[unc_cmp_total_seed3042] step 370/390 trained 36/36 | hop0: 0.0076 | hop1: 0.0201
[unc_cmp_total_seed3042] step 380/390 trained 36/36 | hop0: 0.0068 | hop1: 0.0172 | hop2: 0.0195
[unc_cmp_total_seed3042] mean MSE (last 50 steps): 0.0136 | cert-MSE r=-0.259
[unc_cmp_total_seed3042] saved runs\chapter5_v2\s5_9_uncertainty_total\unc_cmp_total_seed3042\figures\results.png

### unc_cmp_total_seed3042: last50=0.0136 whole_run=0.0244 r=-0.2588
[unc_cmp_total_seed4042] nodes=36 coverage max=9 mode=nig_product steps=390
[unc_cmp_total_seed4042] step 000/390 trained 36/36 | hop0: 0.0888 | hop1: 0.0983 | hop2: 0.1188
[unc_cmp_total_seed4042] step 010/390 trained 36/36 | hop0: 0.0676 | hop1: 0.0834
[unc_cmp_total_seed4042] step 020/390 trained 36/36 | hop0: 0.0619 | hop1: 0.0791 | hop2: 0.1395
[unc_cmp_total_seed4042] step 030/390 trained 36/36 | hop0: 0.0624 | hop1: 0.0683 | hop2: 0.0739
[unc_cmp_total_seed4042] step 040/390 trained 36/36 | hop0: 0.0489 | hop1: 0.0574 | hop2: 0.0756
[unc_cmp_total_seed4042] step 050/390 trained 36/36 | hop0: 0.0375 | hop1: 0.0500 | hop2: 0.0866
[unc_cmp_total_seed4042] step 060/390 trained 36/36 | hop0: 0.0326 | hop1: 0.0362 | hop2: 0.0663
[unc_cmp_total_seed4042] step 070/390 trained 36/36 | hop0: 0.0264 | hop1: 0.0380 | hop2: 0.0625
[unc_cmp_total_seed4042] step 080/390 trained 36/36 | hop0: 0.0245 | hop1: 0.0303 | hop2: 0.0481
[unc_cmp_total_seed4042] step 090/390 trained 36/36 | hop0: 0.0144 | hop1: 0.0297 | hop2: 0.0492 | hop3: 0.0680
[unc_cmp_total_seed4042] step 100/390 trained 36/36 | hop0: 0.0176 | hop1: 0.0215 | hop2: 0.0367 | hop3: 0.0532
[unc_cmp_total_seed4042] step 110/390 trained 36/36 | hop0: 0.0182 | hop1: 0.0285 | hop2: 0.0829
[unc_cmp_total_seed4042] step 120/390 trained 36/36 | hop0: 0.0299 | hop1: 0.0264 | hop2: 0.0554
[unc_cmp_total_seed4042] step 130/390 trained 36/36 | hop0: 0.0386 | hop1: 0.0281
[unc_cmp_total_seed4042] step 140/390 trained 36/36 | hop0: 0.0280 | hop1: 0.0150 | hop2: 0.0178
[unc_cmp_total_seed4042] step 150/390 trained 36/36 | hop0: 0.0239 | hop1: 0.0116 | hop2: 0.0161
[unc_cmp_total_seed4042] step 160/390 trained 36/36 | hop0: 0.0096 | hop1: 0.0139 | hop2: 0.0232
[unc_cmp_total_seed4042] step 170/390 trained 36/36 | hop0: 0.0062 | hop1: 0.0156 | hop2: 0.0257
[unc_cmp_total_seed4042] step 180/390 trained 36/36 | hop0: 0.0074 | hop1: 0.0182 | hop2: 0.0252
[unc_cmp_total_seed4042] step 190/390 trained 36/36 | hop0: 0.0076 | hop1: 0.0120 | hop2: 0.0221
[unc_cmp_total_seed4042] step 200/390 trained 36/36 | hop0: 0.0053 | hop1: 0.0101 | hop2: 0.0154
[unc_cmp_total_seed4042] step 210/390 trained 36/36 | hop0: 0.0045 | hop1: 0.0072 | hop2: 0.0072
[unc_cmp_total_seed4042] step 220/390 trained 36/36 | hop0: 0.0035 | hop1: 0.0059 | hop2: 0.0208
[unc_cmp_total_seed4042] step 230/390 trained 36/36 | hop0: 0.0039 | hop1: 0.0105
[unc_cmp_total_seed4042] step 240/390 trained 36/36 | hop0: 0.0056 | hop1: 0.0147
[unc_cmp_total_seed4042] step 250/390 trained 36/36 | hop0: 0.0048 | hop1: 0.0144 | hop2: 0.0155
[unc_cmp_total_seed4042] step 260/390 trained 36/36 | hop0: 0.0080 | hop1: 0.0130 | hop2: 0.0070
[unc_cmp_total_seed4042] step 270/390 trained 36/36 | hop0: 0.0043 | hop1: 0.0067 | hop2: 0.0027
[unc_cmp_total_seed4042] step 280/390 trained 36/36 | hop0: 0.0038 | hop1: 0.0068 | hop2: 0.0095
[unc_cmp_total_seed4042] step 290/390 trained 36/36 | hop0: 0.0037 | hop1: 0.0071 | hop2: 0.0193
[unc_cmp_total_seed4042] step 300/390 trained 36/36 | hop0: 0.0034 | hop1: 0.0089 | hop2: 0.0114
[unc_cmp_total_seed4042] step 310/390 trained 36/36 | hop0: 0.0016 | hop1: 0.0040 | hop2: 0.0087
[unc_cmp_total_seed4042] step 320/390 trained 36/36 | hop0: 0.0009 | hop1: 0.0045 | hop2: 0.0050
[unc_cmp_total_seed4042] step 330/390 trained 36/36 | hop0: 0.0007 | hop1: 0.0025 | hop2: 0.0005
[unc_cmp_total_seed4042] step 340/390 trained 36/36 | hop0: 0.0057 | hop1: 0.0027 | hop2: 0.0018
[unc_cmp_total_seed4042] step 350/390 trained 36/36 | hop0: 0.0130 | hop1: 0.0051 | hop2: 0.0040
[unc_cmp_total_seed4042] step 360/390 trained 36/36 | hop0: 0.0115 | hop1: 0.0090
[unc_cmp_total_seed4042] step 370/390 trained 36/36 | hop0: 0.0058 | hop1: 0.0161 | hop2: 0.0347
[unc_cmp_total_seed4042] step 380/390 trained 36/36 | hop0: 0.0046 | hop1: 0.0163 | hop2: 0.0657
[unc_cmp_total_seed4042] mean MSE (last 50 steps): 0.0136 | cert-MSE r=-0.162
[unc_cmp_total_seed4042] saved runs\chapter5_v2\s5_9_uncertainty_total\unc_cmp_total_seed4042\figures\results.png

### unc_cmp_total_seed4042: last50=0.0136 whole_run=0.0254 r=-0.1620

=== total 5-SEED SUMMARY (seeds=[42, 1042, 2042, 3042, 4042]) ===
whole_run MSE: mean=0.0254 std=0.0016 values=[np.float64(0.0236), np.float64(0.0254), np.float64(0.0284), np.float64(0.0244), np.float64(0.0254)]
last50 MSE:    mean=0.0151 std=0.0024 values=[np.float64(0.0124), np.float64(0.0181), np.float64(0.0179), np.float64(0.0136), np.float64(0.0136)]
r:             mean=-0.2667 std=0.1907 values=[np.float64(-0.4786), np.float64(-0.463), np.float64(0.0288), np.float64(-0.2588), np.float64(-0.162)]
=== DONE ===
