[nig_product_sampled_lam25_seed1042] nodes=36 coverage max=9 mode=nig_product steps=390
[nig_product_sampled_lam25_seed1042] step 000/390 trained 36/36 | hop0: 0.0929 | hop1: 0.1065
[nig_product_sampled_lam25_seed1042] step 010/390 trained 36/36 | hop0: 0.0798 | hop1: 0.0889 | hop2: 0.1524
[nig_product_sampled_lam25_seed1042] step 020/390 trained 36/36 | hop0: 0.0650 | hop1: 0.0747
[nig_product_sampled_lam25_seed1042] step 030/390 trained 36/36 | hop0: 0.0719 | hop1: 0.0844 | hop2: 0.0942
[nig_product_sampled_lam25_seed1042] step 040/390 trained 36/36 | hop0: 0.0584 | hop1: 0.0685 | hop2: 0.1293
[nig_product_sampled_lam25_seed1042] step 050/390 trained 36/36 | hop0: 0.0503 | hop1: 0.0525 | hop2: 0.0938
[nig_product_sampled_lam25_seed1042] step 060/390 trained 36/36 | hop0: 0.0462 | hop1: 0.0480 | hop2: 0.0794
[nig_product_sampled_lam25_seed1042] step 070/390 trained 36/36 | hop0: 0.0346 | hop1: 0.0428 | hop2: 0.0725
[nig_product_sampled_lam25_seed1042] step 080/390 trained 36/36 | hop0: 0.0272 | hop1: 0.0444 | hop2: 0.1191
[nig_product_sampled_lam25_seed1042] step 090/390 trained 36/36 | hop0: 0.0267 | hop1: 0.0372 | hop2: 0.0981
[nig_product_sampled_lam25_seed1042] step 100/390 trained 36/36 | hop0: 0.0287 | hop1: 0.0322
[nig_product_sampled_lam25_seed1042] step 110/390 trained 36/36 | hop0: 0.0208 | hop1: 0.0298 | hop2: 0.0468
[nig_product_sampled_lam25_seed1042] step 120/390 trained 36/36 | hop0: 0.0271 | hop1: 0.0339 | hop2: 0.0390
[nig_product_sampled_lam25_seed1042] step 130/390 trained 36/36 | hop0: 0.0328 | hop1: 0.0279 | hop2: 0.0407
[nig_product_sampled_lam25_seed1042] step 140/390 trained 36/36 | hop0: 0.0372 | hop1: 0.0180 | hop2: 0.0419
[nig_product_sampled_lam25_seed1042] step 150/390 trained 36/36 | hop0: 0.0275 | hop1: 0.0237 | hop2: 0.0305
[nig_product_sampled_lam25_seed1042] step 160/390 trained 36/36 | hop0: 0.0113 | hop1: 0.0226 | hop2: 0.0331
[nig_product_sampled_lam25_seed1042] step 170/390 trained 36/36 | hop0: 0.0087 | hop1: 0.0177 | hop2: 0.0486
[nig_product_sampled_lam25_seed1042] step 180/390 trained 36/36 | hop0: 0.0073 | hop1: 0.0173 | hop2: 0.0388
[nig_product_sampled_lam25_seed1042] step 190/390 trained 36/36 | hop0: 0.0133 | hop1: 0.0163
[nig_product_sampled_lam25_seed1042] step 200/390 trained 36/36 | hop0: 0.0096 | hop1: 0.0137 | hop2: 0.0113
[nig_product_sampled_lam25_seed1042] step 210/390 trained 36/36 | hop0: 0.0058 | hop1: 0.0131
[nig_product_sampled_lam25_seed1042] step 220/390 trained 36/36 | hop0: 0.0066 | hop1: 0.0085 | hop2: 0.0187
[nig_product_sampled_lam25_seed1042] step 230/390 trained 36/36 | hop0: 0.0102 | hop1: 0.0061 | hop2: 0.0105
[nig_product_sampled_lam25_seed1042] step 240/390 trained 36/36 | hop0: 0.0069 | hop1: 0.0098 | hop2: 0.0172
[nig_product_sampled_lam25_seed1042] step 250/390 trained 36/36 | hop0: 0.0050 | hop1: 0.0098 | hop2: 0.0351
[nig_product_sampled_lam25_seed1042] step 260/390 trained 36/36 | hop0: 0.0067 | hop1: 0.0122 | hop2: 0.0346
[nig_product_sampled_lam25_seed1042] step 270/390 trained 36/36 | hop0: 0.0059 | hop1: 0.0115
[nig_product_sampled_lam25_seed1042] step 280/390 trained 36/36 | hop0: 0.0036 | hop1: 0.0135
[nig_product_sampled_lam25_seed1042] step 290/390 trained 36/36 | hop0: 0.0024 | hop1: 0.0145
[nig_product_sampled_lam25_seed1042] step 300/390 trained 36/36 | hop0: 0.0053 | hop1: 0.0133 | hop2: 0.0020
[nig_product_sampled_lam25_seed1042] step 310/390 trained 36/36 | hop0: 0.0025 | hop1: 0.0077 | hop2: 0.0112
[nig_product_sampled_lam25_seed1042] step 320/390 trained 36/36 | hop0: 0.0033 | hop1: 0.0049 | hop2: 0.0091
[nig_product_sampled_lam25_seed1042] step 330/390 trained 36/36 | hop0: 0.0019 | hop1: 0.0029 | hop2: 0.0053
[nig_product_sampled_lam25_seed1042] step 340/390 trained 36/36 | hop0: 0.0025 | hop1: 0.0053 | hop2: 0.0100
[nig_product_sampled_lam25_seed1042] step 350/390 trained 36/36 | hop0: 0.0025 | hop1: 0.0116 | hop2: 0.0194
[nig_product_sampled_lam25_seed1042] step 360/390 trained 36/36 | hop0: 0.0035 | hop1: 0.0108 | hop2: 0.0513
[nig_product_sampled_lam25_seed1042] step 370/390 trained 36/36 | hop0: 0.0056 | hop1: 0.0216 | hop2: 0.0534
[nig_product_sampled_lam25_seed1042] step 380/390 trained 36/36 | hop0: 0.0074 | hop1: 0.0233 | hop2: 0.0653
[nig_product_sampled_lam25_seed1042] mean MSE (last 50 steps): 0.0199 | cert-MSE r=-0.358
[nig_product_sampled_lam25_seed1042] saved runs\chapter5_v2\s5_9_lam_25p0\nig_product_sampled_lam25_seed1042\figures\results.png
### nig_product_sampled_lam25_seed1042: last50=0.01986 whole_run=0.02768 r=-0.3876+/-0.0679
[nig_product_sampled_lam25_seed2042] nodes=36 coverage max=9 mode=nig_product steps=390
[nig_product_sampled_lam25_seed2042] step 000/390 trained 36/36 | hop0: 0.0980 | hop1: 0.0859 | hop2: 0.0988
[nig_product_sampled_lam25_seed2042] step 010/390 trained 36/36 | hop0: 0.0881 | hop1: 0.1072 | hop2: 0.1066
[nig_product_sampled_lam25_seed2042] step 020/390 trained 36/36 | hop0: 0.0710 | hop1: 0.0832 | hop2: 0.1051
[nig_product_sampled_lam25_seed2042] step 030/390 trained 36/36 | hop0: 0.0688 | hop1: 0.0689 | hop2: 0.1021
[nig_product_sampled_lam25_seed2042] step 040/390 trained 36/36 | hop0: 0.0459 | hop1: 0.0733 | hop2: 0.1232
[nig_product_sampled_lam25_seed2042] step 050/390 trained 36/36 | hop0: 0.0482 | hop1: 0.0627 | hop2: 0.0926 | hop3: 0.1638
[nig_product_sampled_lam25_seed2042] step 060/390 trained 36/36 | hop0: 0.0558 | hop1: 0.0515 | hop2: 0.1039
[nig_product_sampled_lam25_seed2042] step 070/390 trained 36/36 | hop0: 0.0447 | hop1: 0.0551 | hop2: 0.1086
[nig_product_sampled_lam25_seed2042] step 080/390 trained 36/36 | hop0: 0.0338 | hop1: 0.0474 | hop2: 0.0887
[nig_product_sampled_lam25_seed2042] step 090/390 trained 36/36 | hop0: 0.0238 | hop1: 0.0390 | hop2: 0.0916
[nig_product_sampled_lam25_seed2042] step 100/390 trained 36/36 | hop0: 0.0242 | hop1: 0.0331 | hop2: 0.0654
[nig_product_sampled_lam25_seed2042] step 110/390 trained 36/36 | hop0: 0.0275 | hop1: 0.0324 | hop2: 0.0691
[nig_product_sampled_lam25_seed2042] step 120/390 trained 36/36 | hop0: 0.0203 | hop1: 0.0407
[nig_product_sampled_lam25_seed2042] step 130/390 trained 36/36 | hop0: 0.0159 | hop1: 0.0369 | hop2: 0.1288
[nig_product_sampled_lam25_seed2042] step 140/390 trained 36/36 | hop0: 0.0175 | hop1: 0.0383 | hop2: 0.1552
[nig_product_sampled_lam25_seed2042] step 150/390 trained 36/36 | hop0: 0.0110 | hop1: 0.0201 | hop2: 0.0810
[nig_product_sampled_lam25_seed2042] step 160/390 trained 36/36 | hop0: 0.0078 | hop1: 0.0232 | hop2: 0.0725
[nig_product_sampled_lam25_seed2042] step 170/390 trained 36/36 | hop0: 0.0053 | hop1: 0.0232 | hop2: 0.0902
[nig_product_sampled_lam25_seed2042] step 180/390 trained 36/36 | hop0: 0.0097 | hop1: 0.0168 | hop2: 0.0387
[nig_product_sampled_lam25_seed2042] step 190/390 trained 36/36 | hop0: 0.0230 | hop1: 0.0168 | hop2: 0.0331
[nig_product_sampled_lam25_seed2042] step 200/390 trained 36/36 | hop0: 0.0110 | hop1: 0.0168
[nig_product_sampled_lam25_seed2042] step 210/390 trained 36/36 | hop0: 0.0075 | hop1: 0.0089
[nig_product_sampled_lam25_seed2042] step 220/390 trained 36/36 | hop0: 0.0061 | hop1: 0.0061 | hop2: 0.0195
[nig_product_sampled_lam25_seed2042] step 230/390 trained 36/36 | hop0: 0.0042 | hop1: 0.0103 | hop2: 0.0201
[nig_product_sampled_lam25_seed2042] step 240/390 trained 36/36 | hop0: 0.0061 | hop1: 0.0158 | hop2: 0.0282
[nig_product_sampled_lam25_seed2042] step 250/390 trained 36/36 | hop0: 0.0071 | hop1: 0.0146 | hop2: 0.0324
[nig_product_sampled_lam25_seed2042] step 260/390 trained 36/36 | hop0: 0.0093 | hop1: 0.0115 | hop2: 0.0177
[nig_product_sampled_lam25_seed2042] step 270/390 trained 36/36 | hop0: 0.0076 | hop1: 0.0078 | hop2: 0.0227 | hop3: 0.0244
[nig_product_sampled_lam25_seed2042] step 280/390 trained 36/36 | hop0: 0.0090 | hop1: 0.0114 | hop2: 0.0177
[nig_product_sampled_lam25_seed2042] step 290/390 trained 36/36 | hop0: 0.0039 | hop1: 0.0182 | hop2: 0.0176
[nig_product_sampled_lam25_seed2042] step 300/390 trained 36/36 | hop0: 0.0028 | hop1: 0.0066 | hop2: 0.0345 | hop3: 0.0347
[nig_product_sampled_lam25_seed2042] step 310/390 trained 36/36 | hop0: 0.0031 | hop1: 0.0048 | hop2: 0.0207 | hop3: 0.0219
[nig_product_sampled_lam25_seed2042] step 320/390 trained 36/36 | hop0: 0.0026 | hop1: 0.0042 | hop2: 0.0171
[nig_product_sampled_lam25_seed2042] step 330/390 trained 36/36 | hop0: 0.0027 | hop1: 0.0037 | hop2: 0.0090 | hop3: 0.0132
[nig_product_sampled_lam25_seed2042] step 340/390 trained 36/36 | hop0: 0.0018 | hop1: 0.0041 | hop2: 0.0108 | hop3: 0.0316
[nig_product_sampled_lam25_seed2042] step 350/390 trained 36/36 | hop0: 0.0031 | hop1: 0.0067 | hop2: 0.0311 | hop3: 0.0541
[nig_product_sampled_lam25_seed2042] step 360/390 trained 36/36 | hop0: 0.0043 | hop1: 0.0111 | hop2: 0.0533
[nig_product_sampled_lam25_seed2042] step 370/390 trained 36/36 | hop0: 0.0047 | hop1: 0.0174 | hop2: 0.1132
[nig_product_sampled_lam25_seed2042] step 380/390 trained 36/36 | hop0: 0.0066 | hop1: 0.0098 | hop2: 0.0286
[nig_product_sampled_lam25_seed2042] mean MSE (last 50 steps): 0.0182 | cert-MSE r=0.131
[nig_product_sampled_lam25_seed2042] saved runs\chapter5_v2\s5_9_lam_25p0\nig_product_sampled_lam25_seed2042\figures\results.png
### nig_product_sampled_lam25_seed2042: last50=0.01818 whole_run=0.03077 r=-0.1311+/-0.1170
[nig_product_sampled_lam25_seed3042] nodes=36 coverage max=9 mode=nig_product steps=390
[nig_product_sampled_lam25_seed3042] step 000/390 trained 36/36 | hop0: 0.0954 | hop1: 0.0936 | hop2: 0.1607
[nig_product_sampled_lam25_seed3042] step 010/390 trained 36/36 | hop0: 0.0751 | hop1: 0.1093
[nig_product_sampled_lam25_seed3042] step 020/390 trained 36/36 | hop0: 0.0810 | hop1: 0.0986
[nig_product_sampled_lam25_seed3042] step 030/390 trained 36/36 | hop0: 0.0741 | hop1: 0.0962
[nig_product_sampled_lam25_seed3042] step 040/390 trained 36/36 | hop0: 0.0691 | hop1: 0.0745
[nig_product_sampled_lam25_seed3042] step 050/390 trained 36/36 | hop0: 0.0534 | hop1: 0.0572 | hop2: 0.0550
[nig_product_sampled_lam25_seed3042] step 060/390 trained 36/36 | hop0: 0.0634 | hop1: 0.0496 | hop2: 0.0576
[nig_product_sampled_lam25_seed3042] step 070/390 trained 36/36 | hop0: 0.0430 | hop1: 0.0478 | hop2: 0.0787
[nig_product_sampled_lam25_seed3042] step 080/390 trained 36/36 | hop0: 0.0291 | hop1: 0.0425 | hop2: 0.0856
[nig_product_sampled_lam25_seed3042] step 090/390 trained 36/36 | hop0: 0.0269 | hop1: 0.0387 | hop2: 0.0684 | hop3: 0.0703
[nig_product_sampled_lam25_seed3042] step 100/390 trained 36/36 | hop0: 0.0313 | hop1: 0.0355 | hop2: 0.0549
[nig_product_sampled_lam25_seed3042] step 110/390 trained 36/36 | hop0: 0.0305 | hop1: 0.0374 | hop2: 0.0481
[nig_product_sampled_lam25_seed3042] step 120/390 trained 36/36 | hop0: 0.0265 | hop1: 0.0489 | hop2: 0.0333
[nig_product_sampled_lam25_seed3042] step 130/390 trained 36/36 | hop0: 0.0303 | hop1: 0.0474 | hop2: 0.0554
[nig_product_sampled_lam25_seed3042] step 140/390 trained 36/36 | hop0: 0.0402 | hop1: 0.0333 | hop2: 0.0191
[nig_product_sampled_lam25_seed3042] step 150/390 trained 36/36 | hop0: 0.0312 | hop1: 0.0215 | hop2: 0.0136
[nig_product_sampled_lam25_seed3042] step 160/390 trained 36/36 | hop0: 0.0185 | hop1: 0.0238 | hop2: 0.0141
[nig_product_sampled_lam25_seed3042] step 170/390 trained 36/36 | hop0: 0.0172 | hop1: 0.0221 | hop2: 0.0116
[nig_product_sampled_lam25_seed3042] step 180/390 trained 36/36 | hop0: 0.0215 | hop1: 0.0163
[nig_product_sampled_lam25_seed3042] step 190/390 trained 36/36 | hop0: 0.0218 | hop1: 0.0172
[nig_product_sampled_lam25_seed3042] step 200/390 trained 36/36 | hop0: 0.0196 | hop1: 0.0158
[nig_product_sampled_lam25_seed3042] step 210/390 trained 36/36 | hop0: 0.0136 | hop1: 0.0107 | hop2: 0.0037
[nig_product_sampled_lam25_seed3042] step 220/390 trained 36/36 | hop0: 0.0091 | hop1: 0.0120 | hop2: 0.0064
[nig_product_sampled_lam25_seed3042] step 230/390 trained 36/36 | hop0: 0.0099 | hop1: 0.0103 | hop2: 0.0054
[nig_product_sampled_lam25_seed3042] step 240/390 trained 36/36 | hop0: 0.0143 | hop1: 0.0096 | hop2: 0.0263
[nig_product_sampled_lam25_seed3042] step 250/390 trained 36/36 | hop0: 0.0132 | hop1: 0.0109 | hop2: 0.0378
[nig_product_sampled_lam25_seed3042] step 260/390 trained 36/36 | hop0: 0.0086 | hop1: 0.0160 | hop2: 0.0474
[nig_product_sampled_lam25_seed3042] step 270/390 trained 36/36 | hop0: 0.0069 | hop1: 0.0130 | hop2: 0.0269
[nig_product_sampled_lam25_seed3042] step 280/390 trained 36/36 | hop0: 0.0032 | hop1: 0.0129 | hop2: 0.0220
[nig_product_sampled_lam25_seed3042] step 290/390 trained 36/36 | hop0: 0.0057 | hop1: 0.0156
[nig_product_sampled_lam25_seed3042] step 300/390 trained 36/36 | hop0: 0.0061 | hop1: 0.0115 | hop2: 0.0070
[nig_product_sampled_lam25_seed3042] step 310/390 trained 36/36 | hop0: 0.0031 | hop1: 0.0072 | hop2: 0.0085
[nig_product_sampled_lam25_seed3042] step 320/390 trained 36/36 | hop0: 0.0024 | hop1: 0.0034 | hop2: 0.0037
[nig_product_sampled_lam25_seed3042] step 330/390 trained 36/36 | hop0: 0.0020 | hop1: 0.0019
[nig_product_sampled_lam25_seed3042] step 340/390 trained 36/36 | hop0: 0.0029 | hop1: 0.0044
[nig_product_sampled_lam25_seed3042] step 350/390 trained 36/36 | hop0: 0.0113 | hop1: 0.0062 | hop2: 0.0137
[nig_product_sampled_lam25_seed3042] step 360/390 trained 36/36 | hop0: 0.0102 | hop1: 0.0112 | hop2: 0.0100
[nig_product_sampled_lam25_seed3042] step 370/390 trained 36/36 | hop0: 0.0074 | hop1: 0.0136
[nig_product_sampled_lam25_seed3042] step 380/390 trained 36/36 | hop0: 0.0064 | hop1: 0.0118 | hop2: 0.0147
[nig_product_sampled_lam25_seed3042] mean MSE (last 50 steps): 0.0120 | cert-MSE r=-0.241
[nig_product_sampled_lam25_seed3042] saved runs\chapter5_v2\s5_9_lam_25p0\nig_product_sampled_lam25_seed3042\figures\results.png
### nig_product_sampled_lam25_seed3042: last50=0.01196 whole_run=0.02861 r=-0.2506+/-0.0799
[nig_product_sampled_lam25_seed4042] nodes=36 coverage max=9 mode=nig_product steps=390
[nig_product_sampled_lam25_seed4042] step 000/390 trained 36/36 | hop0: 0.0888 | hop1: 0.0989 | hop2: 0.1195
[nig_product_sampled_lam25_seed4042] step 010/390 trained 36/36 | hop0: 0.0692 | hop1: 0.0890
[nig_product_sampled_lam25_seed4042] step 020/390 trained 36/36 | hop0: 0.0636 | hop1: 0.0882 | hop2: 0.1542
[nig_product_sampled_lam25_seed4042] step 030/390 trained 36/36 | hop0: 0.0653 | hop1: 0.0784 | hop2: 0.0907
[nig_product_sampled_lam25_seed4042] step 040/390 trained 36/36 | hop0: 0.0578 | hop1: 0.0692 | hop2: 0.0947
[nig_product_sampled_lam25_seed4042] step 050/390 trained 36/36 | hop0: 0.0474 | hop1: 0.0646 | hop2: 0.1275
[nig_product_sampled_lam25_seed4042] step 060/390 trained 36/36 | hop0: 0.0416 | hop1: 0.0493 | hop2: 0.1011
[nig_product_sampled_lam25_seed4042] step 070/390 trained 36/36 | hop0: 0.0350 | hop1: 0.0527 | hop2: 0.1075
[nig_product_sampled_lam25_seed4042] step 080/390 trained 36/36 | hop0: 0.0376 | hop1: 0.0422 | hop2: 0.0794
[nig_product_sampled_lam25_seed4042] step 090/390 trained 36/36 | hop0: 0.0225 | hop1: 0.0438 | hop2: 0.0889 | hop3: 0.1316
[nig_product_sampled_lam25_seed4042] step 100/390 trained 36/36 | hop0: 0.0265 | hop1: 0.0384 | hop2: 0.0685 | hop3: 0.0938
[nig_product_sampled_lam25_seed4042] step 110/390 trained 36/36 | hop0: 0.0322 | hop1: 0.0508 | hop2: 0.1216
[nig_product_sampled_lam25_seed4042] step 120/390 trained 36/36 | hop0: 0.0474 | hop1: 0.0425 | hop2: 0.0778
[nig_product_sampled_lam25_seed4042] step 130/390 trained 36/36 | hop0: 0.0607 | hop1: 0.0426
[nig_product_sampled_lam25_seed4042] step 140/390 trained 36/36 | hop0: 0.0552 | hop1: 0.0314 | hop2: 0.0358
[nig_product_sampled_lam25_seed4042] step 150/390 trained 36/36 | hop0: 0.0429 | hop1: 0.0288 | hop2: 0.0300
[nig_product_sampled_lam25_seed4042] step 160/390 trained 36/36 | hop0: 0.0162 | hop1: 0.0224 | hop2: 0.0310
[nig_product_sampled_lam25_seed4042] step 170/390 trained 36/36 | hop0: 0.0096 | hop1: 0.0208 | hop2: 0.0296
[nig_product_sampled_lam25_seed4042] step 180/390 trained 36/36 | hop0: 0.0124 | hop1: 0.0205 | hop2: 0.0315
[nig_product_sampled_lam25_seed4042] step 190/390 trained 36/36 | hop0: 0.0114 | hop1: 0.0178 | hop2: 0.0278
[nig_product_sampled_lam25_seed4042] step 200/390 trained 36/36 | hop0: 0.0073 | hop1: 0.0151 | hop2: 0.0251
[nig_product_sampled_lam25_seed4042] step 210/390 trained 36/36 | hop0: 0.0062 | hop1: 0.0147 | hop2: 0.0303
[nig_product_sampled_lam25_seed4042] step 220/390 trained 36/36 | hop0: 0.0082 | hop1: 0.0169 | hop2: 0.0512
[nig_product_sampled_lam25_seed4042] step 230/390 trained 36/36 | hop0: 0.0102 | hop1: 0.0163
[nig_product_sampled_lam25_seed4042] step 240/390 trained 36/36 | hop0: 0.0120 | hop1: 0.0200
[nig_product_sampled_lam25_seed4042] step 250/390 trained 36/36 | hop0: 0.0058 | hop1: 0.0210 | hop2: 0.0164
[nig_product_sampled_lam25_seed4042] step 260/390 trained 36/36 | hop0: 0.0159 | hop1: 0.0155 | hop2: 0.0082
[nig_product_sampled_lam25_seed4042] step 270/390 trained 36/36 | hop0: 0.0052 | hop1: 0.0133 | hop2: 0.0045
[nig_product_sampled_lam25_seed4042] step 280/390 trained 36/36 | hop0: 0.0063 | hop1: 0.0144 | hop2: 0.0083
[nig_product_sampled_lam25_seed4042] step 290/390 trained 36/36 | hop0: 0.0071 | hop1: 0.0103 | hop2: 0.0128
[nig_product_sampled_lam25_seed4042] step 300/390 trained 36/36 | hop0: 0.0039 | hop1: 0.0101 | hop2: 0.0057
[nig_product_sampled_lam25_seed4042] step 310/390 trained 36/36 | hop0: 0.0046 | hop1: 0.0055 | hop2: 0.0086
[nig_product_sampled_lam25_seed4042] step 320/390 trained 36/36 | hop0: 0.0031 | hop1: 0.0055 | hop2: 0.0090
[nig_product_sampled_lam25_seed4042] step 330/390 trained 36/36 | hop0: 0.0021 | hop1: 0.0036 | hop2: 0.0037
[nig_product_sampled_lam25_seed4042] step 340/390 trained 36/36 | hop0: 0.0086 | hop1: 0.0045 | hop2: 0.0050
[nig_product_sampled_lam25_seed4042] step 350/390 trained 36/36 | hop0: 0.0158 | hop1: 0.0071 | hop2: 0.0043
[nig_product_sampled_lam25_seed4042] step 360/390 trained 36/36 | hop0: 0.0124 | hop1: 0.0108
[nig_product_sampled_lam25_seed4042] step 370/390 trained 36/36 | hop0: 0.0078 | hop1: 0.0167 | hop2: 0.0263
[nig_product_sampled_lam25_seed4042] step 380/390 trained 36/36 | hop0: 0.0061 | hop1: 0.0158 | hop2: 0.0520
[nig_product_sampled_lam25_seed4042] mean MSE (last 50 steps): 0.0146 | cert-MSE r=-0.309
[nig_product_sampled_lam25_seed4042] saved runs\chapter5_v2\s5_9_lam_25p0\nig_product_sampled_lam25_seed4042\figures\results.png
### nig_product_sampled_lam25_seed4042: last50=0.01461 whole_run=0.03106 r=-0.2434+/-0.1254
=== DONE ===
