[nig_product_sampled_seed42] nodes=36 coverage max=9 mode=nig_product steps=390
[nig_product_sampled_seed42] step 000/390 trained 36/36 | hop0: 0.1081 | hop1: 0.1006
[nig_product_sampled_seed42] step 010/390 trained 36/36 | hop0: 0.0651 | hop1: 0.0882
[nig_product_sampled_seed42] step 020/390 trained 36/36 | hop0: 0.0705 | hop1: 0.0694 | hop2: 0.0823
[nig_product_sampled_seed42] step 030/390 trained 36/36 | hop0: 0.0517 | hop1: 0.0678 | hop2: 0.1025
[nig_product_sampled_seed42] step 040/390 trained 36/36 | hop0: 0.0412 | hop1: 0.0582 | hop2: 0.0638
[nig_product_sampled_seed42] step 050/390 trained 36/36 | hop0: 0.0414 | hop1: 0.0422 | hop2: 0.0513
[nig_product_sampled_seed42] step 060/390 trained 36/36 | hop0: 0.0249 | hop1: 0.0419 | hop2: 0.0596
[nig_product_sampled_seed42] step 070/390 trained 36/36 | hop0: 0.0196 | hop1: 0.0343 | hop2: 0.0608
[nig_product_sampled_seed42] step 080/390 trained 36/36 | hop0: 0.0140 | hop1: 0.0302 | hop2: 0.0802
[nig_product_sampled_seed42] step 090/390 trained 36/36 | hop0: 0.0160 | hop1: 0.0262
[nig_product_sampled_seed42] step 100/390 trained 36/36 | hop0: 0.0140 | hop1: 0.0231 | hop2: 0.0238
[nig_product_sampled_seed42] step 110/390 trained 36/36 | hop0: 0.0224 | hop1: 0.0176 | hop2: 0.0254
[nig_product_sampled_seed42] step 120/390 trained 36/36 | hop0: 0.0216 | hop1: 0.0358 | hop2: 0.0455
[nig_product_sampled_seed42] step 130/390 trained 36/36 | hop0: 0.0158 | hop1: 0.0429 | hop2: 0.0991
[nig_product_sampled_seed42] step 140/390 trained 36/36 | hop0: 0.0061 | hop1: 0.0364 | hop2: 0.0726
[nig_product_sampled_seed42] step 150/390 trained 36/36 | hop0: 0.0029 | hop1: 0.0133 | hop2: 0.0778
[nig_product_sampled_seed42] step 160/390 trained 36/36 | hop0: 0.0069 | hop1: 0.0091 | hop2: 0.0383
[nig_product_sampled_seed42] step 170/390 trained 36/36 | hop0: 0.0034 | hop1: 0.0062 | hop2: 0.0151
[nig_product_sampled_seed42] step 180/390 trained 36/36 | hop0: 0.0037 | hop1: 0.0041 | hop2: 0.0121
[nig_product_sampled_seed42] step 190/390 trained 36/36 | hop0: 0.0039 | hop1: 0.0048 | hop2: 0.0196
[nig_product_sampled_seed42] step 200/390 trained 36/36 | hop0: 0.0040 | hop1: 0.0047 | hop2: 0.0117
[nig_product_sampled_seed42] step 210/390 trained 36/36 | hop0: 0.0038 | hop1: 0.0042 | hop2: 0.0072
[nig_product_sampled_seed42] step 220/390 trained 36/36 | hop0: 0.0035 | hop1: 0.0058
[nig_product_sampled_seed42] step 230/390 trained 36/36 | hop0: 0.0039 | hop1: 0.0067 | hop2: 0.0078
[nig_product_sampled_seed42] step 240/390 trained 36/36 | hop0: 0.0042 | hop1: 0.0096 | hop2: 0.0114
[nig_product_sampled_seed42] step 250/390 trained 36/36 | hop0: 0.0043 | hop1: 0.0125 | hop2: 0.0221
[nig_product_sampled_seed42] step 260/390 trained 36/36 | hop0: 0.0075 | hop1: 0.0131
[nig_product_sampled_seed42] step 270/390 trained 36/36 | hop0: 0.0060 | hop1: 0.0107 | hop2: 0.0060
[nig_product_sampled_seed42] step 280/390 trained 36/36 | hop0: 0.0044 | hop1: 0.0106
[nig_product_sampled_seed42] step 290/390 trained 36/36 | hop0: 0.0132 | hop1: 0.0067 | hop2: 0.0166
[nig_product_sampled_seed42] step 300/390 trained 36/36 | hop0: 0.0137 | hop1: 0.0053 | hop2: 0.0127
[nig_product_sampled_seed42] step 310/390 trained 36/36 | hop0: 0.0091 | hop1: 0.0056 | hop2: 0.0037
[nig_product_sampled_seed42] step 320/390 trained 36/36 | hop0: 0.0050 | hop1: 0.0055 | hop2: 0.0012
[nig_product_sampled_seed42] step 330/390 trained 36/36 | hop0: 0.0052 | hop1: 0.0035 | hop2: 0.0017
[nig_product_sampled_seed42] step 340/390 trained 36/36 | hop0: 0.0075 | hop1: 0.0041
[nig_product_sampled_seed42] step 350/390 trained 36/36 | hop0: 0.0112 | hop1: 0.0063 | hop2: 0.0096
[nig_product_sampled_seed42] step 360/390 trained 36/36 | hop0: 0.0055 | hop1: 0.0103 | hop2: 0.0107
[nig_product_sampled_seed42] step 370/390 trained 36/36 | hop0: 0.0033 | hop1: 0.0085 | hop2: 0.0162
[nig_product_sampled_seed42] step 380/390 trained 36/36 | hop0: 0.0057 | hop1: 0.0100 | hop2: 0.0253
[nig_product_sampled_seed42] mean MSE (last 50 steps): 0.0121 | cert-MSE r=-0.472
[nig_product_sampled_seed42] saved runs\chapter5_v2\s5_9_lam_5p0\nig_product_sampled_seed42\figures\results.png
### nig_product_sampled_seed42: last50=0.01214 whole_run=0.02354 r=-0.3599+/-0.1341
[nig_product_sampled_seed1042] nodes=36 coverage max=9 mode=nig_product steps=390
[nig_product_sampled_seed1042] step 000/390 trained 36/36 | hop0: 0.0928 | hop1: 0.1057
[nig_product_sampled_seed1042] step 010/390 trained 36/36 | hop0: 0.0765 | hop1: 0.0840 | hop2: 0.1446
[nig_product_sampled_seed1042] step 020/390 trained 36/36 | hop0: 0.0593 | hop1: 0.0680
[nig_product_sampled_seed1042] step 030/390 trained 36/36 | hop0: 0.0661 | hop1: 0.0731 | hop2: 0.0727
[nig_product_sampled_seed1042] step 040/390 trained 36/36 | hop0: 0.0518 | hop1: 0.0572 | hop2: 0.0948
[nig_product_sampled_seed1042] step 050/390 trained 36/36 | hop0: 0.0420 | hop1: 0.0413 | hop2: 0.0653
[nig_product_sampled_seed1042] step 060/390 trained 36/36 | hop0: 0.0364 | hop1: 0.0381 | hop2: 0.0563
[nig_product_sampled_seed1042] step 070/390 trained 36/36 | hop0: 0.0260 | hop1: 0.0305 | hop2: 0.0574
[nig_product_sampled_seed1042] step 080/390 trained 36/36 | hop0: 0.0179 | hop1: 0.0297 | hop2: 0.0962
[nig_product_sampled_seed1042] step 090/390 trained 36/36 | hop0: 0.0158 | hop1: 0.0223 | hop2: 0.0495
[nig_product_sampled_seed1042] step 100/390 trained 36/36 | hop0: 0.0153 | hop1: 0.0172
[nig_product_sampled_seed1042] step 110/390 trained 36/36 | hop0: 0.0109 | hop1: 0.0158 | hop2: 0.0259
[nig_product_sampled_seed1042] step 120/390 trained 36/36 | hop0: 0.0144 | hop1: 0.0154 | hop2: 0.0328
[nig_product_sampled_seed1042] step 130/390 trained 36/36 | hop0: 0.0168 | hop1: 0.0158 | hop2: 0.0333
[nig_product_sampled_seed1042] step 140/390 trained 36/36 | hop0: 0.0309 | hop1: 0.0105 | hop2: 0.0248
[nig_product_sampled_seed1042] step 150/390 trained 36/36 | hop0: 0.0234 | hop1: 0.0141 | hop2: 0.0205
[nig_product_sampled_seed1042] step 160/390 trained 36/36 | hop0: 0.0091 | hop1: 0.0118 | hop2: 0.0260
[nig_product_sampled_seed1042] step 170/390 trained 36/36 | hop0: 0.0045 | hop1: 0.0118 | hop2: 0.0302
[nig_product_sampled_seed1042] step 180/390 trained 36/36 | hop0: 0.0058 | hop1: 0.0133 | hop2: 0.0271
[nig_product_sampled_seed1042] step 190/390 trained 36/36 | hop0: 0.0103 | hop1: 0.0163
[nig_product_sampled_seed1042] step 200/390 trained 36/36 | hop0: 0.0074 | hop1: 0.0150 | hop2: 0.0097
[nig_product_sampled_seed1042] step 210/390 trained 36/36 | hop0: 0.0045 | hop1: 0.0119
[nig_product_sampled_seed1042] step 220/390 trained 36/36 | hop0: 0.0064 | hop1: 0.0088 | hop2: 0.0162
[nig_product_sampled_seed1042] step 230/390 trained 36/36 | hop0: 0.0084 | hop1: 0.0066 | hop2: 0.0114
[nig_product_sampled_seed1042] step 240/390 trained 36/36 | hop0: 0.0074 | hop1: 0.0145 | hop2: 0.0196
[nig_product_sampled_seed1042] step 250/390 trained 36/36 | hop0: 0.0068 | hop1: 0.0174 | hop2: 0.0613
[nig_product_sampled_seed1042] step 260/390 trained 36/36 | hop0: 0.0118 | hop1: 0.0242 | hop2: 0.0757
[nig_product_sampled_seed1042] step 270/390 trained 36/36 | hop0: 0.0124 | hop1: 0.0199
[nig_product_sampled_seed1042] step 280/390 trained 36/36 | hop0: 0.0040 | hop1: 0.0166
[nig_product_sampled_seed1042] step 290/390 trained 36/36 | hop0: 0.0022 | hop1: 0.0134
[nig_product_sampled_seed1042] step 300/390 trained 36/36 | hop0: 0.0045 | hop1: 0.0115 | hop2: 0.0011
[nig_product_sampled_seed1042] step 310/390 trained 36/36 | hop0: 0.0024 | hop1: 0.0067 | hop2: 0.0130
[nig_product_sampled_seed1042] step 320/390 trained 36/36 | hop0: 0.0024 | hop1: 0.0042 | hop2: 0.0082
[nig_product_sampled_seed1042] step 330/390 trained 36/36 | hop0: 0.0010 | hop1: 0.0020 | hop2: 0.0045
[nig_product_sampled_seed1042] step 340/390 trained 36/36 | hop0: 0.0018 | hop1: 0.0039 | hop2: 0.0047
[nig_product_sampled_seed1042] step 350/390 trained 36/36 | hop0: 0.0015 | hop1: 0.0110 | hop2: 0.0171
[nig_product_sampled_seed1042] step 360/390 trained 36/36 | hop0: 0.0025 | hop1: 0.0091 | hop2: 0.0453
[nig_product_sampled_seed1042] step 370/390 trained 36/36 | hop0: 0.0055 | hop1: 0.0211 | hop2: 0.0454
[nig_product_sampled_seed1042] step 380/390 trained 36/36 | hop0: 0.0064 | hop1: 0.0270 | hop2: 0.0654
[nig_product_sampled_seed1042] mean MSE (last 50 steps): 0.0189 | cert-MSE r=-0.416
[nig_product_sampled_seed1042] saved runs\chapter5_v2\s5_9_lam_5p0\nig_product_sampled_seed1042\figures\results.png
### nig_product_sampled_seed1042: last50=0.01885 whole_run=0.02529 r=-0.4213+/-0.1225
[nig_product_sampled_seed2042] nodes=36 coverage max=9 mode=nig_product steps=390
[nig_product_sampled_seed2042] step 000/390 trained 36/36 | hop0: 0.0980 | hop1: 0.0853 | hop2: 0.0981
[nig_product_sampled_seed2042] step 010/390 trained 36/36 | hop0: 0.0873 | hop1: 0.1014 | hop2: 0.0987
[nig_product_sampled_seed2042] step 020/390 trained 36/36 | hop0: 0.0686 | hop1: 0.0796 | hop2: 0.0929
[nig_product_sampled_seed2042] step 030/390 trained 36/36 | hop0: 0.0654 | hop1: 0.0609 | hop2: 0.0839
[nig_product_sampled_seed2042] step 040/390 trained 36/36 | hop0: 0.0428 | hop1: 0.0628 | hop2: 0.0914
[nig_product_sampled_seed2042] step 050/390 trained 36/36 | hop0: 0.0446 | hop1: 0.0498 | hop2: 0.0653 | hop3: 0.0920
[nig_product_sampled_seed2042] step 060/390 trained 36/36 | hop0: 0.0426 | hop1: 0.0380 | hop2: 0.0731
[nig_product_sampled_seed2042] step 070/390 trained 36/36 | hop0: 0.0341 | hop1: 0.0398 | hop2: 0.0645
[nig_product_sampled_seed2042] step 080/390 trained 36/36 | hop0: 0.0245 | hop1: 0.0327 | hop2: 0.0586
[nig_product_sampled_seed2042] step 090/390 trained 36/36 | hop0: 0.0153 | hop1: 0.0241 | hop2: 0.0521
[nig_product_sampled_seed2042] step 100/390 trained 36/36 | hop0: 0.0148 | hop1: 0.0181 | hop2: 0.0285
[nig_product_sampled_seed2042] step 110/390 trained 36/36 | hop0: 0.0144 | hop1: 0.0166 | hop2: 0.0220
[nig_product_sampled_seed2042] step 120/390 trained 36/36 | hop0: 0.0105 | hop1: 0.0289
[nig_product_sampled_seed2042] step 130/390 trained 36/36 | hop0: 0.0082 | hop1: 0.0256 | hop2: 0.1411
[nig_product_sampled_seed2042] step 140/390 trained 36/36 | hop0: 0.0096 | hop1: 0.0329 | hop2: 0.1398
[nig_product_sampled_seed2042] step 150/390 trained 36/36 | hop0: 0.0052 | hop1: 0.0245 | hop2: 0.0716
[nig_product_sampled_seed2042] step 160/390 trained 36/36 | hop0: 0.0054 | hop1: 0.0273 | hop2: 0.0580
[nig_product_sampled_seed2042] step 170/390 trained 36/36 | hop0: 0.0045 | hop1: 0.0261 | hop2: 0.0513
[nig_product_sampled_seed2042] step 180/390 trained 36/36 | hop0: 0.0092 | hop1: 0.0128 | hop2: 0.0267
[nig_product_sampled_seed2042] step 190/390 trained 36/36 | hop0: 0.0100 | hop1: 0.0137 | hop2: 0.0205
[nig_product_sampled_seed2042] step 200/390 trained 36/36 | hop0: 0.0062 | hop1: 0.0130
[nig_product_sampled_seed2042] step 210/390 trained 36/36 | hop0: 0.0081 | hop1: 0.0105
[nig_product_sampled_seed2042] step 220/390 trained 36/36 | hop0: 0.0039 | hop1: 0.0087 | hop2: 0.0268
[nig_product_sampled_seed2042] step 230/390 trained 36/36 | hop0: 0.0042 | hop1: 0.0129 | hop2: 0.0313
[nig_product_sampled_seed2042] step 240/390 trained 36/36 | hop0: 0.0068 | hop1: 0.0191 | hop2: 0.0436
[nig_product_sampled_seed2042] step 250/390 trained 36/36 | hop0: 0.0060 | hop1: 0.0156 | hop2: 0.0383
[nig_product_sampled_seed2042] step 260/390 trained 36/36 | hop0: 0.0084 | hop1: 0.0120 | hop2: 0.0291
[nig_product_sampled_seed2042] step 270/390 trained 36/36 | hop0: 0.0074 | hop1: 0.0083 | hop2: 0.0212 | hop3: 0.0223
[nig_product_sampled_seed2042] step 280/390 trained 36/36 | hop0: 0.0085 | hop1: 0.0145 | hop2: 0.0214
[nig_product_sampled_seed2042] step 290/390 trained 36/36 | hop0: 0.0036 | hop1: 0.0209 | hop2: 0.0201
[nig_product_sampled_seed2042] step 300/390 trained 36/36 | hop0: 0.0021 | hop1: 0.0052 | hop2: 0.0305 | hop3: 0.0181
[nig_product_sampled_seed2042] step 310/390 trained 36/36 | hop0: 0.0017 | hop1: 0.0043 | hop2: 0.0238 | hop3: 0.0167
[nig_product_sampled_seed2042] step 320/390 trained 36/36 | hop0: 0.0021 | hop1: 0.0051 | hop2: 0.0148
[nig_product_sampled_seed2042] step 330/390 trained 36/36 | hop0: 0.0024 | hop1: 0.0036 | hop2: 0.0072 | hop3: 0.0111
[nig_product_sampled_seed2042] step 340/390 trained 36/36 | hop0: 0.0016 | hop1: 0.0025 | hop2: 0.0073 | hop3: 0.0119
[nig_product_sampled_seed2042] step 350/390 trained 36/36 | hop0: 0.0017 | hop1: 0.0066 | hop2: 0.0291 | hop3: 0.0467
[nig_product_sampled_seed2042] step 360/390 trained 36/36 | hop0: 0.0036 | hop1: 0.0121 | hop2: 0.0651
[nig_product_sampled_seed2042] step 370/390 trained 36/36 | hop0: 0.0039 | hop1: 0.0168 | hop2: 0.0965
[nig_product_sampled_seed2042] step 380/390 trained 36/36 | hop0: 0.0052 | hop1: 0.0113 | hop2: 0.0340
[nig_product_sampled_seed2042] mean MSE (last 50 steps): 0.0182 | cert-MSE r=0.026
[nig_product_sampled_seed2042] saved runs\chapter5_v2\s5_9_lam_5p0\nig_product_sampled_seed2042\figures\results.png
### nig_product_sampled_seed2042: last50=0.01822 whole_run=0.02846 r=-0.2551+/-0.1508
[nig_product_sampled_seed3042] nodes=36 coverage max=9 mode=nig_product steps=390
[nig_product_sampled_seed3042] step 000/390 trained 36/36 | hop0: 0.0953 | hop1: 0.0930 | hop2: 0.1606
[nig_product_sampled_seed3042] step 010/390 trained 36/36 | hop0: 0.0726 | hop1: 0.1023
[nig_product_sampled_seed3042] step 020/390 trained 36/36 | hop0: 0.0751 | hop1: 0.0898
[nig_product_sampled_seed3042] step 030/390 trained 36/36 | hop0: 0.0678 | hop1: 0.0834
[nig_product_sampled_seed3042] step 040/390 trained 36/36 | hop0: 0.0587 | hop1: 0.0629
[nig_product_sampled_seed3042] step 050/390 trained 36/36 | hop0: 0.0412 | hop1: 0.0485 | hop2: 0.0510
[nig_product_sampled_seed3042] step 060/390 trained 36/36 | hop0: 0.0444 | hop1: 0.0407 | hop2: 0.0540
[nig_product_sampled_seed3042] step 070/390 trained 36/36 | hop0: 0.0276 | hop1: 0.0365 | hop2: 0.0752
[nig_product_sampled_seed3042] step 080/390 trained 36/36 | hop0: 0.0180 | hop1: 0.0283 | hop2: 0.0826
[nig_product_sampled_seed3042] step 090/390 trained 36/36 | hop0: 0.0140 | hop1: 0.0229 | hop2: 0.0534 | hop3: 0.0659
[nig_product_sampled_seed3042] step 100/390 trained 36/36 | hop0: 0.0148 | hop1: 0.0193 | hop2: 0.0351
[nig_product_sampled_seed3042] step 110/390 trained 36/36 | hop0: 0.0122 | hop1: 0.0208 | hop2: 0.0282
[nig_product_sampled_seed3042] step 120/390 trained 36/36 | hop0: 0.0128 | hop1: 0.0301 | hop2: 0.0244
[nig_product_sampled_seed3042] step 130/390 trained 36/36 | hop0: 0.0157 | hop1: 0.0347 | hop2: 0.0554
[nig_product_sampled_seed3042] step 140/390 trained 36/36 | hop0: 0.0269 | hop1: 0.0182 | hop2: 0.0098
[nig_product_sampled_seed3042] step 150/390 trained 36/36 | hop0: 0.0179 | hop1: 0.0100 | hop2: 0.0040
[nig_product_sampled_seed3042] step 160/390 trained 36/36 | hop0: 0.0118 | hop1: 0.0133 | hop2: 0.0072
[nig_product_sampled_seed3042] step 170/390 trained 36/36 | hop0: 0.0126 | hop1: 0.0158 | hop2: 0.0126
[nig_product_sampled_seed3042] step 180/390 trained 36/36 | hop0: 0.0186 | hop1: 0.0105
[nig_product_sampled_seed3042] step 190/390 trained 36/36 | hop0: 0.0167 | hop1: 0.0106
[nig_product_sampled_seed3042] step 200/390 trained 36/36 | hop0: 0.0122 | hop1: 0.0108
[nig_product_sampled_seed3042] step 210/390 trained 36/36 | hop0: 0.0068 | hop1: 0.0097 | hop2: 0.0037
[nig_product_sampled_seed3042] step 220/390 trained 36/36 | hop0: 0.0048 | hop1: 0.0077 | hop2: 0.0039
[nig_product_sampled_seed3042] step 230/390 trained 36/36 | hop0: 0.0069 | hop1: 0.0068 | hop2: 0.0035
[nig_product_sampled_seed3042] step 240/390 trained 36/36 | hop0: 0.0118 | hop1: 0.0082 | hop2: 0.0300
[nig_product_sampled_seed3042] step 250/390 trained 36/36 | hop0: 0.0100 | hop1: 0.0124 | hop2: 0.0603
[nig_product_sampled_seed3042] step 260/390 trained 36/36 | hop0: 0.0086 | hop1: 0.0202 | hop2: 0.0715
[nig_product_sampled_seed3042] step 270/390 trained 36/36 | hop0: 0.0057 | hop1: 0.0139 | hop2: 0.0351
[nig_product_sampled_seed3042] step 280/390 trained 36/36 | hop0: 0.0019 | hop1: 0.0093 | hop2: 0.0195
[nig_product_sampled_seed3042] step 290/390 trained 36/36 | hop0: 0.0025 | hop1: 0.0099
[nig_product_sampled_seed3042] step 300/390 trained 36/36 | hop0: 0.0031 | hop1: 0.0086 | hop2: 0.0069
[nig_product_sampled_seed3042] step 310/390 trained 36/36 | hop0: 0.0018 | hop1: 0.0071 | hop2: 0.0078
[nig_product_sampled_seed3042] step 320/390 trained 36/36 | hop0: 0.0012 | hop1: 0.0037 | hop2: 0.0064
[nig_product_sampled_seed3042] step 330/390 trained 36/36 | hop0: 0.0014 | hop1: 0.0016
[nig_product_sampled_seed3042] step 340/390 trained 36/36 | hop0: 0.0017 | hop1: 0.0027
[nig_product_sampled_seed3042] step 350/390 trained 36/36 | hop0: 0.0102 | hop1: 0.0048 | hop2: 0.0066
[nig_product_sampled_seed3042] step 360/390 trained 36/36 | hop0: 0.0093 | hop1: 0.0125 | hop2: 0.0124
[nig_product_sampled_seed3042] step 370/390 trained 36/36 | hop0: 0.0080 | hop1: 0.0208
[nig_product_sampled_seed3042] step 380/390 trained 36/36 | hop0: 0.0071 | hop1: 0.0183 | hop2: 0.0195
[nig_product_sampled_seed3042] mean MSE (last 50 steps): 0.0140 | cert-MSE r=-0.283
[nig_product_sampled_seed3042] saved runs\chapter5_v2\s5_9_lam_5p0\nig_product_sampled_seed3042\figures\results.png
### nig_product_sampled_seed3042: last50=0.01397 whole_run=0.02448 r=-0.2653+/-0.1259
[nig_product_sampled_seed4042] nodes=36 coverage max=9 mode=nig_product steps=390
[nig_product_sampled_seed4042] step 000/390 trained 36/36 | hop0: 0.0888 | hop1: 0.0983 | hop2: 0.1188
[nig_product_sampled_seed4042] step 010/390 trained 36/36 | hop0: 0.0676 | hop1: 0.0834
[nig_product_sampled_seed4042] step 020/390 trained 36/36 | hop0: 0.0619 | hop1: 0.0792 | hop2: 0.1395
[nig_product_sampled_seed4042] step 030/390 trained 36/36 | hop0: 0.0625 | hop1: 0.0683 | hop2: 0.0739
[nig_product_sampled_seed4042] step 040/390 trained 36/36 | hop0: 0.0490 | hop1: 0.0575 | hop2: 0.0756
[nig_product_sampled_seed4042] step 050/390 trained 36/36 | hop0: 0.0376 | hop1: 0.0502 | hop2: 0.0874
[nig_product_sampled_seed4042] step 060/390 trained 36/36 | hop0: 0.0327 | hop1: 0.0363 | hop2: 0.0666
[nig_product_sampled_seed4042] step 070/390 trained 36/36 | hop0: 0.0264 | hop1: 0.0380 | hop2: 0.0622
[nig_product_sampled_seed4042] step 080/390 trained 36/36 | hop0: 0.0246 | hop1: 0.0304 | hop2: 0.0479
[nig_product_sampled_seed4042] step 090/390 trained 36/36 | hop0: 0.0145 | hop1: 0.0298 | hop2: 0.0492 | hop3: 0.0667
[nig_product_sampled_seed4042] step 100/390 trained 36/36 | hop0: 0.0177 | hop1: 0.0216 | hop2: 0.0368 | hop3: 0.0539
[nig_product_sampled_seed4042] step 110/390 trained 36/36 | hop0: 0.0182 | hop1: 0.0287 | hop2: 0.0830
[nig_product_sampled_seed4042] step 120/390 trained 36/36 | hop0: 0.0297 | hop1: 0.0265 | hop2: 0.0568
[nig_product_sampled_seed4042] step 130/390 trained 36/36 | hop0: 0.0385 | hop1: 0.0279
[nig_product_sampled_seed4042] step 140/390 trained 36/36 | hop0: 0.0281 | hop1: 0.0151 | hop2: 0.0179
[nig_product_sampled_seed4042] step 150/390 trained 36/36 | hop0: 0.0240 | hop1: 0.0117 | hop2: 0.0161
[nig_product_sampled_seed4042] step 160/390 trained 36/36 | hop0: 0.0096 | hop1: 0.0139 | hop2: 0.0231
[nig_product_sampled_seed4042] step 170/390 trained 36/36 | hop0: 0.0062 | hop1: 0.0156 | hop2: 0.0256
[nig_product_sampled_seed4042] step 180/390 trained 36/36 | hop0: 0.0074 | hop1: 0.0181 | hop2: 0.0250
[nig_product_sampled_seed4042] step 190/390 trained 36/36 | hop0: 0.0076 | hop1: 0.0119 | hop2: 0.0220
[nig_product_sampled_seed4042] step 200/390 trained 36/36 | hop0: 0.0054 | hop1: 0.0101 | hop2: 0.0155
[nig_product_sampled_seed4042] step 210/390 trained 36/36 | hop0: 0.0045 | hop1: 0.0073 | hop2: 0.0071
[nig_product_sampled_seed4042] step 220/390 trained 36/36 | hop0: 0.0036 | hop1: 0.0060 | hop2: 0.0208
[nig_product_sampled_seed4042] step 230/390 trained 36/36 | hop0: 0.0039 | hop1: 0.0106
[nig_product_sampled_seed4042] step 240/390 trained 36/36 | hop0: 0.0058 | hop1: 0.0147
[nig_product_sampled_seed4042] step 250/390 trained 36/36 | hop0: 0.0047 | hop1: 0.0147 | hop2: 0.0155
[nig_product_sampled_seed4042] step 260/390 trained 36/36 | hop0: 0.0081 | hop1: 0.0133 | hop2: 0.0070
[nig_product_sampled_seed4042] step 270/390 trained 36/36 | hop0: 0.0043 | hop1: 0.0066 | hop2: 0.0027
[nig_product_sampled_seed4042] step 280/390 trained 36/36 | hop0: 0.0037 | hop1: 0.0066 | hop2: 0.0086
[nig_product_sampled_seed4042] step 290/390 trained 36/36 | hop0: 0.0037 | hop1: 0.0067 | hop2: 0.0192
[nig_product_sampled_seed4042] step 300/390 trained 36/36 | hop0: 0.0034 | hop1: 0.0086 | hop2: 0.0121
[nig_product_sampled_seed4042] step 310/390 trained 36/36 | hop0: 0.0016 | hop1: 0.0041 | hop2: 0.0092
[nig_product_sampled_seed4042] step 320/390 trained 36/36 | hop0: 0.0009 | hop1: 0.0044 | hop2: 0.0054
[nig_product_sampled_seed4042] step 330/390 trained 36/36 | hop0: 0.0007 | hop1: 0.0022 | hop2: 0.0005
[nig_product_sampled_seed4042] step 340/390 trained 36/36 | hop0: 0.0058 | hop1: 0.0025 | hop2: 0.0017
[nig_product_sampled_seed4042] step 350/390 trained 36/36 | hop0: 0.0127 | hop1: 0.0051 | hop2: 0.0041
[nig_product_sampled_seed4042] step 360/390 trained 36/36 | hop0: 0.0112 | hop1: 0.0087
[nig_product_sampled_seed4042] step 370/390 trained 36/36 | hop0: 0.0058 | hop1: 0.0158 | hop2: 0.0339
[nig_product_sampled_seed4042] step 380/390 trained 36/36 | hop0: 0.0046 | hop1: 0.0158 | hop2: 0.0650
[nig_product_sampled_seed4042] mean MSE (last 50 steps): 0.0134 | cert-MSE r=-0.204
[nig_product_sampled_seed4042] saved runs\chapter5_v2\s5_9_lam_5p0\nig_product_sampled_seed4042\figures\results.png
### nig_product_sampled_seed4042: last50=0.01337 whole_run=0.02532 r=-0.0936+/-0.0586
=== DONE ===
