[nig_product_sampled_lam1_seed42] nodes=36 coverage max=9 mode=nig_product steps=390
[nig_product_sampled_lam1_seed42] step 000/390 trained 36/36 | hop0: 0.1083 | hop1: 0.0999
[nig_product_sampled_lam1_seed42] step 010/390 trained 36/36 | hop0: 0.0640 | hop1: 0.0821
[nig_product_sampled_lam1_seed42] step 020/390 trained 36/36 | hop0: 0.0660 | hop1: 0.0649 | hop2: 0.0692
[nig_product_sampled_lam1_seed42] step 030/390 trained 36/36 | hop0: 0.0488 | hop1: 0.0617 | hop2: 0.0948
[nig_product_sampled_lam1_seed42] step 040/390 trained 36/36 | hop0: 0.0385 | hop1: 0.0506 | hop2: 0.0583
[nig_product_sampled_lam1_seed42] step 050/390 trained 36/36 | hop0: 0.0367 | hop1: 0.0349 | hop2: 0.0445
[nig_product_sampled_lam1_seed42] step 060/390 trained 36/36 | hop0: 0.0213 | hop1: 0.0336 | hop2: 0.0532
[nig_product_sampled_lam1_seed42] step 070/390 trained 36/36 | hop0: 0.0159 | hop1: 0.0269 | hop2: 0.0529
[nig_product_sampled_lam1_seed42] step 080/390 trained 36/36 | hop0: 0.0111 | hop1: 0.0232 | hop2: 0.0590
[nig_product_sampled_lam1_seed42] step 090/390 trained 36/36 | hop0: 0.0127 | hop1: 0.0198
[nig_product_sampled_lam1_seed42] step 100/390 trained 36/36 | hop0: 0.0111 | hop1: 0.0179 | hop2: 0.0208
[nig_product_sampled_lam1_seed42] step 110/390 trained 36/36 | hop0: 0.0188 | hop1: 0.0148 | hop2: 0.0231
[nig_product_sampled_lam1_seed42] step 120/390 trained 36/36 | hop0: 0.0199 | hop1: 0.0322 | hop2: 0.0456
[nig_product_sampled_lam1_seed42] step 130/390 trained 36/36 | hop0: 0.0156 | hop1: 0.0433 | hop2: 0.0966
[nig_product_sampled_lam1_seed42] step 140/390 trained 36/36 | hop0: 0.0053 | hop1: 0.0321 | hop2: 0.0675
[nig_product_sampled_lam1_seed42] step 150/390 trained 36/36 | hop0: 0.0034 | hop1: 0.0112 | hop2: 0.0614
[nig_product_sampled_lam1_seed42] step 160/390 trained 36/36 | hop0: 0.0067 | hop1: 0.0072 | hop2: 0.0293
[nig_product_sampled_lam1_seed42] step 170/390 trained 36/36 | hop0: 0.0034 | hop1: 0.0053 | hop2: 0.0126
[nig_product_sampled_lam1_seed42] step 180/390 trained 36/36 | hop0: 0.0029 | hop1: 0.0037 | hop2: 0.0117
[nig_product_sampled_lam1_seed42] step 190/390 trained 36/36 | hop0: 0.0036 | hop1: 0.0058 | hop2: 0.0203
[nig_product_sampled_lam1_seed42] step 200/390 trained 36/36 | hop0: 0.0040 | hop1: 0.0056 | hop2: 0.0144
[nig_product_sampled_lam1_seed42] step 210/390 trained 36/36 | hop0: 0.0037 | hop1: 0.0039 | hop2: 0.0084
[nig_product_sampled_lam1_seed42] step 220/390 trained 36/36 | hop0: 0.0046 | hop1: 0.0069
[nig_product_sampled_lam1_seed42] step 230/390 trained 36/36 | hop0: 0.0042 | hop1: 0.0095 | hop2: 0.0107
[nig_product_sampled_lam1_seed42] step 240/390 trained 36/36 | hop0: 0.0045 | hop1: 0.0124 | hop2: 0.0221
[nig_product_sampled_lam1_seed42] step 250/390 trained 36/36 | hop0: 0.0046 | hop1: 0.0155 | hop2: 0.0463
[nig_product_sampled_lam1_seed42] step 260/390 trained 36/36 | hop0: 0.0069 | hop1: 0.0162
[nig_product_sampled_lam1_seed42] step 270/390 trained 36/36 | hop0: 0.0075 | hop1: 0.0109 | hop2: 0.0055
[nig_product_sampled_lam1_seed42] step 280/390 trained 36/36 | hop0: 0.0069 | hop1: 0.0114
[nig_product_sampled_lam1_seed42] step 290/390 trained 36/36 | hop0: 0.0163 | hop1: 0.0080 | hop2: 0.0127
[nig_product_sampled_lam1_seed42] step 300/390 trained 36/36 | hop0: 0.0178 | hop1: 0.0066 | hop2: 0.0128
[nig_product_sampled_lam1_seed42] step 310/390 trained 36/36 | hop0: 0.0105 | hop1: 0.0061 | hop2: 0.0051
[nig_product_sampled_lam1_seed42] step 320/390 trained 36/36 | hop0: 0.0051 | hop1: 0.0046 | hop2: 0.0017
[nig_product_sampled_lam1_seed42] step 330/390 trained 36/36 | hop0: 0.0058 | hop1: 0.0031 | hop2: 0.0014
[nig_product_sampled_lam1_seed42] step 340/390 trained 36/36 | hop0: 0.0097 | hop1: 0.0054
[nig_product_sampled_lam1_seed42] step 350/390 trained 36/36 | hop0: 0.0166 | hop1: 0.0083 | hop2: 0.0074
[nig_product_sampled_lam1_seed42] step 360/390 trained 36/36 | hop0: 0.0054 | hop1: 0.0125 | hop2: 0.0139
[nig_product_sampled_lam1_seed42] step 370/390 trained 36/36 | hop0: 0.0032 | hop1: 0.0101 | hop2: 0.0178
[nig_product_sampled_lam1_seed42] step 380/390 trained 36/36 | hop0: 0.0051 | hop1: 0.0110 | hop2: 0.0241
[nig_product_sampled_lam1_seed42] mean MSE (last 50 steps): 0.0137 | cert-MSE r=-0.602
[nig_product_sampled_lam1_seed42] saved runs\chapter5_v2\s5_9_lam_1p0\nig_product_sampled_lam1_seed42\figures\results.png
### nig_product_sampled_lam1_seed42: last50=0.01374 whole_run=0.02258 r=-0.4180+/-0.1704
[nig_product_sampled_lam1_seed1042] nodes=36 coverage max=9 mode=nig_product steps=390
[nig_product_sampled_lam1_seed1042] step 000/390 trained 36/36 | hop0: 0.0926 | hop1: 0.1047
[nig_product_sampled_lam1_seed1042] step 010/390 trained 36/36 | hop0: 0.0733 | hop1: 0.0791 | hop2: 0.1309
[nig_product_sampled_lam1_seed1042] step 020/390 trained 36/36 | hop0: 0.0543 | hop1: 0.0621
[nig_product_sampled_lam1_seed1042] step 030/390 trained 36/36 | hop0: 0.0612 | hop1: 0.0650 | hop2: 0.0595
[nig_product_sampled_lam1_seed1042] step 040/390 trained 36/36 | hop0: 0.0455 | hop1: 0.0496 | hop2: 0.0772
[nig_product_sampled_lam1_seed1042] step 050/390 trained 36/36 | hop0: 0.0352 | hop1: 0.0335 | hop2: 0.0543
[nig_product_sampled_lam1_seed1042] step 060/390 trained 36/36 | hop0: 0.0296 | hop1: 0.0299 | hop2: 0.0485
[nig_product_sampled_lam1_seed1042] step 070/390 trained 36/36 | hop0: 0.0181 | hop1: 0.0224 | hop2: 0.0547
[nig_product_sampled_lam1_seed1042] step 080/390 trained 36/36 | hop0: 0.0116 | hop1: 0.0208 | hop2: 0.0727
[nig_product_sampled_lam1_seed1042] step 090/390 trained 36/36 | hop0: 0.0101 | hop1: 0.0153 | hop2: 0.0453
[nig_product_sampled_lam1_seed1042] step 100/390 trained 36/36 | hop0: 0.0099 | hop1: 0.0111
[nig_product_sampled_lam1_seed1042] step 110/390 trained 36/36 | hop0: 0.0073 | hop1: 0.0096 | hop2: 0.0202
[nig_product_sampled_lam1_seed1042] step 120/390 trained 36/36 | hop0: 0.0103 | hop1: 0.0112 | hop2: 0.0310
[nig_product_sampled_lam1_seed1042] step 130/390 trained 36/36 | hop0: 0.0125 | hop1: 0.0117 | hop2: 0.0232
[nig_product_sampled_lam1_seed1042] step 140/390 trained 36/36 | hop0: 0.0240 | hop1: 0.0093 | hop2: 0.0202
[nig_product_sampled_lam1_seed1042] step 150/390 trained 36/36 | hop0: 0.0280 | hop1: 0.0114 | hop2: 0.0292
[nig_product_sampled_lam1_seed1042] step 160/390 trained 36/36 | hop0: 0.0093 | hop1: 0.0158 | hop2: 0.0416
[nig_product_sampled_lam1_seed1042] step 170/390 trained 36/36 | hop0: 0.0046 | hop1: 0.0150 | hop2: 0.0338
[nig_product_sampled_lam1_seed1042] step 180/390 trained 36/36 | hop0: 0.0057 | hop1: 0.0170 | hop2: 0.0263
[nig_product_sampled_lam1_seed1042] step 190/390 trained 36/36 | hop0: 0.0100 | hop1: 0.0168
[nig_product_sampled_lam1_seed1042] step 200/390 trained 36/36 | hop0: 0.0072 | hop1: 0.0170 | hop2: 0.0084
[nig_product_sampled_lam1_seed1042] step 210/390 trained 36/36 | hop0: 0.0051 | hop1: 0.0161
[nig_product_sampled_lam1_seed1042] step 220/390 trained 36/36 | hop0: 0.0064 | hop1: 0.0106 | hop2: 0.0271
[nig_product_sampled_lam1_seed1042] step 230/390 trained 36/36 | hop0: 0.0081 | hop1: 0.0077 | hop2: 0.0160
[nig_product_sampled_lam1_seed1042] step 240/390 trained 36/36 | hop0: 0.0080 | hop1: 0.0194 | hop2: 0.0268
[nig_product_sampled_lam1_seed1042] step 250/390 trained 36/36 | hop0: 0.0091 | hop1: 0.0244 | hop2: 0.0585
[nig_product_sampled_lam1_seed1042] step 260/390 trained 36/36 | hop0: 0.0157 | hop1: 0.0299 | hop2: 0.0645
[nig_product_sampled_lam1_seed1042] step 270/390 trained 36/36 | hop0: 0.0172 | hop1: 0.0243
[nig_product_sampled_lam1_seed1042] step 280/390 trained 36/36 | hop0: 0.0065 | hop1: 0.0242
[nig_product_sampled_lam1_seed1042] step 290/390 trained 36/36 | hop0: 0.0036 | hop1: 0.0211
[nig_product_sampled_lam1_seed1042] step 300/390 trained 36/36 | hop0: 0.0061 | hop1: 0.0194 | hop2: 0.0019
[nig_product_sampled_lam1_seed1042] step 310/390 trained 36/36 | hop0: 0.0025 | hop1: 0.0100 | hop2: 0.0221
[nig_product_sampled_lam1_seed1042] step 320/390 trained 36/36 | hop0: 0.0030 | hop1: 0.0054 | hop2: 0.0116
[nig_product_sampled_lam1_seed1042] step 330/390 trained 36/36 | hop0: 0.0011 | hop1: 0.0026 | hop2: 0.0061
[nig_product_sampled_lam1_seed1042] step 340/390 trained 36/36 | hop0: 0.0021 | hop1: 0.0035 | hop2: 0.0042
[nig_product_sampled_lam1_seed1042] step 350/390 trained 36/36 | hop0: 0.0017 | hop1: 0.0095 | hop2: 0.0104
[nig_product_sampled_lam1_seed1042] step 360/390 trained 36/36 | hop0: 0.0024 | hop1: 0.0088 | hop2: 0.0399
[nig_product_sampled_lam1_seed1042] step 370/390 trained 36/36 | hop0: 0.0049 | hop1: 0.0192 | hop2: 0.0420
[nig_product_sampled_lam1_seed1042] step 380/390 trained 36/36 | hop0: 0.0063 | hop1: 0.0233 | hop2: 0.0453
[nig_product_sampled_lam1_seed1042] mean MSE (last 50 steps): 0.0166 | cert-MSE r=-0.468
[nig_product_sampled_lam1_seed1042] saved runs\chapter5_v2\s5_9_lam_1p0\nig_product_sampled_lam1_seed1042\figures\results.png
### nig_product_sampled_lam1_seed1042: last50=0.01657 whole_run=0.02429 r=-0.3976+/-0.1132
[nig_product_sampled_lam1_seed2042] nodes=36 coverage max=9 mode=nig_product steps=390
[nig_product_sampled_lam1_seed2042] step 000/390 trained 36/36 | hop0: 0.0979 | hop1: 0.0843 | hop2: 0.0970
[nig_product_sampled_lam1_seed2042] step 010/390 trained 36/36 | hop0: 0.0868 | hop1: 0.0939 | hop2: 0.0858
[nig_product_sampled_lam1_seed2042] step 020/390 trained 36/36 | hop0: 0.0668 | hop1: 0.0711 | hop2: 0.0741
[nig_product_sampled_lam1_seed2042] step 030/390 trained 36/36 | hop0: 0.0603 | hop1: 0.0506 | hop2: 0.0646
[nig_product_sampled_lam1_seed2042] step 040/390 trained 36/36 | hop0: 0.0385 | hop1: 0.0531 | hop2: 0.0730
[nig_product_sampled_lam1_seed2042] step 050/390 trained 36/36 | hop0: 0.0402 | hop1: 0.0415 | hop2: 0.0558 | hop3: 0.0761
[nig_product_sampled_lam1_seed2042] step 060/390 trained 36/36 | hop0: 0.0369 | hop1: 0.0306 | hop2: 0.0569
[nig_product_sampled_lam1_seed2042] step 070/390 trained 36/36 | hop0: 0.0294 | hop1: 0.0314 | hop2: 0.0639
[nig_product_sampled_lam1_seed2042] step 080/390 trained 36/36 | hop0: 0.0194 | hop1: 0.0271 | hop2: 0.0603
[nig_product_sampled_lam1_seed2042] step 090/390 trained 36/36 | hop0: 0.0125 | hop1: 0.0196 | hop2: 0.0446
[nig_product_sampled_lam1_seed2042] step 100/390 trained 36/36 | hop0: 0.0110 | hop1: 0.0145 | hop2: 0.0245
[nig_product_sampled_lam1_seed2042] step 110/390 trained 36/36 | hop0: 0.0116 | hop1: 0.0157 | hop2: 0.0248
[nig_product_sampled_lam1_seed2042] step 120/390 trained 36/36 | hop0: 0.0081 | hop1: 0.0268
[nig_product_sampled_lam1_seed2042] step 130/390 trained 36/36 | hop0: 0.0067 | hop1: 0.0211 | hop2: 0.1292
[nig_product_sampled_lam1_seed2042] step 140/390 trained 36/36 | hop0: 0.0088 | hop1: 0.0301 | hop2: 0.1146
[nig_product_sampled_lam1_seed2042] step 150/390 trained 36/36 | hop0: 0.0051 | hop1: 0.0305 | hop2: 0.0715
[nig_product_sampled_lam1_seed2042] step 160/390 trained 36/36 | hop0: 0.0057 | hop1: 0.0258 | hop2: 0.0692
[nig_product_sampled_lam1_seed2042] step 170/390 trained 36/36 | hop0: 0.0042 | hop1: 0.0162 | hop2: 0.0536
[nig_product_sampled_lam1_seed2042] step 180/390 trained 36/36 | hop0: 0.0064 | hop1: 0.0115 | hop2: 0.0185
[nig_product_sampled_lam1_seed2042] step 190/390 trained 36/36 | hop0: 0.0093 | hop1: 0.0130 | hop2: 0.0195
[nig_product_sampled_lam1_seed2042] step 200/390 trained 36/36 | hop0: 0.0056 | hop1: 0.0134
[nig_product_sampled_lam1_seed2042] step 210/390 trained 36/36 | hop0: 0.0086 | hop1: 0.0096
[nig_product_sampled_lam1_seed2042] step 220/390 trained 36/36 | hop0: 0.0039 | hop1: 0.0098 | hop2: 0.0184
[nig_product_sampled_lam1_seed2042] step 230/390 trained 36/36 | hop0: 0.0051 | hop1: 0.0150 | hop2: 0.0271
[nig_product_sampled_lam1_seed2042] step 240/390 trained 36/36 | hop0: 0.0067 | hop1: 0.0192 | hop2: 0.0431
[nig_product_sampled_lam1_seed2042] step 250/390 trained 36/36 | hop0: 0.0067 | hop1: 0.0177 | hop2: 0.0413
[nig_product_sampled_lam1_seed2042] step 260/390 trained 36/36 | hop0: 0.0130 | hop1: 0.0153 | hop2: 0.0364
[nig_product_sampled_lam1_seed2042] step 270/390 trained 36/36 | hop0: 0.0093 | hop1: 0.0094 | hop2: 0.0304 | hop3: 0.0380
[nig_product_sampled_lam1_seed2042] step 280/390 trained 36/36 | hop0: 0.0087 | hop1: 0.0141 | hop2: 0.0260
[nig_product_sampled_lam1_seed2042] step 290/390 trained 36/36 | hop0: 0.0044 | hop1: 0.0220 | hop2: 0.0247
[nig_product_sampled_lam1_seed2042] step 300/390 trained 36/36 | hop0: 0.0028 | hop1: 0.0061 | hop2: 0.0351 | hop3: 0.0211
[nig_product_sampled_lam1_seed2042] step 310/390 trained 36/36 | hop0: 0.0025 | hop1: 0.0056 | hop2: 0.0274 | hop3: 0.0221
[nig_product_sampled_lam1_seed2042] step 320/390 trained 36/36 | hop0: 0.0034 | hop1: 0.0064 | hop2: 0.0158
[nig_product_sampled_lam1_seed2042] step 330/390 trained 36/36 | hop0: 0.0041 | hop1: 0.0064 | hop2: 0.0093 | hop3: 0.0106
[nig_product_sampled_lam1_seed2042] step 340/390 trained 36/36 | hop0: 0.0030 | hop1: 0.0038 | hop2: 0.0068 | hop3: 0.0107
[nig_product_sampled_lam1_seed2042] step 350/390 trained 36/36 | hop0: 0.0025 | hop1: 0.0044 | hop2: 0.0182 | hop3: 0.0273
[nig_product_sampled_lam1_seed2042] step 360/390 trained 36/36 | hop0: 0.0025 | hop1: 0.0090 | hop2: 0.0523
[nig_product_sampled_lam1_seed2042] step 370/390 trained 36/36 | hop0: 0.0043 | hop1: 0.0151 | hop2: 0.0808
[nig_product_sampled_lam1_seed2042] step 380/390 trained 36/36 | hop0: 0.0060 | hop1: 0.0095 | hop2: 0.0310
[nig_product_sampled_lam1_seed2042] mean MSE (last 50 steps): 0.0152 | cert-MSE r=0.235
[nig_product_sampled_lam1_seed2042] saved runs\chapter5_v2\s5_9_lam_1p0\nig_product_sampled_lam1_seed2042\figures\results.png
### nig_product_sampled_lam1_seed2042: last50=0.01524 whole_run=0.02664 r=-0.0605+/-0.1272
[nig_product_sampled_lam1_seed3042] nodes=36 coverage max=9 mode=nig_product steps=390
[nig_product_sampled_lam1_seed3042] step 000/390 trained 36/36 | hop0: 0.0954 | hop1: 0.0919 | hop2: 0.1612
[nig_product_sampled_lam1_seed3042] step 010/390 trained 36/36 | hop0: 0.0693 | hop1: 0.0929
[nig_product_sampled_lam1_seed3042] step 020/390 trained 36/36 | hop0: 0.0682 | hop1: 0.0801
[nig_product_sampled_lam1_seed3042] step 030/390 trained 36/36 | hop0: 0.0618 | hop1: 0.0714
[nig_product_sampled_lam1_seed3042] step 040/390 trained 36/36 | hop0: 0.0516 | hop1: 0.0541
[nig_product_sampled_lam1_seed3042] step 050/390 trained 36/36 | hop0: 0.0356 | hop1: 0.0420 | hop2: 0.0463
[nig_product_sampled_lam1_seed3042] step 060/390 trained 36/36 | hop0: 0.0372 | hop1: 0.0355 | hop2: 0.0489
[nig_product_sampled_lam1_seed3042] step 070/390 trained 36/36 | hop0: 0.0233 | hop1: 0.0311 | hop2: 0.0701
[nig_product_sampled_lam1_seed3042] step 080/390 trained 36/36 | hop0: 0.0141 | hop1: 0.0221 | hop2: 0.0785
[nig_product_sampled_lam1_seed3042] step 090/390 trained 36/36 | hop0: 0.0123 | hop1: 0.0170 | hop2: 0.0442 | hop3: 0.0567
[nig_product_sampled_lam1_seed3042] step 100/390 trained 36/36 | hop0: 0.0117 | hop1: 0.0142 | hop2: 0.0251
[nig_product_sampled_lam1_seed3042] step 110/390 trained 36/36 | hop0: 0.0102 | hop1: 0.0174 | hop2: 0.0276
[nig_product_sampled_lam1_seed3042] step 120/390 trained 36/36 | hop0: 0.0107 | hop1: 0.0283 | hop2: 0.0359
[nig_product_sampled_lam1_seed3042] step 130/390 trained 36/36 | hop0: 0.0142 | hop1: 0.0298 | hop2: 0.0491
[nig_product_sampled_lam1_seed3042] step 140/390 trained 36/36 | hop0: 0.0241 | hop1: 0.0122 | hop2: 0.0071
[nig_product_sampled_lam1_seed3042] step 150/390 trained 36/36 | hop0: 0.0179 | hop1: 0.0112 | hop2: 0.0031
[nig_product_sampled_lam1_seed3042] step 160/390 trained 36/36 | hop0: 0.0112 | hop1: 0.0160 | hop2: 0.0078
[nig_product_sampled_lam1_seed3042] step 170/390 trained 36/36 | hop0: 0.0121 | hop1: 0.0164 | hop2: 0.0149
[nig_product_sampled_lam1_seed3042] step 180/390 trained 36/36 | hop0: 0.0231 | hop1: 0.0102
[nig_product_sampled_lam1_seed3042] step 190/390 trained 36/36 | hop0: 0.0220 | hop1: 0.0108
[nig_product_sampled_lam1_seed3042] step 200/390 trained 36/36 | hop0: 0.0178 | hop1: 0.0128
[nig_product_sampled_lam1_seed3042] step 210/390 trained 36/36 | hop0: 0.0097 | hop1: 0.0102 | hop2: 0.0022
[nig_product_sampled_lam1_seed3042] step 220/390 trained 36/36 | hop0: 0.0063 | hop1: 0.0089 | hop2: 0.0029
[nig_product_sampled_lam1_seed3042] step 230/390 trained 36/36 | hop0: 0.0113 | hop1: 0.0068 | hop2: 0.0068
[nig_product_sampled_lam1_seed3042] step 240/390 trained 36/36 | hop0: 0.0103 | hop1: 0.0090 | hop2: 0.0211
[nig_product_sampled_lam1_seed3042] step 250/390 trained 36/36 | hop0: 0.0098 | hop1: 0.0103 | hop2: 0.0430
[nig_product_sampled_lam1_seed3042] step 260/390 trained 36/36 | hop0: 0.0087 | hop1: 0.0179 | hop2: 0.0494
[nig_product_sampled_lam1_seed3042] step 270/390 trained 36/36 | hop0: 0.0054 | hop1: 0.0131 | hop2: 0.0276
[nig_product_sampled_lam1_seed3042] step 280/390 trained 36/36 | hop0: 0.0021 | hop1: 0.0106 | hop2: 0.0217
[nig_product_sampled_lam1_seed3042] step 290/390 trained 36/36 | hop0: 0.0029 | hop1: 0.0118
[nig_product_sampled_lam1_seed3042] step 300/390 trained 36/36 | hop0: 0.0031 | hop1: 0.0091 | hop2: 0.0086
[nig_product_sampled_lam1_seed3042] step 310/390 trained 36/36 | hop0: 0.0027 | hop1: 0.0072 | hop2: 0.0073
[nig_product_sampled_lam1_seed3042] step 320/390 trained 36/36 | hop0: 0.0019 | hop1: 0.0042 | hop2: 0.0052
[nig_product_sampled_lam1_seed3042] step 330/390 trained 36/36 | hop0: 0.0026 | hop1: 0.0023
[nig_product_sampled_lam1_seed3042] step 340/390 trained 36/36 | hop0: 0.0024 | hop1: 0.0033
[nig_product_sampled_lam1_seed3042] step 350/390 trained 36/36 | hop0: 0.0100 | hop1: 0.0050 | hop2: 0.0054
[nig_product_sampled_lam1_seed3042] step 360/390 trained 36/36 | hop0: 0.0093 | hop1: 0.0129 | hop2: 0.0141
[nig_product_sampled_lam1_seed3042] step 370/390 trained 36/36 | hop0: 0.0088 | hop1: 0.0212
[nig_product_sampled_lam1_seed3042] step 380/390 trained 36/36 | hop0: 0.0081 | hop1: 0.0201 | hop2: 0.0140
[nig_product_sampled_lam1_seed3042] mean MSE (last 50 steps): 0.0147 | cert-MSE r=-0.229
[nig_product_sampled_lam1_seed3042] saved runs\chapter5_v2\s5_9_lam_1p0\nig_product_sampled_lam1_seed3042\figures\results.png
### nig_product_sampled_lam1_seed3042: last50=0.01468 whole_run=0.02322 r=-0.2292+/-0.0995
[nig_product_sampled_lam1_seed4042] nodes=36 coverage max=9 mode=nig_product steps=390
[nig_product_sampled_lam1_seed4042] step 000/390 trained 36/36 | hop0: 0.0888 | hop1: 0.0972 | hop2: 0.1182
[nig_product_sampled_lam1_seed4042] step 010/390 trained 36/36 | hop0: 0.0664 | hop1: 0.0781
[nig_product_sampled_lam1_seed4042] step 020/390 trained 36/36 | hop0: 0.0614 | hop1: 0.0707 | hop2: 0.1263
[nig_product_sampled_lam1_seed4042] step 030/390 trained 36/36 | hop0: 0.0616 | hop1: 0.0603 | hop2: 0.0630
[nig_product_sampled_lam1_seed4042] step 040/390 trained 36/36 | hop0: 0.0472 | hop1: 0.0508 | hop2: 0.0641
[nig_product_sampled_lam1_seed4042] step 050/390 trained 36/36 | hop0: 0.0348 | hop1: 0.0433 | hop2: 0.0717
[nig_product_sampled_lam1_seed4042] step 060/390 trained 36/36 | hop0: 0.0272 | hop1: 0.0299 | hop2: 0.0614
[nig_product_sampled_lam1_seed4042] step 070/390 trained 36/36 | hop0: 0.0226 | hop1: 0.0327 | hop2: 0.0513
[nig_product_sampled_lam1_seed4042] step 080/390 trained 36/36 | hop0: 0.0174 | hop1: 0.0239 | hop2: 0.0433
[nig_product_sampled_lam1_seed4042] step 090/390 trained 36/36 | hop0: 0.0103 | hop1: 0.0210 | hop2: 0.0446 | hop3: 0.0836
[nig_product_sampled_lam1_seed4042] step 100/390 trained 36/36 | hop0: 0.0100 | hop1: 0.0146 | hop2: 0.0330 | hop3: 0.0528
[nig_product_sampled_lam1_seed4042] step 110/390 trained 36/36 | hop0: 0.0108 | hop1: 0.0243 | hop2: 0.0771
[nig_product_sampled_lam1_seed4042] step 120/390 trained 36/36 | hop0: 0.0200 | hop1: 0.0253 | hop2: 0.0509
[nig_product_sampled_lam1_seed4042] step 130/390 trained 36/36 | hop0: 0.0318 | hop1: 0.0286
[nig_product_sampled_lam1_seed4042] step 140/390 trained 36/36 | hop0: 0.0315 | hop1: 0.0165 | hop2: 0.0139
[nig_product_sampled_lam1_seed4042] step 150/390 trained 36/36 | hop0: 0.0253 | hop1: 0.0140 | hop2: 0.0153
[nig_product_sampled_lam1_seed4042] step 160/390 trained 36/36 | hop0: 0.0110 | hop1: 0.0141 | hop2: 0.0231
[nig_product_sampled_lam1_seed4042] step 170/390 trained 36/36 | hop0: 0.0082 | hop1: 0.0146 | hop2: 0.0241
[nig_product_sampled_lam1_seed4042] step 180/390 trained 36/36 | hop0: 0.0095 | hop1: 0.0181 | hop2: 0.0214
[nig_product_sampled_lam1_seed4042] step 190/390 trained 36/36 | hop0: 0.0109 | hop1: 0.0151 | hop2: 0.0205
[nig_product_sampled_lam1_seed4042] step 200/390 trained 36/36 | hop0: 0.0063 | hop1: 0.0125 | hop2: 0.0168
[nig_product_sampled_lam1_seed4042] step 210/390 trained 36/36 | hop0: 0.0067 | hop1: 0.0089 | hop2: 0.0051
[nig_product_sampled_lam1_seed4042] step 220/390 trained 36/36 | hop0: 0.0046 | hop1: 0.0059 | hop2: 0.0167
[nig_product_sampled_lam1_seed4042] step 230/390 trained 36/36 | hop0: 0.0035 | hop1: 0.0090
[nig_product_sampled_lam1_seed4042] step 240/390 trained 36/36 | hop0: 0.0053 | hop1: 0.0134
[nig_product_sampled_lam1_seed4042] step 250/390 trained 36/36 | hop0: 0.0044 | hop1: 0.0129 | hop2: 0.0153
[nig_product_sampled_lam1_seed4042] step 260/390 trained 36/36 | hop0: 0.0081 | hop1: 0.0122 | hop2: 0.0071
[nig_product_sampled_lam1_seed4042] step 270/390 trained 36/36 | hop0: 0.0045 | hop1: 0.0070 | hop2: 0.0033
[nig_product_sampled_lam1_seed4042] step 280/390 trained 36/36 | hop0: 0.0031 | hop1: 0.0069 | hop2: 0.0117
[nig_product_sampled_lam1_seed4042] step 290/390 trained 36/36 | hop0: 0.0026 | hop1: 0.0067 | hop2: 0.0205
[nig_product_sampled_lam1_seed4042] step 300/390 trained 36/36 | hop0: 0.0030 | hop1: 0.0093 | hop2: 0.0103
[nig_product_sampled_lam1_seed4042] step 310/390 trained 36/36 | hop0: 0.0013 | hop1: 0.0042 | hop2: 0.0087
[nig_product_sampled_lam1_seed4042] step 320/390 trained 36/36 | hop0: 0.0006 | hop1: 0.0040 | hop2: 0.0050
[nig_product_sampled_lam1_seed4042] step 330/390 trained 36/36 | hop0: 0.0008 | hop1: 0.0022 | hop2: 0.0014
[nig_product_sampled_lam1_seed4042] step 340/390 trained 36/36 | hop0: 0.0050 | hop1: 0.0024 | hop2: 0.0013
[nig_product_sampled_lam1_seed4042] step 350/390 trained 36/36 | hop0: 0.0138 | hop1: 0.0053 | hop2: 0.0028
[nig_product_sampled_lam1_seed4042] step 360/390 trained 36/36 | hop0: 0.0123 | hop1: 0.0118
[nig_product_sampled_lam1_seed4042] step 370/390 trained 36/36 | hop0: 0.0065 | hop1: 0.0209 | hop2: 0.0371
[nig_product_sampled_lam1_seed4042] step 380/390 trained 36/36 | hop0: 0.0048 | hop1: 0.0191 | hop2: 0.0933
[nig_product_sampled_lam1_seed4042] mean MSE (last 50 steps): 0.0156 | cert-MSE r=-0.306
[nig_product_sampled_lam1_seed4042] saved runs\chapter5_v2\s5_9_lam_1p0\nig_product_sampled_lam1_seed4042\figures\results.png
### nig_product_sampled_lam1_seed4042: last50=0.01558 whole_run=0.02407 r=-0.1296+/-0.1164
=== DONE ===
