[random_seed42] nodes=36 coverage max=9 mode=nig_product steps=390
[random_seed42] step 000/390 trained 36/36 | hop0: 0.1081 | hop1: 0.1006
[random_seed42] step 010/390 trained 36/36 | hop0: 0.0651 | hop1: 0.0882
[random_seed42] step 020/390 trained 36/36 | hop0: 0.0705 | hop1: 0.0694 | hop2: 0.0823
[random_seed42] step 030/390 trained 36/36 | hop0: 0.0517 | hop1: 0.0678 | hop2: 0.1025
[random_seed42] step 040/390 trained 36/36 | hop0: 0.0412 | hop1: 0.0582 | hop2: 0.0638
[random_seed42] step 050/390 trained 36/36 | hop0: 0.0414 | hop1: 0.0422 | hop2: 0.0513
[random_seed42] step 060/390 trained 36/36 | hop0: 0.0249 | hop1: 0.0419 | hop2: 0.0596
[random_seed42] step 070/390 trained 36/36 | hop0: 0.0196 | hop1: 0.0343 | hop2: 0.0608
[random_seed42] step 080/390 trained 36/36 | hop0: 0.0140 | hop1: 0.0302 | hop2: 0.0801
[random_seed42] step 090/390 trained 36/36 | hop0: 0.0160 | hop1: 0.0262
[random_seed42] step 100/390 trained 36/36 | hop0: 0.0140 | hop1: 0.0231 | hop2: 0.0238
[random_seed42] step 110/390 trained 36/36 | hop0: 0.0224 | hop1: 0.0176 | hop2: 0.0254
[random_seed42] step 120/390 trained 36/36 | hop0: 0.0216 | hop1: 0.0358 | hop2: 0.0454
[random_seed42] step 130/390 trained 36/36 | hop0: 0.0158 | hop1: 0.0429 | hop2: 0.0990
[random_seed42] step 140/390 trained 36/36 | hop0: 0.0061 | hop1: 0.0364 | hop2: 0.0726
[random_seed42] step 150/390 trained 36/36 | hop0: 0.0029 | hop1: 0.0133 | hop2: 0.0779
[random_seed42] step 160/390 trained 36/36 | hop0: 0.0069 | hop1: 0.0090 | hop2: 0.0382
[random_seed42] step 170/390 trained 36/36 | hop0: 0.0033 | hop1: 0.0062 | hop2: 0.0150
[random_seed42] step 180/390 trained 36/36 | hop0: 0.0037 | hop1: 0.0040 | hop2: 0.0121
[random_seed42] step 190/390 trained 36/36 | hop0: 0.0038 | hop1: 0.0048 | hop2: 0.0195
[random_seed42] step 200/390 trained 36/36 | hop0: 0.0040 | hop1: 0.0047 | hop2: 0.0117
[random_seed42] step 210/390 trained 36/36 | hop0: 0.0037 | hop1: 0.0042 | hop2: 0.0072
[random_seed42] step 220/390 trained 36/36 | hop0: 0.0036 | hop1: 0.0058
[random_seed42] step 230/390 trained 36/36 | hop0: 0.0039 | hop1: 0.0066 | hop2: 0.0078
[random_seed42] step 240/390 trained 36/36 | hop0: 0.0043 | hop1: 0.0095 | hop2: 0.0116
[random_seed42] step 250/390 trained 36/36 | hop0: 0.0043 | hop1: 0.0125 | hop2: 0.0217
[random_seed42] step 260/390 trained 36/36 | hop0: 0.0075 | hop1: 0.0132
[random_seed42] step 270/390 trained 36/36 | hop0: 0.0061 | hop1: 0.0107 | hop2: 0.0060
[random_seed42] step 280/390 trained 36/36 | hop0: 0.0043 | hop1: 0.0106
[random_seed42] step 290/390 trained 36/36 | hop0: 0.0128 | hop1: 0.0067 | hop2: 0.0164
[random_seed42] step 300/390 trained 36/36 | hop0: 0.0137 | hop1: 0.0052 | hop2: 0.0125
[random_seed42] step 310/390 trained 36/36 | hop0: 0.0091 | hop1: 0.0056 | hop2: 0.0035
[random_seed42] step 320/390 trained 36/36 | hop0: 0.0051 | hop1: 0.0057 | hop2: 0.0011
[random_seed42] step 330/390 trained 36/36 | hop0: 0.0053 | hop1: 0.0037 | hop2: 0.0016
[random_seed42] step 340/390 trained 36/36 | hop0: 0.0077 | hop1: 0.0042
[random_seed42] step 350/390 trained 36/36 | hop0: 0.0114 | hop1: 0.0063 | hop2: 0.0097
[random_seed42] step 360/390 trained 36/36 | hop0: 0.0056 | hop1: 0.0103 | hop2: 0.0109
[random_seed42] step 370/390 trained 36/36 | hop0: 0.0035 | hop1: 0.0089 | hop2: 0.0168
[random_seed42] step 380/390 trained 36/36 | hop0: 0.0057 | hop1: 0.0104 | hop2: 0.0278
[random_seed42] mean MSE (last 50 steps): 0.0125 | cert-MSE r=-0.481
[random_seed42] saved runs\chapter5_v2\s5_9_routing_matched\random_seed42\figures\results.png
### random seed=42: last50=0.01253 whole_run=0.02356
[uncertainty_guided_seed42] nodes=36 coverage max=9 mode=nig_product steps=390
[uncertainty_guided_seed42] step 000/390 trained 36/36 | hop0: 0.0986 | hop1: 0.1055
[uncertainty_guided_seed42] step 010/390 trained 36/36 | hop0: 0.0732 | hop1: 0.0863
[uncertainty_guided_seed42] step 020/390 trained 36/36 | hop0: 0.0633 | hop1: 0.0822
[uncertainty_guided_seed42] step 030/390 trained 36/36 | hop0: 0.0653 | hop1: 0.0690
[uncertainty_guided_seed42] step 040/390 trained 36/36 | hop0: 0.0465 | hop1: 0.0612
[uncertainty_guided_seed42] step 050/390 trained 36/36 | hop0: 0.0398 | hop1: 0.0537
[uncertainty_guided_seed42] step 060/390 trained 36/36 | hop0: 0.0429 | hop1: 0.0419 | hop2: 0.0651
[uncertainty_guided_seed42] step 070/390 trained 36/36 | hop0: 0.0342 | hop1: 0.0361 | hop2: 0.0512
[uncertainty_guided_seed42] step 080/390 trained 36/36 | hop0: 0.0255 | hop1: 0.0244 | hop2: 0.0661
[uncertainty_guided_seed42] step 090/390 trained 36/36 | hop0: 0.0139 | hop1: 0.0273 | hop2: 0.0476
[uncertainty_guided_seed42] step 100/390 trained 36/36 | hop0: 0.0141 | hop1: 0.0219
[uncertainty_guided_seed42] step 110/390 trained 36/36 | hop0: 0.0064 | hop1: 0.0157
[uncertainty_guided_seed42] step 120/390 trained 36/36 | hop0: 0.0115 | hop1: 0.0234 | hop2: 0.0282
[uncertainty_guided_seed42] step 130/390 trained 36/36 | hop0: 0.0155 | hop1: 0.0265 | hop2: 0.0289
[uncertainty_guided_seed42] step 140/390 trained 36/36 | hop0: 0.0108 | hop1: 0.0216 | hop2: 0.0310
[uncertainty_guided_seed42] step 150/390 trained 36/36 | hop0: 0.0090 | hop1: 0.0159 | hop2: 0.0385
[uncertainty_guided_seed42] step 160/390 trained 36/36 | hop0: 0.0070 | hop1: 0.0120
[uncertainty_guided_seed42] step 170/390 trained 36/36 | hop0: 0.0084 | hop1: 0.0061 | hop2: 0.0049
[uncertainty_guided_seed42] step 180/390 trained 36/36 | hop0: 0.0101 | hop1: 0.0058
[uncertainty_guided_seed42] step 190/390 trained 36/36 | hop0: 0.0114 | hop1: 0.0081 | hop2: 0.0149
[uncertainty_guided_seed42] step 200/390 trained 36/36 | hop0: 0.0045 | hop1: 0.0071 | hop2: 0.0235
[uncertainty_guided_seed42] step 210/390 trained 36/36 | hop0: 0.0043 | hop1: 0.0059 | hop2: 0.0094
[uncertainty_guided_seed42] step 220/390 trained 36/36 | hop0: 0.0043 | hop1: 0.0068 | hop2: 0.0025
[uncertainty_guided_seed42] step 230/390 trained 36/36 | hop0: 0.0065 | hop1: 0.0080
[uncertainty_guided_seed42] step 240/390 trained 36/36 | hop0: 0.0065 | hop1: 0.0097
[uncertainty_guided_seed42] step 250/390 trained 36/36 | hop0: 0.0092 | hop1: 0.0091
[uncertainty_guided_seed42] step 260/390 trained 36/36 | hop0: 0.0067 | hop1: 0.0095
[uncertainty_guided_seed42] step 270/390 trained 36/36 | hop0: 0.0063 | hop1: 0.0053 | hop2: 0.0038
[uncertainty_guided_seed42] step 280/390 trained 36/36 | hop0: 0.0040 | hop1: 0.0041 | hop2: 0.0038
[uncertainty_guided_seed42] step 290/390 trained 36/36 | hop0: 0.0076 | hop1: 0.0030
[uncertainty_guided_seed42] step 300/390 trained 36/36 | hop0: 0.0041 | hop1: 0.0084 | hop2: 0.0019
[uncertainty_guided_seed42] step 310/390 trained 36/36 | hop0: 0.0020 | hop1: 0.0076 | hop2: 0.0135
[uncertainty_guided_seed42] step 320/390 trained 36/36 | hop0: 0.0023 | hop1: 0.0060
[uncertainty_guided_seed42] step 330/390 trained 36/36 | hop0: 0.0040 | hop1: 0.0044 | hop2: 0.0029
[uncertainty_guided_seed42] step 340/390 trained 36/36 | hop0: 0.0029 | hop1: 0.0048 | hop2: 0.0036
[uncertainty_guided_seed42] step 350/390 trained 36/36 | hop0: 0.0027 | hop1: 0.0087 | hop2: 0.0024
[uncertainty_guided_seed42] step 360/390 trained 36/36 | hop0: 0.0022 | hop1: 0.0115 | hop2: 0.0026
[uncertainty_guided_seed42] step 370/390 trained 36/36 | hop0: 0.0060 | hop1: 0.0166
[uncertainty_guided_seed42] step 380/390 trained 36/36 | hop0: 0.0080 | hop1: 0.0134 | hop2: 0.0177
[uncertainty_guided_seed42] mean MSE (last 50 steps): 0.0110 | cert-MSE r=-0.031
[uncertainty_guided_seed42] saved runs\chapter5_v2\s5_9_routing_matched\uncertainty_guided_seed42\figures\results.png
### uncertainty_guided seed=42: last50=0.01098 whole_run=0.02251
[random_seed1042] nodes=36 coverage max=9 mode=nig_product steps=390
[random_seed1042] step 000/390 trained 36/36 | hop0: 0.0928 | hop1: 0.1057
[random_seed1042] step 010/390 trained 36/36 | hop0: 0.0765 | hop1: 0.0840 | hop2: 0.1446
[random_seed1042] step 020/390 trained 36/36 | hop0: 0.0593 | hop1: 0.0680
[random_seed1042] step 030/390 trained 36/36 | hop0: 0.0661 | hop1: 0.0731 | hop2: 0.0727
[random_seed1042] step 040/390 trained 36/36 | hop0: 0.0518 | hop1: 0.0572 | hop2: 0.0948
[random_seed1042] step 050/390 trained 36/36 | hop0: 0.0420 | hop1: 0.0413 | hop2: 0.0651
[random_seed1042] step 060/390 trained 36/36 | hop0: 0.0364 | hop1: 0.0380 | hop2: 0.0563
[random_seed1042] step 070/390 trained 36/36 | hop0: 0.0260 | hop1: 0.0305 | hop2: 0.0574
[random_seed1042] step 080/390 trained 36/36 | hop0: 0.0179 | hop1: 0.0297 | hop2: 0.0962
[random_seed1042] step 090/390 trained 36/36 | hop0: 0.0158 | hop1: 0.0223 | hop2: 0.0495
[random_seed1042] step 100/390 trained 36/36 | hop0: 0.0153 | hop1: 0.0172
[random_seed1042] step 110/390 trained 36/36 | hop0: 0.0109 | hop1: 0.0158 | hop2: 0.0257
[random_seed1042] step 120/390 trained 36/36 | hop0: 0.0144 | hop1: 0.0155 | hop2: 0.0327
[random_seed1042] step 130/390 trained 36/36 | hop0: 0.0168 | hop1: 0.0158 | hop2: 0.0334
[random_seed1042] step 140/390 trained 36/36 | hop0: 0.0309 | hop1: 0.0104 | hop2: 0.0248
[random_seed1042] step 150/390 trained 36/36 | hop0: 0.0232 | hop1: 0.0141 | hop2: 0.0205
[random_seed1042] step 160/390 trained 36/36 | hop0: 0.0091 | hop1: 0.0117 | hop2: 0.0262
[random_seed1042] step 170/390 trained 36/36 | hop0: 0.0045 | hop1: 0.0117 | hop2: 0.0300
[random_seed1042] step 180/390 trained 36/36 | hop0: 0.0058 | hop1: 0.0132 | hop2: 0.0272
[random_seed1042] step 190/390 trained 36/36 | hop0: 0.0102 | hop1: 0.0163
[random_seed1042] step 200/390 trained 36/36 | hop0: 0.0073 | hop1: 0.0150 | hop2: 0.0096
[random_seed1042] step 210/390 trained 36/36 | hop0: 0.0046 | hop1: 0.0120
[random_seed1042] step 220/390 trained 36/36 | hop0: 0.0062 | hop1: 0.0088 | hop2: 0.0158
[random_seed1042] step 230/390 trained 36/36 | hop0: 0.0086 | hop1: 0.0066 | hop2: 0.0115
[random_seed1042] step 240/390 trained 36/36 | hop0: 0.0080 | hop1: 0.0151 | hop2: 0.0198
[random_seed1042] step 250/390 trained 36/36 | hop0: 0.0070 | hop1: 0.0182 | hop2: 0.0607
[random_seed1042] step 260/390 trained 36/36 | hop0: 0.0120 | hop1: 0.0253 | hop2: 0.0764
[random_seed1042] step 270/390 trained 36/36 | hop0: 0.0128 | hop1: 0.0210
[random_seed1042] step 280/390 trained 36/36 | hop0: 0.0043 | hop1: 0.0176
[random_seed1042] step 290/390 trained 36/36 | hop0: 0.0023 | hop1: 0.0140
[random_seed1042] step 300/390 trained 36/36 | hop0: 0.0043 | hop1: 0.0113 | hop2: 0.0011
[random_seed1042] step 310/390 trained 36/36 | hop0: 0.0023 | hop1: 0.0065 | hop2: 0.0123
[random_seed1042] step 320/390 trained 36/36 | hop0: 0.0024 | hop1: 0.0040 | hop2: 0.0074
[random_seed1042] step 330/390 trained 36/36 | hop0: 0.0010 | hop1: 0.0020 | hop2: 0.0041
[random_seed1042] step 340/390 trained 36/36 | hop0: 0.0018 | hop1: 0.0037 | hop2: 0.0050
[random_seed1042] step 350/390 trained 36/36 | hop0: 0.0016 | hop1: 0.0109 | hop2: 0.0161
[random_seed1042] step 360/390 trained 36/36 | hop0: 0.0025 | hop1: 0.0092 | hop2: 0.0463
[random_seed1042] step 370/390 trained 36/36 | hop0: 0.0055 | hop1: 0.0206 | hop2: 0.0457
[random_seed1042] step 380/390 trained 36/36 | hop0: 0.0064 | hop1: 0.0255 | hop2: 0.0589
[random_seed1042] mean MSE (last 50 steps): 0.0182 | cert-MSE r=-0.452
[random_seed1042] saved runs\chapter5_v2\s5_9_routing_matched\random_seed1042\figures\results.png
### random seed=1042: last50=0.01822 whole_run=0.02533
[uncertainty_guided_seed1042] nodes=36 coverage max=9 mode=nig_product steps=390
[uncertainty_guided_seed1042] step 000/390 trained 36/36 | hop0: 0.0929 | hop1: 0.1030 | hop2: 0.1182
[uncertainty_guided_seed1042] step 010/390 trained 36/36 | hop0: 0.0755 | hop1: 0.0869 | hop2: 0.1112
[uncertainty_guided_seed1042] step 020/390 trained 36/36 | hop0: 0.0677 | hop1: 0.0671 | hop2: 0.0999
[uncertainty_guided_seed1042] step 030/390 trained 36/36 | hop0: 0.0732 | hop1: 0.0751
[uncertainty_guided_seed1042] step 040/390 trained 36/36 | hop0: 0.0590 | hop1: 0.0647 | hop2: 0.0573
[uncertainty_guided_seed1042] step 050/390 trained 36/36 | hop0: 0.0492 | hop1: 0.0464 | hop2: 0.0417
[uncertainty_guided_seed1042] step 060/390 trained 36/36 | hop0: 0.0445 | hop1: 0.0458
[uncertainty_guided_seed1042] step 070/390 trained 36/36 | hop0: 0.0346 | hop1: 0.0369 | hop2: 0.0411
[uncertainty_guided_seed1042] step 080/390 trained 36/36 | hop0: 0.0360 | hop1: 0.0322 | hop2: 0.0291
[uncertainty_guided_seed1042] step 090/390 trained 36/36 | hop0: 0.0251 | hop1: 0.0271 | hop2: 0.0503
[uncertainty_guided_seed1042] step 100/390 trained 36/36 | hop0: 0.0196 | hop1: 0.0230 | hop2: 0.0426
[uncertainty_guided_seed1042] step 110/390 trained 36/36 | hop0: 0.0205 | hop1: 0.0309 | hop2: 0.0479
[uncertainty_guided_seed1042] step 120/390 trained 36/36 | hop0: 0.0561 | hop1: 0.0327 | hop2: 0.0402
[uncertainty_guided_seed1042] step 130/390 trained 36/36 | hop0: 0.0421 | hop1: 0.0424
[uncertainty_guided_seed1042] step 140/390 trained 36/36 | hop0: 0.0358 | hop1: 0.0350 | hop2: 0.0872
[uncertainty_guided_seed1042] step 150/390 trained 36/36 | hop0: 0.0231 | hop1: 0.0321
[uncertainty_guided_seed1042] step 160/390 trained 36/36 | hop0: 0.0113 | hop1: 0.0209
[uncertainty_guided_seed1042] step 170/390 trained 36/36 | hop0: 0.0094 | hop1: 0.0148 | hop2: 0.0319
[uncertainty_guided_seed1042] step 180/390 trained 36/36 | hop0: 0.0066 | hop1: 0.0084 | hop2: 0.0156
[uncertainty_guided_seed1042] step 190/390 trained 36/36 | hop0: 0.0095 | hop1: 0.0068
[uncertainty_guided_seed1042] step 200/390 trained 36/36 | hop0: 0.0073 | hop1: 0.0063
[uncertainty_guided_seed1042] step 210/390 trained 36/36 | hop0: 0.0048 | hop1: 0.0051
[uncertainty_guided_seed1042] step 220/390 trained 36/36 | hop0: 0.0082 | hop1: 0.0047 | hop2: 0.0040
[uncertainty_guided_seed1042] step 230/390 trained 36/36 | hop0: 0.0045 | hop1: 0.0051 | hop2: 0.0091
[uncertainty_guided_seed1042] step 240/390 trained 36/36 | hop0: 0.0046 | hop1: 0.0106
[uncertainty_guided_seed1042] step 250/390 trained 36/36 | hop0: 0.0058 | hop1: 0.0152 | hop2: 0.0306
[uncertainty_guided_seed1042] step 260/390 trained 36/36 | hop0: 0.0063 | hop1: 0.0153 | hop2: 0.0151
[uncertainty_guided_seed1042] step 270/390 trained 36/36 | hop0: 0.0051 | hop1: 0.0066 | hop2: 0.0102
[uncertainty_guided_seed1042] step 280/390 trained 36/36 | hop0: 0.0034 | hop1: 0.0025 | hop2: 0.0034
[uncertainty_guided_seed1042] step 290/390 trained 36/36 | hop0: 0.0073 | hop1: 0.0044 | hop2: 0.0018
[uncertainty_guided_seed1042] step 300/390 trained 36/36 | hop0: 0.0092 | hop1: 0.0097 | hop2: 0.0038
[uncertainty_guided_seed1042] step 310/390 trained 36/36 | hop0: 0.0113 | hop1: 0.0087
[uncertainty_guided_seed1042] step 320/390 trained 36/36 | hop0: 0.0060 | hop1: 0.0061
[uncertainty_guided_seed1042] step 330/390 trained 36/36 | hop0: 0.0025 | hop1: 0.0031
[uncertainty_guided_seed1042] step 340/390 trained 36/36 | hop0: 0.0039 | hop1: 0.0058 | hop2: 0.0023
[uncertainty_guided_seed1042] step 350/390 trained 36/36 | hop0: 0.0094 | hop1: 0.0073
[uncertainty_guided_seed1042] step 360/390 trained 36/36 | hop0: 0.0054 | hop1: 0.0071 | hop2: 0.0165
[uncertainty_guided_seed1042] step 370/390 trained 36/36 | hop0: 0.0038 | hop1: 0.0082 | hop2: 0.0158
[uncertainty_guided_seed1042] step 380/390 trained 36/36 | hop0: 0.0061 | hop1: 0.0107 | hop2: 0.0168
[uncertainty_guided_seed1042] mean MSE (last 50 steps): 0.0106 | cert-MSE r=-0.297
[uncertainty_guided_seed1042] saved runs\chapter5_v2\s5_9_routing_matched\uncertainty_guided_seed1042\figures\results.png
### uncertainty_guided seed=1042: last50=0.01065 whole_run=0.02558
[random_seed2042] nodes=36 coverage max=9 mode=nig_product steps=390
[random_seed2042] step 000/390 trained 36/36 | hop0: 0.0980 | hop1: 0.0853 | hop2: 0.0981
[random_seed2042] step 010/390 trained 36/36 | hop0: 0.0873 | hop1: 0.1014 | hop2: 0.0987
[random_seed2042] step 020/390 trained 36/36 | hop0: 0.0686 | hop1: 0.0796 | hop2: 0.0929
[random_seed2042] step 030/390 trained 36/36 | hop0: 0.0654 | hop1: 0.0609 | hop2: 0.0839
[random_seed2042] step 040/390 trained 36/36 | hop0: 0.0428 | hop1: 0.0628 | hop2: 0.0915
[random_seed2042] step 050/390 trained 36/36 | hop0: 0.0446 | hop1: 0.0498 | hop2: 0.0654 | hop3: 0.0921
[random_seed2042] step 060/390 trained 36/36 | hop0: 0.0426 | hop1: 0.0380 | hop2: 0.0730
[random_seed2042] step 070/390 trained 36/36 | hop0: 0.0341 | hop1: 0.0399 | hop2: 0.0644
[random_seed2042] step 080/390 trained 36/36 | hop0: 0.0245 | hop1: 0.0327 | hop2: 0.0587
[random_seed2042] step 090/390 trained 36/36 | hop0: 0.0153 | hop1: 0.0241 | hop2: 0.0523
[random_seed2042] step 100/390 trained 36/36 | hop0: 0.0148 | hop1: 0.0181 | hop2: 0.0287
[random_seed2042] step 110/390 trained 36/36 | hop0: 0.0144 | hop1: 0.0166 | hop2: 0.0219
[random_seed2042] step 120/390 trained 36/36 | hop0: 0.0105 | hop1: 0.0290
[random_seed2042] step 130/390 trained 36/36 | hop0: 0.0083 | hop1: 0.0257 | hop2: 0.1420
[random_seed2042] step 140/390 trained 36/36 | hop0: 0.0094 | hop1: 0.0330 | hop2: 0.1404
[random_seed2042] step 150/390 trained 36/36 | hop0: 0.0052 | hop1: 0.0241 | hop2: 0.0689
[random_seed2042] step 160/390 trained 36/36 | hop0: 0.0053 | hop1: 0.0284 | hop2: 0.0567
[random_seed2042] step 170/390 trained 36/36 | hop0: 0.0044 | hop1: 0.0266 | hop2: 0.0575
[random_seed2042] step 180/390 trained 36/36 | hop0: 0.0094 | hop1: 0.0129 | hop2: 0.0244
[random_seed2042] step 190/390 trained 36/36 | hop0: 0.0102 | hop1: 0.0135 | hop2: 0.0192
[random_seed2042] step 200/390 trained 36/36 | hop0: 0.0062 | hop1: 0.0128
[random_seed2042] step 210/390 trained 36/36 | hop0: 0.0080 | hop1: 0.0104
[random_seed2042] step 220/390 trained 36/36 | hop0: 0.0039 | hop1: 0.0087 | hop2: 0.0272
[random_seed2042] step 230/390 trained 36/36 | hop0: 0.0041 | hop1: 0.0128 | hop2: 0.0317
[random_seed2042] step 240/390 trained 36/36 | hop0: 0.0067 | hop1: 0.0191 | hop2: 0.0411
[random_seed2042] step 250/390 trained 36/36 | hop0: 0.0058 | hop1: 0.0158 | hop2: 0.0401
[random_seed2042] step 260/390 trained 36/36 | hop0: 0.0085 | hop1: 0.0126 | hop2: 0.0290
[random_seed2042] step 270/390 trained 36/36 | hop0: 0.0075 | hop1: 0.0085 | hop2: 0.0228 | hop3: 0.0214
[random_seed2042] step 280/390 trained 36/36 | hop0: 0.0084 | hop1: 0.0147 | hop2: 0.0205
[random_seed2042] step 290/390 trained 36/36 | hop0: 0.0035 | hop1: 0.0211 | hop2: 0.0189
[random_seed2042] step 300/390 trained 36/36 | hop0: 0.0022 | hop1: 0.0053 | hop2: 0.0311 | hop3: 0.0195
[random_seed2042] step 310/390 trained 36/36 | hop0: 0.0017 | hop1: 0.0042 | hop2: 0.0230 | hop3: 0.0194
[random_seed2042] step 320/390 trained 36/36 | hop0: 0.0023 | hop1: 0.0050 | hop2: 0.0149
[random_seed2042] step 330/390 trained 36/36 | hop0: 0.0025 | hop1: 0.0039 | hop2: 0.0067 | hop3: 0.0106
[random_seed2042] step 340/390 trained 36/36 | hop0: 0.0016 | hop1: 0.0027 | hop2: 0.0068 | hop3: 0.0123
[random_seed2042] step 350/390 trained 36/36 | hop0: 0.0017 | hop1: 0.0066 | hop2: 0.0265 | hop3: 0.0476
[random_seed2042] step 360/390 trained 36/36 | hop0: 0.0036 | hop1: 0.0122 | hop2: 0.0695
[random_seed2042] step 370/390 trained 36/36 | hop0: 0.0040 | hop1: 0.0166 | hop2: 0.0940
[random_seed2042] step 380/390 trained 36/36 | hop0: 0.0054 | hop1: 0.0114 | hop2: 0.0354
[random_seed2042] mean MSE (last 50 steps): 0.0183 | cert-MSE r=0.051
[random_seed2042] saved runs\chapter5_v2\s5_9_routing_matched\random_seed2042\figures\results.png
### random seed=2042: last50=0.01829 whole_run=0.02855
[uncertainty_guided_seed2042] nodes=36 coverage max=9 mode=nig_product steps=390
[uncertainty_guided_seed2042] step 000/390 trained 36/36 | hop0: 0.0812 | hop1: 0.0962
[uncertainty_guided_seed2042] step 010/390 trained 36/36 | hop0: 0.0706 | hop1: 0.1089 | hop2: 0.0929
[uncertainty_guided_seed2042] step 020/390 trained 36/36 | hop0: 0.0843 | hop1: 0.0789 | hop2: 0.1047
[uncertainty_guided_seed2042] step 030/390 trained 36/36 | hop0: 0.0797 | hop1: 0.0625 | hop2: 0.0839
[uncertainty_guided_seed2042] step 040/390 trained 36/36 | hop0: 0.0678 | hop1: 0.0635
[uncertainty_guided_seed2042] step 050/390 trained 36/36 | hop0: 0.0483 | hop1: 0.0588 | hop2: 0.0786
[uncertainty_guided_seed2042] step 060/390 trained 36/36 | hop0: 0.0529 | hop1: 0.0403 | hop2: 0.0530
[uncertainty_guided_seed2042] step 070/390 trained 36/36 | hop0: 0.0442 | hop1: 0.0447 | hop2: 0.0557
[uncertainty_guided_seed2042] step 080/390 trained 36/36 | hop0: 0.0280 | hop1: 0.0338 | hop2: 0.0564
[uncertainty_guided_seed2042] step 090/390 trained 36/36 | hop0: 0.0232 | hop1: 0.0272 | hop2: 0.0393
[uncertainty_guided_seed2042] step 100/390 trained 36/36 | hop0: 0.0174 | hop1: 0.0284 | hop2: 0.0678
[uncertainty_guided_seed2042] step 110/390 trained 36/36 | hop0: 0.0203 | hop1: 0.0260
[uncertainty_guided_seed2042] step 120/390 trained 36/36 | hop0: 0.0209 | hop1: 0.0283 | hop2: 0.0227
[uncertainty_guided_seed2042] step 130/390 trained 36/36 | hop0: 0.0162 | hop1: 0.0277 | hop2: 0.0620
[uncertainty_guided_seed2042] step 140/390 trained 36/36 | hop0: 0.0112 | hop1: 0.0245 | hop2: 0.0773
[uncertainty_guided_seed2042] step 150/390 trained 36/36 | hop0: 0.0091 | hop1: 0.0172
[uncertainty_guided_seed2042] step 160/390 trained 36/36 | hop0: 0.0072 | hop1: 0.0101
[uncertainty_guided_seed2042] step 170/390 trained 36/36 | hop0: 0.0054 | hop1: 0.0058
[uncertainty_guided_seed2042] step 180/390 trained 36/36 | hop0: 0.0095 | hop1: 0.0077
[uncertainty_guided_seed2042] step 190/390 trained 36/36 | hop0: 0.0113 | hop1: 0.0120 | hop2: 0.0095
[uncertainty_guided_seed2042] step 200/390 trained 36/36 | hop0: 0.0048 | hop1: 0.0138 | hop2: 0.0139
[uncertainty_guided_seed2042] step 210/390 trained 36/36 | hop0: 0.0042 | hop1: 0.0121 | hop2: 0.0193
[uncertainty_guided_seed2042] step 220/390 trained 36/36 | hop0: 0.0043 | hop1: 0.0088 | hop2: 0.0212
[uncertainty_guided_seed2042] step 230/390 trained 36/36 | hop0: 0.0071 | hop1: 0.0066 | hop2: 0.0162
[uncertainty_guided_seed2042] step 240/390 trained 36/36 | hop0: 0.0105 | hop1: 0.0064
[uncertainty_guided_seed2042] step 250/390 trained 36/36 | hop0: 0.0061 | hop1: 0.0120 | hop2: 0.0200
[uncertainty_guided_seed2042] step 260/390 trained 36/36 | hop0: 0.0067 | hop1: 0.0183
[uncertainty_guided_seed2042] step 270/390 trained 36/36 | hop0: 0.0161 | hop1: 0.0073 | hop2: 0.0140
[uncertainty_guided_seed2042] step 280/390 trained 36/36 | hop0: 0.0047 | hop1: 0.0090
[uncertainty_guided_seed2042] step 290/390 trained 36/36 | hop0: 0.0040 | hop1: 0.0098 | hop2: 0.0117
[uncertainty_guided_seed2042] step 300/390 trained 36/36 | hop0: 0.0113 | hop1: 0.0041
[uncertainty_guided_seed2042] step 310/390 trained 36/36 | hop0: 0.0062 | hop1: 0.0038 | hop2: 0.0016
[uncertainty_guided_seed2042] step 320/390 trained 36/36 | hop0: 0.0021 | hop1: 0.0027 | hop2: 0.0031
[uncertainty_guided_seed2042] step 330/390 trained 36/36 | hop0: 0.0020 | hop1: 0.0017 | hop2: 0.0013
[uncertainty_guided_seed2042] step 340/390 trained 36/36 | hop0: 0.0068 | hop1: 0.0019
[uncertainty_guided_seed2042] step 350/390 trained 36/36 | hop0: 0.0043 | hop1: 0.0066 | hop2: 0.0010
[uncertainty_guided_seed2042] step 360/390 trained 36/36 | hop0: 0.0048 | hop1: 0.0100 | hop2: 0.0036
[uncertainty_guided_seed2042] step 370/390 trained 36/36 | hop0: 0.0052 | hop1: 0.0142 | hop2: 0.0144
[uncertainty_guided_seed2042] step 380/390 trained 36/36 | hop0: 0.0080 | hop1: 0.0271
[uncertainty_guided_seed2042] mean MSE (last 50 steps): 0.0122 | cert-MSE r=-0.350
[uncertainty_guided_seed2042] saved runs\chapter5_v2\s5_9_routing_matched\uncertainty_guided_seed2042\figures\results.png
### uncertainty_guided seed=2042: last50=0.01215 whole_run=0.02483
[random_seed3042] nodes=36 coverage max=9 mode=nig_product steps=390
[random_seed3042] step 000/390 trained 36/36 | hop0: 0.0953 | hop1: 0.0930 | hop2: 0.1606
[random_seed3042] step 010/390 trained 36/36 | hop0: 0.0726 | hop1: 0.1023
[random_seed3042] step 020/390 trained 36/36 | hop0: 0.0751 | hop1: 0.0898
[random_seed3042] step 030/390 trained 36/36 | hop0: 0.0678 | hop1: 0.0834
[random_seed3042] step 040/390 trained 36/36 | hop0: 0.0587 | hop1: 0.0629
[random_seed3042] step 050/390 trained 36/36 | hop0: 0.0412 | hop1: 0.0485 | hop2: 0.0510
[random_seed3042] step 060/390 trained 36/36 | hop0: 0.0444 | hop1: 0.0407 | hop2: 0.0540
[random_seed3042] step 070/390 trained 36/36 | hop0: 0.0276 | hop1: 0.0365 | hop2: 0.0752
[random_seed3042] step 080/390 trained 36/36 | hop0: 0.0180 | hop1: 0.0283 | hop2: 0.0827
[random_seed3042] step 090/390 trained 36/36 | hop0: 0.0138 | hop1: 0.0229 | hop2: 0.0533 | hop3: 0.0659
[random_seed3042] step 100/390 trained 36/36 | hop0: 0.0148 | hop1: 0.0193 | hop2: 0.0350
[random_seed3042] step 110/390 trained 36/36 | hop0: 0.0122 | hop1: 0.0208 | hop2: 0.0282
[random_seed3042] step 120/390 trained 36/36 | hop0: 0.0128 | hop1: 0.0301 | hop2: 0.0244
[random_seed3042] step 130/390 trained 36/36 | hop0: 0.0157 | hop1: 0.0347 | hop2: 0.0555
[random_seed3042] step 140/390 trained 36/36 | hop0: 0.0270 | hop1: 0.0182 | hop2: 0.0098
[random_seed3042] step 150/390 trained 36/36 | hop0: 0.0178 | hop1: 0.0100 | hop2: 0.0040
[random_seed3042] step 160/390 trained 36/36 | hop0: 0.0117 | hop1: 0.0132 | hop2: 0.0071
[random_seed3042] step 170/390 trained 36/36 | hop0: 0.0124 | hop1: 0.0157 | hop2: 0.0125
[random_seed3042] step 180/390 trained 36/36 | hop0: 0.0185 | hop1: 0.0104
[random_seed3042] step 190/390 trained 36/36 | hop0: 0.0166 | hop1: 0.0106
[random_seed3042] step 200/390 trained 36/36 | hop0: 0.0125 | hop1: 0.0108
[random_seed3042] step 210/390 trained 36/36 | hop0: 0.0069 | hop1: 0.0097 | hop2: 0.0037
[random_seed3042] step 220/390 trained 36/36 | hop0: 0.0048 | hop1: 0.0077 | hop2: 0.0039
[random_seed3042] step 230/390 trained 36/36 | hop0: 0.0069 | hop1: 0.0069 | hop2: 0.0035
[random_seed3042] step 240/390 trained 36/36 | hop0: 0.0117 | hop1: 0.0082 | hop2: 0.0305
[random_seed3042] step 250/390 trained 36/36 | hop0: 0.0100 | hop1: 0.0124 | hop2: 0.0606
[random_seed3042] step 260/390 trained 36/36 | hop0: 0.0085 | hop1: 0.0199 | hop2: 0.0701
[random_seed3042] step 270/390 trained 36/36 | hop0: 0.0057 | hop1: 0.0137 | hop2: 0.0343
[random_seed3042] step 280/390 trained 36/36 | hop0: 0.0019 | hop1: 0.0092 | hop2: 0.0195
[random_seed3042] step 290/390 trained 36/36 | hop0: 0.0025 | hop1: 0.0099
[random_seed3042] step 300/390 trained 36/36 | hop0: 0.0031 | hop1: 0.0085 | hop2: 0.0069
[random_seed3042] step 310/390 trained 36/36 | hop0: 0.0019 | hop1: 0.0070 | hop2: 0.0076
[random_seed3042] step 320/390 trained 36/36 | hop0: 0.0012 | hop1: 0.0036 | hop2: 0.0061
[random_seed3042] step 330/390 trained 36/36 | hop0: 0.0014 | hop1: 0.0016
[random_seed3042] step 340/390 trained 36/36 | hop0: 0.0017 | hop1: 0.0027
[random_seed3042] step 350/390 trained 36/36 | hop0: 0.0102 | hop1: 0.0048 | hop2: 0.0074
[random_seed3042] step 360/390 trained 36/36 | hop0: 0.0096 | hop1: 0.0124 | hop2: 0.0125
[random_seed3042] step 370/390 trained 36/36 | hop0: 0.0077 | hop1: 0.0201
[random_seed3042] step 380/390 trained 36/36 | hop0: 0.0067 | hop1: 0.0172 | hop2: 0.0193
[random_seed3042] mean MSE (last 50 steps): 0.0137 | cert-MSE r=-0.255
[random_seed3042] saved runs\chapter5_v2\s5_9_routing_matched\random_seed3042\figures\results.png
### random seed=3042: last50=0.01368 whole_run=0.02443
[uncertainty_guided_seed3042] nodes=36 coverage max=9 mode=nig_product steps=390
[uncertainty_guided_seed3042] step 000/390 trained 36/36 | hop0: 0.0889 | hop1: 0.0990
[uncertainty_guided_seed3042] step 010/390 trained 36/36 | hop0: 0.0816 | hop1: 0.0925
[uncertainty_guided_seed3042] step 020/390 trained 36/36 | hop0: 0.0676 | hop1: 0.0890
[uncertainty_guided_seed3042] step 030/390 trained 36/36 | hop0: 0.0811 | hop1: 0.0730
[uncertainty_guided_seed3042] step 040/390 trained 36/36 | hop0: 0.0609 | hop1: 0.0623
[uncertainty_guided_seed3042] step 050/390 trained 36/36 | hop0: 0.0525 | hop1: 0.0453 | hop2: 0.0612
[uncertainty_guided_seed3042] step 060/390 trained 36/36 | hop0: 0.0441 | hop1: 0.0455 | hop2: 0.0536
[uncertainty_guided_seed3042] step 070/390 trained 36/36 | hop0: 0.0337 | hop1: 0.0402 | hop2: 0.0601
[uncertainty_guided_seed3042] step 080/390 trained 36/36 | hop0: 0.0230 | hop1: 0.0353
[uncertainty_guided_seed3042] step 090/390 trained 36/36 | hop0: 0.0167 | hop1: 0.0304 | hop2: 0.0196
[uncertainty_guided_seed3042] step 100/390 trained 36/36 | hop0: 0.0127 | hop1: 0.0234 | hop2: 0.0222
[uncertainty_guided_seed3042] step 110/390 trained 36/36 | hop0: 0.0171 | hop1: 0.0194 | hop2: 0.0233
[uncertainty_guided_seed3042] step 120/390 trained 36/36 | hop0: 0.0099 | hop1: 0.0220 | hop2: 0.0288
[uncertainty_guided_seed3042] step 130/390 trained 36/36 | hop0: 0.0104 | hop1: 0.0245 | hop2: 0.0320
[uncertainty_guided_seed3042] step 140/390 trained 36/36 | hop0: 0.0055 | hop1: 0.0207 | hop2: 0.0272
[uncertainty_guided_seed3042] step 150/390 trained 36/36 | hop0: 0.0065 | hop1: 0.0193
[uncertainty_guided_seed3042] step 160/390 trained 36/36 | hop0: 0.0058 | hop1: 0.0077 | hop2: 0.0296
[uncertainty_guided_seed3042] step 170/390 trained 36/36 | hop0: 0.0041 | hop1: 0.0054 | hop2: 0.0079
[uncertainty_guided_seed3042] step 180/390 trained 36/36 | hop0: 0.0048 | hop1: 0.0068 | hop2: 0.0048
[uncertainty_guided_seed3042] step 190/390 trained 36/36 | hop0: 0.0079 | hop1: 0.0079 | hop2: 0.0115
[uncertainty_guided_seed3042] step 200/390 trained 36/36 | hop0: 0.0090 | hop1: 0.0083
[uncertainty_guided_seed3042] step 210/390 trained 36/36 | hop0: 0.0094 | hop1: 0.0086
[uncertainty_guided_seed3042] step 220/390 trained 36/36 | hop0: 0.0085 | hop1: 0.0075 | hop2: 0.0049
[uncertainty_guided_seed3042] step 230/390 trained 36/36 | hop0: 0.0072 | hop1: 0.0057 | hop2: 0.0066
[uncertainty_guided_seed3042] step 240/390 trained 36/36 | hop0: 0.0070 | hop1: 0.0061 | hop2: 0.0048
[uncertainty_guided_seed3042] step 250/390 trained 36/36 | hop0: 0.0084 | hop1: 0.0093 | hop2: 0.0077
[uncertainty_guided_seed3042] step 260/390 trained 36/36 | hop0: 0.0083 | hop1: 0.0143
[uncertainty_guided_seed3042] step 270/390 trained 36/36 | hop0: 0.0073 | hop1: 0.0115
[uncertainty_guided_seed3042] step 280/390 trained 36/36 | hop0: 0.0076 | hop1: 0.0099 | hop2: 0.0041
[uncertainty_guided_seed3042] step 290/390 trained 36/36 | hop0: 0.0082 | hop1: 0.0093 | hop2: 0.0055
[uncertainty_guided_seed3042] step 300/390 trained 36/36 | hop0: 0.0051 | hop1: 0.0087
[uncertainty_guided_seed3042] step 310/390 trained 36/36 | hop0: 0.0027 | hop1: 0.0083 | hop2: 0.0089
[uncertainty_guided_seed3042] step 320/390 trained 36/36 | hop0: 0.0020 | hop1: 0.0051
[uncertainty_guided_seed3042] step 330/390 trained 36/36 | hop0: 0.0013 | hop1: 0.0021 | hop2: 0.0028
[uncertainty_guided_seed3042] step 340/390 trained 36/36 | hop0: 0.0049 | hop1: 0.0032 | hop2: 0.0015
[uncertainty_guided_seed3042] step 350/390 trained 36/36 | hop0: 0.0097 | hop1: 0.0074 | hop2: 0.0032
[uncertainty_guided_seed3042] step 360/390 trained 36/36 | hop0: 0.0075 | hop1: 0.0095
[uncertainty_guided_seed3042] step 370/390 trained 36/36 | hop0: 0.0073 | hop1: 0.0089 | hop2: 0.0225
[uncertainty_guided_seed3042] step 380/390 trained 36/36 | hop0: 0.0036 | hop1: 0.0057 | hop2: 0.0150
[uncertainty_guided_seed3042] mean MSE (last 50 steps): 0.0078 | cert-MSE r=-0.013
[uncertainty_guided_seed3042] saved runs\chapter5_v2\s5_9_routing_matched\uncertainty_guided_seed3042\figures\results.png
### uncertainty_guided seed=3042: last50=0.00782 whole_run=0.02226
[random_seed4042] nodes=36 coverage max=9 mode=nig_product steps=390
[random_seed4042] step 000/390 trained 36/36 | hop0: 0.0888 | hop1: 0.0983 | hop2: 0.1188
[random_seed4042] step 010/390 trained 36/36 | hop0: 0.0676 | hop1: 0.0834
[random_seed4042] step 020/390 trained 36/36 | hop0: 0.0619 | hop1: 0.0792 | hop2: 0.1395
[random_seed4042] step 030/390 trained 36/36 | hop0: 0.0625 | hop1: 0.0683 | hop2: 0.0740
[random_seed4042] step 040/390 trained 36/36 | hop0: 0.0490 | hop1: 0.0575 | hop2: 0.0756
[random_seed4042] step 050/390 trained 36/36 | hop0: 0.0376 | hop1: 0.0502 | hop2: 0.0873
[random_seed4042] step 060/390 trained 36/36 | hop0: 0.0328 | hop1: 0.0363 | hop2: 0.0666
[random_seed4042] step 070/390 trained 36/36 | hop0: 0.0264 | hop1: 0.0380 | hop2: 0.0624
[random_seed4042] step 080/390 trained 36/36 | hop0: 0.0246 | hop1: 0.0304 | hop2: 0.0478
[random_seed4042] step 090/390 trained 36/36 | hop0: 0.0145 | hop1: 0.0298 | hop2: 0.0494 | hop3: 0.0669
[random_seed4042] step 100/390 trained 36/36 | hop0: 0.0177 | hop1: 0.0216 | hop2: 0.0370 | hop3: 0.0543
[random_seed4042] step 110/390 trained 36/36 | hop0: 0.0182 | hop1: 0.0287 | hop2: 0.0830
[random_seed4042] step 120/390 trained 36/36 | hop0: 0.0297 | hop1: 0.0265 | hop2: 0.0572
[random_seed4042] step 130/390 trained 36/36 | hop0: 0.0385 | hop1: 0.0278
[random_seed4042] step 140/390 trained 36/36 | hop0: 0.0281 | hop1: 0.0151 | hop2: 0.0179
[random_seed4042] step 150/390 trained 36/36 | hop0: 0.0239 | hop1: 0.0117 | hop2: 0.0161
[random_seed4042] step 160/390 trained 36/36 | hop0: 0.0097 | hop1: 0.0140 | hop2: 0.0233
[random_seed4042] step 170/390 trained 36/36 | hop0: 0.0062 | hop1: 0.0157 | hop2: 0.0257
[random_seed4042] step 180/390 trained 36/36 | hop0: 0.0075 | hop1: 0.0182 | hop2: 0.0251
[random_seed4042] step 190/390 trained 36/36 | hop0: 0.0076 | hop1: 0.0120 | hop2: 0.0220
[random_seed4042] step 200/390 trained 36/36 | hop0: 0.0054 | hop1: 0.0101 | hop2: 0.0155
[random_seed4042] step 210/390 trained 36/36 | hop0: 0.0045 | hop1: 0.0073 | hop2: 0.0071
[random_seed4042] step 220/390 trained 36/36 | hop0: 0.0036 | hop1: 0.0060 | hop2: 0.0208
[random_seed4042] step 230/390 trained 36/36 | hop0: 0.0039 | hop1: 0.0107
[random_seed4042] step 240/390 trained 36/36 | hop0: 0.0058 | hop1: 0.0146
[random_seed4042] step 250/390 trained 36/36 | hop0: 0.0047 | hop1: 0.0146 | hop2: 0.0155
[random_seed4042] step 260/390 trained 36/36 | hop0: 0.0081 | hop1: 0.0134 | hop2: 0.0072
[random_seed4042] step 270/390 trained 36/36 | hop0: 0.0043 | hop1: 0.0066 | hop2: 0.0027
[random_seed4042] step 280/390 trained 36/36 | hop0: 0.0038 | hop1: 0.0065 | hop2: 0.0086
[random_seed4042] step 290/390 trained 36/36 | hop0: 0.0036 | hop1: 0.0067 | hop2: 0.0186
[random_seed4042] step 300/390 trained 36/36 | hop0: 0.0034 | hop1: 0.0086 | hop2: 0.0118
[random_seed4042] step 310/390 trained 36/36 | hop0: 0.0016 | hop1: 0.0041 | hop2: 0.0092
[random_seed4042] step 320/390 trained 36/36 | hop0: 0.0009 | hop1: 0.0045 | hop2: 0.0054
[random_seed4042] step 330/390 trained 36/36 | hop0: 0.0007 | hop1: 0.0023 | hop2: 0.0006
[random_seed4042] step 340/390 trained 36/36 | hop0: 0.0058 | hop1: 0.0025 | hop2: 0.0017
[random_seed4042] step 350/390 trained 36/36 | hop0: 0.0128 | hop1: 0.0051 | hop2: 0.0043
[random_seed4042] step 360/390 trained 36/36 | hop0: 0.0112 | hop1: 0.0088
[random_seed4042] step 370/390 trained 36/36 | hop0: 0.0058 | hop1: 0.0159 | hop2: 0.0343
[random_seed4042] step 380/390 trained 36/36 | hop0: 0.0046 | hop1: 0.0160 | hop2: 0.0669
[random_seed4042] mean MSE (last 50 steps): 0.0135 | cert-MSE r=-0.182
[random_seed4042] saved runs\chapter5_v2\s5_9_routing_matched\random_seed4042\figures\results.png
### random seed=4042: last50=0.01349 whole_run=0.02535
[uncertainty_guided_seed4042] nodes=36 coverage max=9 mode=nig_product steps=390
[uncertainty_guided_seed4042] step 000/390 trained 36/36 | hop0: 0.0972 | hop1: 0.0879 | hop2: 0.1458
[uncertainty_guided_seed4042] step 010/390 trained 36/36 | hop0: 0.0765 | hop1: 0.0829 | hop2: 0.0856
[uncertainty_guided_seed4042] step 020/390 trained 36/36 | hop0: 0.0601 | hop1: 0.0840
[uncertainty_guided_seed4042] step 030/390 trained 36/36 | hop0: 0.0683 | hop1: 0.0695
[uncertainty_guided_seed4042] step 040/390 trained 36/36 | hop0: 0.0553 | hop1: 0.0617
[uncertainty_guided_seed4042] step 050/390 trained 36/36 | hop0: 0.0411 | hop1: 0.0527
[uncertainty_guided_seed4042] step 060/390 trained 36/36 | hop0: 0.0391 | hop1: 0.0410 | hop2: 0.0513
[uncertainty_guided_seed4042] step 070/390 trained 36/36 | hop0: 0.0316 | hop1: 0.0394 | hop2: 0.0572
[uncertainty_guided_seed4042] step 080/390 trained 36/36 | hop0: 0.0278 | hop1: 0.0337 | hop2: 0.0504
[uncertainty_guided_seed4042] step 090/390 trained 36/36 | hop0: 0.0233 | hop1: 0.0287 | hop2: 0.0569
[uncertainty_guided_seed4042] step 100/390 trained 36/36 | hop0: 0.0201 | hop1: 0.0221
[uncertainty_guided_seed4042] step 110/390 trained 36/36 | hop0: 0.0254 | hop1: 0.0221 | hop2: 0.0328
[uncertainty_guided_seed4042] step 120/390 trained 36/36 | hop0: 0.0133 | hop1: 0.0239
[uncertainty_guided_seed4042] step 130/390 trained 36/36 | hop0: 0.0135 | hop1: 0.0302
[uncertainty_guided_seed4042] step 140/390 trained 36/36 | hop0: 0.0222 | hop1: 0.0276 | hop2: 0.0143
[uncertainty_guided_seed4042] step 150/390 trained 36/36 | hop0: 0.0274 | hop1: 0.0152
[uncertainty_guided_seed4042] step 160/390 trained 36/36 | hop0: 0.0102 | hop1: 0.0108 | hop2: 0.0182
[uncertainty_guided_seed4042] step 170/390 trained 36/36 | hop0: 0.0087 | hop1: 0.0109 | hop2: 0.0142
[uncertainty_guided_seed4042] step 180/390 trained 36/36 | hop0: 0.0101 | hop1: 0.0138 | hop2: 0.0219
[uncertainty_guided_seed4042] step 190/390 trained 36/36 | hop0: 0.0186 | hop1: 0.0095
[uncertainty_guided_seed4042] step 200/390 trained 36/36 | hop0: 0.0108 | hop1: 0.0068 | hop2: 0.0019
[uncertainty_guided_seed4042] step 210/390 trained 36/36 | hop0: 0.0069 | hop1: 0.0054 | hop2: 0.0031
[uncertainty_guided_seed4042] step 220/390 trained 36/36 | hop0: 0.0044 | hop1: 0.0070 | hop2: 0.0055
[uncertainty_guided_seed4042] step 230/390 trained 36/36 | hop0: 0.0046 | hop1: 0.0076
[uncertainty_guided_seed4042] step 240/390 trained 36/36 | hop0: 0.0069 | hop1: 0.0073
[uncertainty_guided_seed4042] step 250/390 trained 36/36 | hop0: 0.0077 | hop1: 0.0085 | hop2: 0.0088
[uncertainty_guided_seed4042] step 260/390 trained 36/36 | hop0: 0.0105 | hop1: 0.0079 | hop2: 0.0118
[uncertainty_guided_seed4042] step 270/390 trained 36/36 | hop0: 0.0044 | hop1: 0.0071 | hop2: 0.0166
[uncertainty_guided_seed4042] step 280/390 trained 36/36 | hop0: 0.0058 | hop1: 0.0117
[uncertainty_guided_seed4042] step 290/390 trained 36/36 | hop0: 0.0101 | hop1: 0.0192 | hop2: 0.0047
[uncertainty_guided_seed4042] step 300/390 trained 36/36 | hop0: 0.0243 | hop1: 0.0136 | hop2: 0.0102
[uncertainty_guided_seed4042] step 310/390 trained 36/36 | hop0: 0.0081 | hop1: 0.0113 | hop2: 0.0074
[uncertainty_guided_seed4042] step 320/390 trained 36/36 | hop0: 0.0055 | hop1: 0.0063
[uncertainty_guided_seed4042] step 330/390 trained 36/36 | hop0: 0.0043 | hop1: 0.0027 | hop2: 0.0090
[uncertainty_guided_seed4042] step 340/390 trained 36/36 | hop0: 0.0028 | hop1: 0.0052 | hop2: 0.0080
[uncertainty_guided_seed4042] step 350/390 trained 36/36 | hop0: 0.0066 | hop1: 0.0086 | hop2: 0.0095
[uncertainty_guided_seed4042] step 360/390 trained 36/36 | hop0: 0.0074 | hop1: 0.0143 | hop2: 0.0228
[uncertainty_guided_seed4042] step 370/390 trained 36/36 | hop0: 0.0058 | hop1: 0.0180
[uncertainty_guided_seed4042] step 380/390 trained 36/36 | hop0: 0.0074 | hop1: 0.0106 | hop2: 0.0073
[uncertainty_guided_seed4042] mean MSE (last 50 steps): 0.0117 | cert-MSE r=-0.706
[uncertainty_guided_seed4042] saved runs\chapter5_v2\s5_9_routing_matched\uncertainty_guided_seed4042\figures\results.png
### uncertainty_guided seed=4042: last50=0.01174 whole_run=0.02415

=== MATCHED ROUTING (dynamic offset world, 36 nodes stride 3, lam=5, lr=3e-5, 5 seeds) ===
random               whole_run 0.02545 +/- 0.00188   last50 0.01524 +/- 0.00279
uncertainty_guided   whole_run 0.02387 +/- 0.00145   last50 0.01067 +/- 0.00170
=== DONE ===
